
> supertool@0.1.0 test /Users/ferryhinardi/Project/supertool
> vitest run


[1m[46m RUN [49m[22m [36mv4.0.13 [39m[90m/Users/ferryhinardi/Project/supertool[39m

 [31m❯[39m components/providers/__tests__/AuthProvider.test.tsx [2m([22m[2m3 tests[22m[2m | [22m[31m3 failed[39m[2m)[22m[33m 2475[2mms[22m[39m
[31m     [31m×[31m renders children correctly[39m[32m 13[2mms[22m[39m
[31m     [31m×[31m passes through multiple children[39m[32m 2[2mms[22m[39m
[31m     [31m×[31m renders without crashing when no children[39m[32m 1[2mms[22m[39m
[90mstderr[2m | app/tools/development/ip-lookup/__tests__/page.test.tsx[2m > [22m[2mIPLookupPage[2m > [22m[2mComponent Rendering[2m > [22m[2mrenders the page title
[22m[39mAn update to IPLookupPage inside a test was not wrapped in act(...).

When testing, code that causes React state updates should be wrapped into act(...):

act(() => {
  /* fire events that update state */
});
/* assert on the output */

This ensures that you're testing the behavior the user would see in the browser. Learn more at https://react.dev/link/wrap-tests-with-act
An update to IPLookupPage inside a test was not wrapped in act(...).

When testing, code that causes React state updates should be wrapped into act(...):

act(() => {
  /* fire events that update state */
});
/* assert on the output */

This ensures that you're testing the behavior the user would see in the browser. Learn more at https://react.dev/link/wrap-tests-with-act

[90mstderr[2m | app/tools/development/ip-lookup/__tests__/page.test.tsx[2m > [22m[2mIPLookupPage[2m > [22m[2mComponent Rendering[2m > [22m[2mrenders the page title
[22m[39mAn update to IPLookupPage inside a test was not wrapped in act(...).

When testing, code that causes React state updates should be wrapped into act(...):

act(() => {
  /* fire events that update state */
});
/* assert on the output */

This ensures that you're testing the behavior the user would see in the browser. Learn more at https://react.dev/link/wrap-tests-with-act
An update to IPLookupPage inside a test was not wrapped in act(...).

When testing, code that causes React state updates should be wrapped into act(...):

act(() => {
  /* fire events that update state */
});
/* assert on the output */

This ensures that you're testing the behavior the user would see in the browser. Learn more at https://react.dev/link/wrap-tests-with-act

[90mstderr[2m | app/tools/development/ip-lookup/__tests__/page.test.tsx[2m > [22m[2mIPLookupPage[2m > [22m[2mComponent Rendering[2m > [22m[2mrenders the page title
[22m[39mAn update to IPLookupPage inside a test was not wrapped in act(...).

When testing, code that causes React state updates should be wrapped into act(...):

act(() => {
  /* fire events that update state */
});
/* assert on the output */

This ensures that you're testing the behavior the user would see in the browser. Learn more at https://react.dev/link/wrap-tests-with-act

[90mstderr[2m | app/tools/development/ip-lookup/__tests__/page.test.tsx[2m > [22m[2mIPLookupPage[2m > [22m[2mComponent Rendering[2m > [22m[2mrenders the page description
[22m[39mAn update to IPLookupPage inside a test was not wrapped in act(...).

When testing, code that causes React state updates should be wrapped into act(...):

act(() => {
  /* fire events that update state */
});
/* assert on the output */

This ensures that you're testing the behavior the user would see in the browser. Learn more at https://react.dev/link/wrap-tests-with-act
An update to IPLookupPage inside a test was not wrapped in act(...).

When testing, code that causes React state updates should be wrapped into act(...):

act(() => {
  /* fire events that update state */
});
/* assert on the output */

This ensures that you're testing the behavior the user would see in the browser. Learn more at https://react.dev/link/wrap-tests-with-act

[90mstderr[2m | app/tools/data/json-schema/__tests__/page.test.tsx[2m > [22m[2mJSON Schema Generator Page[2m > [22m[2mPage Rendering[2m > [22m[2mshould render the page without crashing
[22m[39mFailed to add recent tool: TypeError: indexedDB.open is not a function
    at openDB [90m(file:///Users/ferryhinardi/Project/supertool/[39mnode_modules/[4m.pnpm[24m/idb@8.0.3/node_modules/[4midb[24m/build/index.js:168:31[90m)[39m
    at getDB [90m(/Users/ferryhinardi/Project/supertool/[39mlib/services/recent-tools.ts:35:22[90m)[39m
    at addRecentTool [90m(/Users/ferryhinardi/Project/supertool/[39mlib/services/recent-tools.ts:53:22[90m)[39m
    at [90m/Users/ferryhinardi/Project/supertool/[39mhooks/tools/useRecentTools.ts:69:7
    at Object.react_stack_bottom_frame [90m(/Users/ferryhinardi/Project/supertool/[39mnode_modules/[4m.pnpm[24m/react-dom@19.2.0_react@19.2.0/node_modules/[4mreact-dom[24m/cjs/react-dom-client.development.js:25989:20[90m)[39m
    at runWithFiberInDEV [90m(/Users/ferryhinardi/Project/supertool/[39mnode_modules/[4m.pnpm[24m/react-dom@19.2.0_react@19.2.0/node_modules/[4mreact-dom[24m/cjs/react-dom-client.development.js:874:13[90m)[39m
    at commitHookEffectListMount [90m(/Users/ferryhinardi/Project/supertool/[39mnode_modules/[4m.pnpm[24m/react-dom@19.2.0_react@19.2.0/node_modules/[4mreact-dom[24m/cjs/react-dom-client.development.js:13249:29[90m)[39m
    at commitHookPassiveMountEffects [90m(/Users/ferryhinardi/Project/supertool/[39mnode_modules/[4m.pnpm[24m/react-dom@19.2.0_react@19.2.0/node_modules/[4mreact-dom[24m/cjs/react-dom-client.development.js:13336:11[90m)[39m
    at reconnectPassiveEffects [90m(/Users/ferryhinardi/Project/supertool/[39mnode_modules/[4m.pnpm[24m/react-dom@19.2.0_react@19.2.0/node_modules/[4mreact-dom[24m/cjs/react-dom-client.development.js:15832:11[90m)[39m
    at recursivelyTraverseReconnectPassiveEffects [90m(/Users/ferryhinardi/Project/supertool/[39mnode_modules/[4m.pnpm[24m/react-dom@19.2.0_react@19.2.0/node_modules/[4mreact-dom[24m/cjs/react-dom-client.development.js:15784:9[90m)[39m

[90mstderr[2m | app/tools/data/json-schema/__tests__/page.test.tsx[2m > [22m[2mJSON Schema Generator Page[2m > [22m[2mPage Rendering[2m > [22m[2mshould render main heading
[22m[39mFailed to add recent tool: TypeError: indexedDB.open is not a function
    at openDB [90m(file:///Users/ferryhinardi/Project/supertool/[39mnode_modules/[4m.pnpm[24m/idb@8.0.3/node_modules/[4midb[24m/build/index.js:168:31[90m)[39m
    at getDB [90m(/Users/ferryhinardi/Project/supertool/[39mlib/services/recent-tools.ts:35:22[90m)[39m
    at addRecentTool [90m(/Users/ferryhinardi/Project/supertool/[39mlib/services/recent-tools.ts:53:22[90m)[39m
    at [90m/Users/ferryhinardi/Project/supertool/[39mhooks/tools/useRecentTools.ts:69:7
    at Object.react_stack_bottom_frame [90m(/Users/ferryhinardi/Project/supertool/[39mnode_modules/[4m.pnpm[24m/react-dom@19.2.0_react@19.2.0/node_modules/[4mreact-dom[24m/cjs/react-dom-client.development.js:25989:20[90m)[39m
    at runWithFiberInDEV [90m(/Users/ferryhinardi/Project/supertool/[39mnode_modules/[4m.pnpm[24m/react-dom@19.2.0_react@19.2.0/node_modules/[4mreact-dom[24m/cjs/react-dom-client.development.js:874:13[90m)[39m
    at commitHookEffectListMount [90m(/Users/ferryhinardi/Project/supertool/[39mnode_modules/[4m.pnpm[24m/react-dom@19.2.0_react@19.2.0/node_modules/[4mreact-dom[24m/cjs/react-dom-client.development.js:13249:29[90m)[39m
    at commitHookPassiveMountEffects [90m(/Users/ferryhinardi/Project/supertool/[39mnode_modules/[4m.pnpm[24m/react-dom@19.2.0_react@19.2.0/node_modules/[4mreact-dom[24m/cjs/react-dom-client.development.js:13336:11[90m)[39m
    at reconnectPassiveEffects [90m(/Users/ferryhinardi/Project/supertool/[39mnode_modules/[4m.pnpm[24m/react-dom@19.2.0_react@19.2.0/node_modules/[4mreact-dom[24m/cjs/react-dom-client.development.js:15832:11[90m)[39m
    at recursivelyTraverseReconnectPassiveEffects [90m(/Users/ferryhinardi/Project/supertool/[39mnode_modules/[4m.pnpm[24m/react-dom@19.2.0_react@19.2.0/node_modules/[4mreact-dom[24m/cjs/react-dom-client.development.js:15784:9[90m)[39m

[90mstderr[2m | app/tools/data/json-schema/__tests__/page.test.tsx[2m > [22m[2mJSON Schema Generator Page[2m > [22m[2mPage Rendering[2m > [22m[2mshould render description text
[22m[39mFailed to add recent tool: TypeError: indexedDB.open is not a function
    at openDB [90m(file:///Users/ferryhinardi/Project/supertool/[39mnode_modules/[4m.pnpm[24m/idb@8.0.3/node_modules/[4midb[24m/build/index.js:168:31[90m)[39m
    at getDB [90m(/Users/ferryhinardi/Project/supertool/[39mlib/services/recent-tools.ts:35:22[90m)[39m
    at addRecentTool [90m(/Users/ferryhinardi/Project/supertool/[39mlib/services/recent-tools.ts:53:22[90m)[39m
    at [90m/Users/ferryhinardi/Project/supertool/[39mhooks/tools/useRecentTools.ts:69:7
    at Object.react_stack_bottom_frame [90m(/Users/ferryhinardi/Project/supertool/[39mnode_modules/[4m.pnpm[24m/react-dom@19.2.0_react@19.2.0/node_modules/[4mreact-dom[24m/cjs/react-dom-client.development.js:25989:20[90m)[39m
    at runWithFiberInDEV [90m(/Users/ferryhinardi/Project/supertool/[39mnode_modules/[4m.pnpm[24m/react-dom@19.2.0_react@19.2.0/node_modules/[4mreact-dom[24m/cjs/react-dom-client.development.js:874:13[90m)[39m
    at commitHookEffectListMount [90m(/Users/ferryhinardi/Project/supertool/[39mnode_modules/[4m.pnpm[24m/react-dom@19.2.0_react@19.2.0/node_modules/[4mreact-dom[24m/cjs/react-dom-client.development.js:13249:29[90m)[39m
    at commitHookPassiveMountEffects [90m(/Users/ferryhinardi/Project/supertool/[39mnode_modules/[4m.pnpm[24m/react-dom@19.2.0_react@19.2.0/node_modules/[4mreact-dom[24m/cjs/react-dom-client.development.js:13336:11[90m)[39m
    at reconnectPassiveEffects [90m(/Users/ferryhinardi/Project/supertool/[39mnode_modules/[4m.pnpm[24m/react-dom@19.2.0_react@19.2.0/node_modules/[4mreact-dom[24m/cjs/react-dom-client.development.js:15832:11[90m)[39m
    at recursivelyTraverseReconnectPassiveEffects [90m(/Users/ferryhinardi/Project/supertool/[39mnode_modules/[4m.pnpm[24m/react-dom@19.2.0_react@19.2.0/node_modules/[4mreact-dom[24m/cjs/react-dom-client.development.js:15784:9[90m)[39m

[90mstderr[2m | app/tools/data/json-schema/__tests__/page.test.tsx[2m > [22m[2mJSON Schema Generator Page[2m > [22m[2mPage Rendering[2m > [22m[2mshould track page open event
[22m[39mFailed to add recent tool: TypeError: indexedDB.open is not a function
    at openDB [90m(file:///Users/ferryhinardi/Project/supertool/[39mnode_modules/[4m.pnpm[24m/idb@8.0.3/node_modules/[4midb[24m/build/index.js:168:31[90m)[39m
    at getDB [90m(/Users/ferryhinardi/Project/supertool/[39mlib/services/recent-tools.ts:35:22[90m)[39m
    at addRecentTool [90m(/Users/ferryhinardi/Project/supertool/[39mlib/services/recent-tools.ts:53:22[90m)[39m
    at [90m/Users/ferryhinardi/Project/supertool/[39mhooks/tools/useRecentTools.ts:69:7
    at Object.react_stack_bottom_frame [90m(/Users/ferryhinardi/Project/supertool/[39mnode_modules/[4m.pnpm[24m/react-dom@19.2.0_react@19.2.0/node_modules/[4mreact-dom[24m/cjs/react-dom-client.development.js:25989:20[90m)[39m
    at runWithFiberInDEV [90m(/Users/ferryhinardi/Project/supertool/[39mnode_modules/[4m.pnpm[24m/react-dom@19.2.0_react@19.2.0/node_modules/[4mreact-dom[24m/cjs/react-dom-client.development.js:874:13[90m)[39m
    at commitHookEffectListMount [90m(/Users/ferryhinardi/Project/supertool/[39mnode_modules/[4m.pnpm[24m/react-dom@19.2.0_react@19.2.0/node_modules/[4mreact-dom[24m/cjs/react-dom-client.development.js:13249:29[90m)[39m
    at commitHookPassiveMountEffects [90m(/Users/ferryhinardi/Project/supertool/[39mnode_modules/[4m.pnpm[24m/react-dom@19.2.0_react@19.2.0/node_modules/[4mreact-dom[24m/cjs/react-dom-client.development.js:13336:11[90m)[39m
    at reconnectPassiveEffects [90m(/Users/ferryhinardi/Project/supertool/[39mnode_modules/[4m.pnpm[24m/react-dom@19.2.0_react@19.2.0/node_modules/[4mreact-dom[24m/cjs/react-dom-client.development.js:15832:11[90m)[39m
    at recursivelyTraverseReconnectPassiveEffects [90m(/Users/ferryhinardi/Project/supertool/[39mnode_modules/[4m.pnpm[24m/react-dom@19.2.0_react@19.2.0/node_modules/[4mreact-dom[24m/cjs/react-dom-client.development.js:15784:9[90m)[39m

[90mstderr[2m | app/tools/data/json-schema/__tests__/page.test.tsx[2m > [22m[2mJSON Schema Generator Page[2m > [22m[2mInput Area[2m > [22m[2mshould render JSON input textarea
[22m[39mFailed to add recent tool: TypeError: indexedDB.open is not a function
    at openDB [90m(file:///Users/ferryhinardi/Project/supertool/[39mnode_modules/[4m.pnpm[24m/idb@8.0.3/node_modules/[4midb[24m/build/index.js:168:31[90m)[39m
    at getDB [90m(/Users/ferryhinardi/Project/supertool/[39mlib/services/recent-tools.ts:35:22[90m)[39m
    at addRecentTool [90m(/Users/ferryhinardi/Project/supertool/[39mlib/services/recent-tools.ts:53:22[90m)[39m
    at [90m/Users/ferryhinardi/Project/supertool/[39mhooks/tools/useRecentTools.ts:69:7
    at Object.react_stack_bottom_frame [90m(/Users/ferryhinardi/Project/supertool/[39mnode_modules/[4m.pnpm[24m/react-dom@19.2.0_react@19.2.0/node_modules/[4mreact-dom[24m/cjs/react-dom-client.development.js:25989:20[90m)[39m
    at runWithFiberInDEV [90m(/Users/ferryhinardi/Project/supertool/[39mnode_modules/[4m.pnpm[24m/react-dom@19.2.0_react@19.2.0/node_modules/[4mreact-dom[24m/cjs/react-dom-client.development.js:874:13[90m)[39m
    at commitHookEffectListMount [90m(/Users/ferryhinardi/Project/supertool/[39mnode_modules/[4m.pnpm[24m/react-dom@19.2.0_react@19.2.0/node_modules/[4mreact-dom[24m/cjs/react-dom-client.development.js:13249:29[90m)[39m
    at commitHookPassiveMountEffects [90m(/Users/ferryhinardi/Project/supertool/[39mnode_modules/[4m.pnpm[24m/react-dom@19.2.0_react@19.2.0/node_modules/[4mreact-dom[24m/cjs/react-dom-client.development.js:13336:11[90m)[39m
    at reconnectPassiveEffects [90m(/Users/ferryhinardi/Project/supertool/[39mnode_modules/[4m.pnpm[24m/react-dom@19.2.0_react@19.2.0/node_modules/[4mreact-dom[24m/cjs/react-dom-client.development.js:15832:11[90m)[39m
    at recursivelyTraverseReconnectPassiveEffects [90m(/Users/ferryhinardi/Project/supertool/[39mnode_modules/[4m.pnpm[24m/react-dom@19.2.0_react@19.2.0/node_modules/[4mreact-dom[24m/cjs/react-dom-client.development.js:15784:9[90m)[39m

[90mstderr[2m | app/tools/data/json-schema/__tests__/page.test.tsx[2m > [22m[2mJSON Schema Generator Page[2m > [22m[2mInput Area[2m > [22m[2mshould have placeholder text
[22m[39mFailed to add recent tool: TypeError: indexedDB.open is not a function
    at openDB [90m(file:///Users/ferryhinardi/Project/supertool/[39mnode_modules/[4m.pnpm[24m/idb@8.0.3/node_modules/[4midb[24m/build/index.js:168:31[90m)[39m
    at getDB [90m(/Users/ferryhinardi/Project/supertool/[39mlib/services/recent-tools.ts:35:22[90m)[39m
    at addRecentTool [90m(/Users/ferryhinardi/Project/supertool/[39mlib/services/recent-tools.ts:53:22[90m)[39m
    at [90m/Users/ferryhinardi/Project/supertool/[39mhooks/tools/useRecentTools.ts:69:7
    at Object.react_stack_bottom_frame [90m(/Users/ferryhinardi/Project/supertool/[39mnode_modules/[4m.pnpm[24m/react-dom@19.2.0_react@19.2.0/node_modules/[4mreact-dom[24m/cjs/react-dom-client.development.js:25989:20[90m)[39m
    at runWithFiberInDEV [90m(/Users/ferryhinardi/Project/supertool/[39mnode_modules/[4m.pnpm[24m/react-dom@19.2.0_react@19.2.0/node_modules/[4mreact-dom[24m/cjs/react-dom-client.development.js:874:13[90m)[39m
    at commitHookEffectListMount [90m(/Users/ferryhinardi/Project/supertool/[39mnode_modules/[4m.pnpm[24m/react-dom@19.2.0_react@19.2.0/node_modules/[4mreact-dom[24m/cjs/react-dom-client.development.js:13249:29[90m)[39m
    at commitHookPassiveMountEffects [90m(/Users/ferryhinardi/Project/supertool/[39mnode_modules/[4m.pnpm[24m/react-dom@19.2.0_react@19.2.0/node_modules/[4mreact-dom[24m/cjs/react-dom-client.development.js:13336:11[90m)[39m
    at reconnectPassiveEffects [90m(/Users/ferryhinardi/Project/supertool/[39mnode_modules/[4m.pnpm[24m/react-dom@19.2.0_react@19.2.0/node_modules/[4mreact-dom[24m/cjs/react-dom-client.development.js:15832:11[90m)[39m
    at recursivelyTraverseReconnectPassiveEffects [90m(/Users/ferryhinardi/Project/supertool/[39mnode_modules/[4m.pnpm[24m/react-dom@19.2.0_react@19.2.0/node_modules/[4mreact-dom[24m/cjs/react-dom-client.development.js:15784:9[90m)[39m

[90mstderr[2m | app/tools/development/ip-lookup/__tests__/page.test.tsx[2m > [22m[2mIPLookupPage[2m > [22m[2mComponent Rendering[2m > [22m[2mrenders the page description
[22m[39mAn update to IPLookupPage inside a test was not wrapped in act(...).

When testing, code that causes React state updates should be wrapped into act(...):

act(() => {
  /* fire events that update state */
});
/* assert on the output */

This ensures that you're testing the behavior the user would see in the browser. Learn more at https://react.dev/link/wrap-tests-with-act
An update to IPLookupPage inside a test was not wrapped in act(...).

When testing, code that causes React state updates should be wrapped into act(...):

act(() => {
  /* fire events that update state */
});
/* assert on the output */

This ensures that you're testing the behavior the user would see in the browser. Learn more at https://react.dev/link/wrap-tests-with-act

[90mstderr[2m | app/tools/development/ip-lookup/__tests__/page.test.tsx[2m > [22m[2mIPLookupPage[2m > [22m[2mComponent Rendering[2m > [22m[2mrenders the page description
[22m[39mAn update to IPLookupPage inside a test was not wrapped in act(...).

When testing, code that causes React state updates should be wrapped into act(...):

act(() => {
  /* fire events that update state */
});
/* assert on the output */

This ensures that you're testing the behavior the user would see in the browser. Learn more at https://react.dev/link/wrap-tests-with-act

[90mstderr[2m | app/tools/development/ip-lookup/__tests__/page.test.tsx[2m > [22m[2mIPLookupPage[2m > [22m[2mComponent Rendering[2m > [22m[2mrenders the lookup button
[22m[39mAn update to IPLookupPage inside a test was not wrapped in act(...).

When testing, code that causes React state updates should be wrapped into act(...):

act(() => {
  /* fire events that update state */
});
/* assert on the output */

This ensures that you're testing the behavior the user would see in the browser. Learn more at https://react.dev/link/wrap-tests-with-act
An update to IPLookupPage inside a test was not wrapped in act(...).

When testing, code that causes React state updates should be wrapped into act(...):

act(() => {
  /* fire events that update state */
});
/* assert on the output */

This ensures that you're testing the behavior the user would see in the browser. Learn more at https://react.dev/link/wrap-tests-with-act

[90mstderr[2m | app/tools/development/ip-lookup/__tests__/page.test.tsx[2m > [22m[2mIPLookupPage[2m > [22m[2mComponent Rendering[2m > [22m[2mrenders the lookup button
[22m[39mAn update to IPLookupPage inside a test was not wrapped in act(...).

When testing, code that causes React state updates should be wrapped into act(...):

act(() => {
  /* fire events that update state */
});
/* assert on the output */

This ensures that you're testing the behavior the user would see in the browser. Learn more at https://react.dev/link/wrap-tests-with-act
An update to IPLookupPage inside a test was not wrapped in act(...).

When testing, code that causes React state updates should be wrapped into act(...):

act(() => {
  /* fire events that update state */
});
/* assert on the output */

This ensures that you're testing the behavior the user would see in the browser. Learn more at https://react.dev/link/wrap-tests-with-act

[90mstderr[2m | app/tools/development/ip-lookup/__tests__/page.test.tsx[2m > [22m[2mIPLookupPage[2m > [22m[2mComponent Rendering[2m > [22m[2mrenders the lookup button
[22m[39mAn update to IPLookupPage inside a test was not wrapped in act(...).

When testing, code that causes React state updates should be wrapped into act(...):

act(() => {
  /* fire events that update state */
});
/* assert on the output */

This ensures that you're testing the behavior the user would see in the browser. Learn more at https://react.dev/link/wrap-tests-with-act

[90mstderr[2m | app/tools/development/ip-lookup/__tests__/page.test.tsx[2m > [22m[2mIPLookupPage[2m > [22m[2mComponent Rendering[2m > [22m[2mrenders the my ip button
[22m[39mAn update to IPLookupPage inside a test was not wrapped in act(...).

When testing, code that causes React state updates should be wrapped into act(...):

act(() => {
  /* fire events that update state */
});
/* assert on the output */

This ensures that you're testing the behavior the user would see in the browser. Learn more at https://react.dev/link/wrap-tests-with-act
An update to IPLookupPage inside a test was not wrapped in act(...).

When testing, code that causes React state updates should be wrapped into act(...):

act(() => {
  /* fire events that update state */
});
/* assert on the output */

This ensures that you're testing the behavior the user would see in the browser. Learn more at https://react.dev/link/wrap-tests-with-act

[90mstderr[2m | app/tools/development/ip-lookup/__tests__/page.test.tsx[2m > [22m[2mIPLookupPage[2m > [22m[2mComponent Rendering[2m > [22m[2mrenders the my ip button
[22m[39mAn update to IPLookupPage inside a test was not wrapped in act(...).

When testing, code that causes React state updates should be wrapped into act(...):

act(() => {
  /* fire events that update state */
});
/* assert on the output */

This ensures that you're testing the behavior the user would see in the browser. Learn more at https://react.dev/link/wrap-tests-with-act
An update to IPLookupPage inside a test was not wrapped in act(...).

When testing, code that causes React state updates should be wrapped into act(...):

act(() => {
  /* fire events that update state */
});
/* assert on the output */

This ensures that you're testing the behavior the user would see in the browser. Learn more at https://react.dev/link/wrap-tests-with-act

[90mstderr[2m | app/tools/development/ip-lookup/__tests__/page.test.tsx[2m > [22m[2mIPLookupPage[2m > [22m[2mComponent Rendering[2m > [22m[2mrenders the my ip button
[22m[39mAn update to IPLookupPage inside a test was not wrapped in act(...).

When testing, code that causes React state updates should be wrapped into act(...):

act(() => {
  /* fire events that update state */
});
/* assert on the output */

This ensures that you're testing the behavior the user would see in the browser. Learn more at https://react.dev/link/wrap-tests-with-act

[90mstderr[2m | app/tools/development/ip-lookup/__tests__/page.test.tsx[2m > [22m[2mIPLookupPage[2m > [22m[2mComponent Rendering[2m > [22m[2mrenders IP input field
[22m[39mAn update to IPLookupPage inside a test was not wrapped in act(...).

When testing, code that causes React state updates should be wrapped into act(...):

act(() => {
  /* fire events that update state */
});
/* assert on the output */

This ensures that you're testing the behavior the user would see in the browser. Learn more at https://react.dev/link/wrap-tests-with-act
An update to IPLookupPage inside a test was not wrapped in act(...).

When testing, code that causes React state updates should be wrapped into act(...):

act(() => {
  /* fire events that update state */
});
/* assert on the output */

This ensures that you're testing the behavior the user would see in the browser. Learn more at https://react.dev/link/wrap-tests-with-act

[90mstderr[2m | app/tools/development/ip-lookup/__tests__/page.test.tsx[2m > [22m[2mIPLookupPage[2m > [22m[2mComponent Rendering[2m > [22m[2mrenders IP input field
[22m[39mAn update to IPLookupPage inside a test was not wrapped in act(...).

When testing, code that causes React state updates should be wrapped into act(...):

act(() => {
  /* fire events that update state */
});
/* assert on the output */

This ensures that you're testing the behavior the user would see in the browser. Learn more at https://react.dev/link/wrap-tests-with-act
An update to IPLookupPage inside a test was not wrapped in act(...).

When testing, code that causes React state updates should be wrapped into act(...):

act(() => {
  /* fire events that update state */
});
/* assert on the output */

This ensures that you're testing the behavior the user would see in the browser. Learn more at https://react.dev/link/wrap-tests-with-act

[90mstderr[2m | app/tools/development/ip-lookup/__tests__/page.test.tsx[2m > [22m[2mIPLookupPage[2m > [22m[2mComponent Rendering[2m > [22m[2mrenders IP input field
[22m[39mAn update to IPLookupPage inside a test was not wrapped in act(...).

When testing, code that causes React state updates should be wrapped into act(...):

act(() => {
  /* fire events that update state */
});
/* assert on the output */

This ensures that you're testing the behavior the user would see in the browser. Learn more at https://react.dev/link/wrap-tests-with-act

[90mstderr[2m | app/tools/development/ip-lookup/__tests__/page.test.tsx[2m > [22m[2mIPLookupPage[2m > [22m[2mComponent Rendering[2m > [22m[2mdisplays placeholder text
[22m[39mAn update to IPLookupPage inside a test was not wrapped in act(...).

When testing, code that causes React state updates should be wrapped into act(...):

act(() => {
  /* fire events that update state */
});
/* assert on the output */

This ensures that you're testing the behavior the user would see in the browser. Learn more at https://react.dev/link/wrap-tests-with-act
An update to IPLookupPage inside a test was not wrapped in act(...).

When testing, code that causes React state updates should be wrapped into act(...):

act(() => {
  /* fire events that update state */
});
/* assert on the output */

This ensures that you're testing the behavior the user would see in the browser. Learn more at https://react.dev/link/wrap-tests-with-act

[90mstderr[2m | app/tools/development/ip-lookup/__tests__/page.test.tsx[2m > [22m[2mIPLookupPage[2m > [22m[2mComponent Rendering[2m > [22m[2mdisplays placeholder text
[22m[39mAn update to IPLookupPage inside a test was not wrapped in act(...).

When testing, code that causes React state updates should be wrapped into act(...):

act(() => {
  /* fire events that update state */
});
/* assert on the output */

This ensures that you're testing the behavior the user would see in the browser. Learn more at https://react.dev/link/wrap-tests-with-act
An update to IPLookupPage inside a test was not wrapped in act(...).

When testing, code that causes React state updates should be wrapped into act(...):

act(() => {
  /* fire events that update state */
});
/* assert on the output */

This ensures that you're testing the behavior the user would see in the browser. Learn more at https://react.dev/link/wrap-tests-with-act

[90mstderr[2m | app/tools/development/ip-lookup/__tests__/page.test.tsx[2m > [22m[2mIPLookupPage[2m > [22m[2mComponent Rendering[2m > [22m[2mdisplays placeholder text
[22m[39mAn update to IPLookupPage inside a test was not wrapped in act(...).

When testing, code that causes React state updates should be wrapped into act(...):

act(() => {
  /* fire events that update state */
});
/* assert on the output */

This ensures that you're testing the behavior the user would see in the browser. Learn more at https://react.dev/link/wrap-tests-with-act

[90mstderr[2m | app/tools/development/ip-lookup/__tests__/page.test.tsx[2m > [22m[2mIPLookupPage[2m > [22m[2mComponent Rendering[2m > [22m[2mdisplays search icon
[22m[39mAn update to IPLookupPage inside a test was not wrapped in act(...).

When testing, code that causes React state updates should be wrapped into act(...):

act(() => {
  /* fire events that update state */
});
/* assert on the output */

This ensures that you're testing the behavior the user would see in the browser. Learn more at https://react.dev/link/wrap-tests-with-act
An update to IPLookupPage inside a test was not wrapped in act(...).

When testing, code that causes React state updates should be wrapped into act(...):

act(() => {
  /* fire events that update state */
});
/* assert on the output */

This ensures that you're testing the behavior the user would see in the browser. Learn more at https://react.dev/link/wrap-tests-with-act

[90mstderr[2m | app/tools/development/ip-lookup/__tests__/page.test.tsx[2m > [22m[2mIPLookupPage[2m > [22m[2mComponent Rendering[2m > [22m[2mdisplays search icon
[22m[39mAn update to IPLookupPage inside a test was not wrapped in act(...).

When testing, code that causes React state updates should be wrapped into act(...):

act(() => {
  /* fire events that update state */
});
/* assert on the output */

This ensures that you're testing the behavior the user would see in the browser. Learn more at https://react.dev/link/wrap-tests-with-act
An update to IPLookupPage inside a test was not wrapped in act(...).

When testing, code that causes React state updates should be wrapped into act(...):

act(() => {
  /* fire events that update state */
});
/* assert on the output */

This ensures that you're testing the behavior the user would see in the browser. Learn more at https://react.dev/link/wrap-tests-with-act

[90mstderr[2m | app/tools/development/ip-lookup/__tests__/page.test.tsx[2m > [22m[2mIPLookupPage[2m > [22m[2mComponent Rendering[2m > [22m[2mdisplays search icon
[22m[39mAn update to IPLookupPage inside a test was not wrapped in act(...).

When testing, code that causes React state updates should be wrapped into act(...):

act(() => {
  /* fire events that update state */
});
/* assert on the output */

This ensures that you're testing the behavior the user would see in the browser. Learn more at https://react.dev/link/wrap-tests-with-act

[90mstderr[2m | app/tools/development/ip-lookup/__tests__/page.test.tsx[2m > [22m[2mIPLookupPage[2m > [22m[2mComponent Rendering[2m > [22m[2mrenders IP information cards area
[22m[39mAn update to IPLookupPage inside a test was not wrapped in act(...).

When testing, code that causes React state updates should be wrapped into act(...):

act(() => {
  /* fire events that update state */
});
/* assert on the output */

This ensures that you're testing the behavior the user would see in the browser. Learn more at https://react.dev/link/wrap-tests-with-act
An update to IPLookupPage inside a test was not wrapped in act(...).

When testing, code that causes React state updates should be wrapped into act(...):

act(() => {
  /* fire events that update state */
});
/* assert on the output */

This ensures that you're testing the behavior the user would see in the browser. Learn more at https://react.dev/link/wrap-tests-with-act

[90mstderr[2m | app/tools/development/ip-lookup/__tests__/page.test.tsx[2m > [22m[2mIPLookupPage[2m > [22m[2mComponent Rendering[2m > [22m[2mrenders IP information cards area
[22m[39mAn update to IPLookupPage inside a test was not wrapped in act(...).

When testing, code that causes React state updates should be wrapped into act(...):

act(() => {
  /* fire events that update state */
});
/* assert on the output */

This ensures that you're testing the behavior the user would see in the browser. Learn more at https://react.dev/link/wrap-tests-with-act
An update to IPLookupPage inside a test was not wrapped in act(...).

When testing, code that causes React state updates should be wrapped into act(...):

act(() => {
  /* fire events that update state */
});
/* assert on the output */

This ensures that you're testing the behavior the user would see in the browser. Learn more at https://react.dev/link/wrap-tests-with-act

[90mstderr[2m | app/tools/development/ip-lookup/__tests__/page.test.tsx[2m > [22m[2mIPLookupPage[2m > [22m[2mComponent Rendering[2m > [22m[2mrenders IP information cards area
[22m[39mAn update to IPLookupPage inside a test was not wrapped in act(...).

When testing, code that causes React state updates should be wrapped into act(...):

act(() => {
  /* fire events that update state */
});
/* assert on the output */

This ensures that you're testing the behavior the user would see in the browser. Learn more at https://react.dev/link/wrap-tests-with-act

[90mstderr[2m | app/tools/development/ip-lookup/__tests__/page.test.tsx[2m > [22m[2mIPLookupPage[2m > [22m[2mUser Interactions[2m > [22m[2mallows entering IP address
[22m[39mAn update to IPLookupPage inside a test was not wrapped in act(...).

When testing, code that causes React state updates should be wrapped into act(...):

act(() => {
  /* fire events that update state */
});
/* assert on the output */

This ensures that you're testing the behavior the user would see in the browser. Learn more at https://react.dev/link/wrap-tests-with-act
An update to IPLookupPage inside a test was not wrapped in act(...).

When testing, code that causes React state updates should be wrapped into act(...):

act(() => {
  /* fire events that update state */
});
/* assert on the output */

This ensures that you're testing the behavior the user would see in the browser. Learn more at https://react.dev/link/wrap-tests-with-act

[90mstderr[2m | app/tools/development/ip-lookup/__tests__/page.test.tsx[2m > [22m[2mIPLookupPage[2m > [22m[2mUser Interactions[2m > [22m[2mallows entering IP address
[22m[39mAn update to IPLookupPage inside a test was not wrapped in act(...).

When testing, code that causes React state updates should be wrapped into act(...):

act(() => {
  /* fire events that update state */
});
/* assert on the output */

This ensures that you're testing the behavior the user would see in the browser. Learn more at https://react.dev/link/wrap-tests-with-act
An update to IPLookupPage inside a test was not wrapped in act(...).

When testing, code that causes React state updates should be wrapped into act(...):

act(() => {
  /* fire events that update state */
});
/* assert on the output */

This ensures that you're testing the behavior the user would see in the browser. Learn more at https://react.dev/link/wrap-tests-with-act

[90mstderr[2m | app/tools/development/ip-lookup/__tests__/page.test.tsx[2m > [22m[2mIPLookupPage[2m > [22m[2mUser Interactions[2m > [22m[2mallows entering IP address
[22m[39mAn update to IPLookupPage inside a test was not wrapped in act(...).

When testing, code that causes React state updates should be wrapped into act(...):

act(() => {
  /* fire events that update state */
});
/* assert on the output */

This ensures that you're testing the behavior the user would see in the browser. Learn more at https://react.dev/link/wrap-tests-with-act

[90mstderr[2m | app/tools/security/hash-generator/__tests__/page.test.tsx[2m > [22m[2mHash Generator Page[2m > [22m[2mComponent Rendering[2m > [22m[2mshould render the page without crashing
[22m[39mAn update to ToolRating inside a test was not wrapped in act(...).

When testing, code that causes React state updates should be wrapped into act(...):

act(() => {
  /* fire events that update state */
});
/* assert on the output */

This ensures that you're testing the behavior the user would see in the browser. Learn more at https://react.dev/link/wrap-tests-with-act

[90mstderr[2m | app/tools/security/hash-generator/__tests__/page.test.tsx[2m > [22m[2mHash Generator Page[2m > [22m[2mComponent Rendering[2m > [22m[2mshould display hash algorithm options
[22m[39mAn update to ToolRating inside a test was not wrapped in act(...).

When testing, code that causes React state updates should be wrapped into act(...):

act(() => {
  /* fire events that update state */
});
/* assert on the output */

This ensures that you're testing the behavior the user would see in the browser. Learn more at https://react.dev/link/wrap-tests-with-act

[90mstderr[2m | app/tools/media/image-optimizer/__tests__/page.test.tsx[2m > [22m[2mImage Optimizer Page[2m > [22m[2mPage Rendering[2m > [22m[2mshould render the page without crashing
[22m[39mAn update to ToolRating inside a test was not wrapped in act(...).

When testing, code that causes React state updates should be wrapped into act(...):

act(() => {
  /* fire events that update state */
});
/* assert on the output */

This ensures that you're testing the behavior the user would see in the browser. Learn more at https://react.dev/link/wrap-tests-with-act

[90mstderr[2m | app/tools/security/hash-generator/__tests__/page.test.tsx[2m > [22m[2mHash Generator Page[2m > [22m[2mComponent Rendering[2m > [22m[2mrenders text input area
[22m[39mAn update to ToolRating inside a test was not wrapped in act(...).

When testing, code that causes React state updates should be wrapped into act(...):

act(() => {
  /* fire events that update state */
});
/* assert on the output */

This ensures that you're testing the behavior the user would see in the browser. Learn more at https://react.dev/link/wrap-tests-with-act

[90mstderr[2m | app/tools/security/hash-generator/__tests__/page.test.tsx[2m > [22m[2mHash Generator Page[2m > [22m[2mComponent Rendering[2m > [22m[2mrenders file upload area
[22m[39mAn update to ToolRating inside a test was not wrapped in act(...).

When testing, code that causes React state updates should be wrapped into act(...):

act(() => {
  /* fire events that update state */
});
/* assert on the output */

This ensures that you're testing the behavior the user would see in the browser. Learn more at https://react.dev/link/wrap-tests-with-act

[90mstderr[2m | app/tools/security/hash-generator/__tests__/page.test.tsx[2m > [22m[2mHash Generator Page[2m > [22m[2mComponent Rendering[2m > [22m[2mdisplays algorithm selection buttons
[22m[39mAn update to ToolRating inside a test was not wrapped in act(...).

When testing, code that causes React state updates should be wrapped into act(...):

act(() => {
  /* fire events that update state */
});
/* assert on the output */

This ensures that you're testing the behavior the user would see in the browser. Learn more at https://react.dev/link/wrap-tests-with-act

[90mstderr[2m | app/tools/finance/split-bill/__tests__/page.test.tsx[2m > [22m[2mSplit Bill Calculator Page[2m > [22m[2mBasic Rendering[2m > [22m[2mshould render the page without crashing
[22m[39mAn update to ToolRating inside a test was not wrapped in act(...).

When testing, code that causes React state updates should be wrapped into act(...):

act(() => {
  /* fire events that update state */
});
/* assert on the output */

This ensures that you're testing the behavior the user would see in the browser. Learn more at https://react.dev/link/wrap-tests-with-act

[90mstderr[2m | app/tools/data/json-schema/__tests__/page.test.tsx[2m > [22m[2mJSON Schema Generator Page[2m > [22m[2mInput Area[2m > [22m[2mshould allow typing JSON
[22m[39mFailed to add recent tool: TypeError: indexedDB.open is not a function
    at openDB [90m(file:///Users/ferryhinardi/Project/supertool/[39mnode_modules/[4m.pnpm[24m/idb@8.0.3/node_modules/[4midb[24m/build/index.js:168:31[90m)[39m
    at getDB [90m(/Users/ferryhinardi/Project/supertool/[39mlib/services/recent-tools.ts:35:22[90m)[39m
    at addRecentTool [90m(/Users/ferryhinardi/Project/supertool/[39mlib/services/recent-tools.ts:53:22[90m)[39m
    at [90m/Users/ferryhinardi/Project/supertool/[39mhooks/tools/useRecentTools.ts:69:7
    at Object.react_stack_bottom_frame [90m(/Users/ferryhinardi/Project/supertool/[39mnode_modules/[4m.pnpm[24m/react-dom@19.2.0_react@19.2.0/node_modules/[4mreact-dom[24m/cjs/react-dom-client.development.js:25989:20[90m)[39m
    at runWithFiberInDEV [90m(/Users/ferryhinardi/Project/supertool/[39mnode_modules/[4m.pnpm[24m/react-dom@19.2.0_react@19.2.0/node_modules/[4mreact-dom[24m/cjs/react-dom-client.development.js:874:13[90m)[39m
    at commitHookEffectListMount [90m(/Users/ferryhinardi/Project/supertool/[39mnode_modules/[4m.pnpm[24m/react-dom@19.2.0_react@19.2.0/node_modules/[4mreact-dom[24m/cjs/react-dom-client.development.js:13249:29[90m)[39m
    at commitHookPassiveMountEffects [90m(/Users/ferryhinardi/Project/supertool/[39mnode_modules/[4m.pnpm[24m/react-dom@19.2.0_react@19.2.0/node_modules/[4mreact-dom[24m/cjs/react-dom-client.development.js:13336:11[90m)[39m
    at reconnectPassiveEffects [90m(/Users/ferryhinardi/Project/supertool/[39mnode_modules/[4m.pnpm[24m/react-dom@19.2.0_react@19.2.0/node_modules/[4mreact-dom[24m/cjs/react-dom-client.development.js:15832:11[90m)[39m
    at recursivelyTraverseReconnectPassiveEffects [90m(/Users/ferryhinardi/Project/supertool/[39mnode_modules/[4m.pnpm[24m/react-dom@19.2.0_react@19.2.0/node_modules/[4mreact-dom[24m/cjs/react-dom-client.development.js:15784:9[90m)[39m

[90mstderr[2m | app/tools/data/json-schema/__tests__/page.test.tsx[2m > [22m[2mJSON Schema Generator Page[2m > [22m[2mGenerate Button[2m > [22m[2mshould display generate button
[22m[39mFailed to add recent tool: TypeError: indexedDB.open is not a function
    at openDB [90m(file:///Users/ferryhinardi/Project/supertool/[39mnode_modules/[4m.pnpm[24m/idb@8.0.3/node_modules/[4midb[24m/build/index.js:168:31[90m)[39m
    at getDB [90m(/Users/ferryhinardi/Project/supertool/[39mlib/services/recent-tools.ts:35:22[90m)[39m
    at addRecentTool [90m(/Users/ferryhinardi/Project/supertool/[39mlib/services/recent-tools.ts:53:22[90m)[39m
    at [90m/Users/ferryhinardi/Project/supertool/[39mhooks/tools/useRecentTools.ts:69:7
    at Object.react_stack_bottom_frame [90m(/Users/ferryhinardi/Project/supertool/[39mnode_modules/[4m.pnpm[24m/react-dom@19.2.0_react@19.2.0/node_modules/[4mreact-dom[24m/cjs/react-dom-client.development.js:25989:20[90m)[39m
    at runWithFiberInDEV [90m(/Users/ferryhinardi/Project/supertool/[39mnode_modules/[4m.pnpm[24m/react-dom@19.2.0_react@19.2.0/node_modules/[4mreact-dom[24m/cjs/react-dom-client.development.js:874:13[90m)[39m
    at commitHookEffectListMount [90m(/Users/ferryhinardi/Project/supertool/[39mnode_modules/[4m.pnpm[24m/react-dom@19.2.0_react@19.2.0/node_modules/[4mreact-dom[24m/cjs/react-dom-client.development.js:13249:29[90m)[39m
    at commitHookPassiveMountEffects [90m(/Users/ferryhinardi/Project/supertool/[39mnode_modules/[4m.pnpm[24m/react-dom@19.2.0_react@19.2.0/node_modules/[4mreact-dom[24m/cjs/react-dom-client.development.js:13336:11[90m)[39m
    at reconnectPassiveEffects [90m(/Users/ferryhinardi/Project/supertool/[39mnode_modules/[4m.pnpm[24m/react-dom@19.2.0_react@19.2.0/node_modules/[4mreact-dom[24m/cjs/react-dom-client.development.js:15832:11[90m)[39m
    at recursivelyTraverseReconnectPassiveEffects [90m(/Users/ferryhinardi/Project/supertool/[39mnode_modules/[4m.pnpm[24m/react-dom@19.2.0_react@19.2.0/node_modules/[4mreact-dom[24m/cjs/react-dom-client.development.js:15784:9[90m)[39m

[90mstderr[2m | app/tools/data/json-schema/__tests__/page.test.tsx[2m > [22m[2mJSON Schema Generator Page[2m > [22m[2mGenerate Button[2m > [22m[2mshould render Generate Schema button
[22m[39mFailed to add recent tool: TypeError: indexedDB.open is not a function
    at openDB [90m(file:///Users/ferryhinardi/Project/supertool/[39mnode_modules/[4m.pnpm[24m/idb@8.0.3/node_modules/[4midb[24m/build/index.js:168:31[90m)[39m
    at getDB [90m(/Users/ferryhinardi/Project/supertool/[39mlib/services/recent-tools.ts:35:22[90m)[39m
    at addRecentTool [90m(/Users/ferryhinardi/Project/supertool/[39mlib/services/recent-tools.ts:53:22[90m)[39m
    at [90m/Users/ferryhinardi/Project/supertool/[39mhooks/tools/useRecentTools.ts:69:7
    at Object.react_stack_bottom_frame [90m(/Users/ferryhinardi/Project/supertool/[39mnode_modules/[4m.pnpm[24m/react-dom@19.2.0_react@19.2.0/node_modules/[4mreact-dom[24m/cjs/react-dom-client.development.js:25989:20[90m)[39m
    at runWithFiberInDEV [90m(/Users/ferryhinardi/Project/supertool/[39mnode_modules/[4m.pnpm[24m/react-dom@19.2.0_react@19.2.0/node_modules/[4mreact-dom[24m/cjs/react-dom-client.development.js:874:13[90m)[39m
    at commitHookEffectListMount [90m(/Users/ferryhinardi/Project/supertool/[39mnode_modules/[4m.pnpm[24m/react-dom@19.2.0_react@19.2.0/node_modules/[4mreact-dom[24m/cjs/react-dom-client.development.js:13249:29[90m)[39m
    at commitHookPassiveMountEffects [90m(/Users/ferryhinardi/Project/supertool/[39mnode_modules/[4m.pnpm[24m/react-dom@19.2.0_react@19.2.0/node_modules/[4mreact-dom[24m/cjs/react-dom-client.development.js:13336:11[90m)[39m
    at reconnectPassiveEffects [90m(/Users/ferryhinardi/Project/supertool/[39mnode_modules/[4m.pnpm[24m/react-dom@19.2.0_react@19.2.0/node_modules/[4mreact-dom[24m/cjs/react-dom-client.development.js:15832:11[90m)[39m
    at recursivelyTraverseReconnectPassiveEffects [90m(/Users/ferryhinardi/Project/supertool/[39mnode_modules/[4m.pnpm[24m/react-dom@19.2.0_react@19.2.0/node_modules/[4mreact-dom[24m/cjs/react-dom-client.development.js:15784:9[90m)[39m

[90mstderr[2m | app/tools/data/json-schema/__tests__/page.test.tsx[2m > [22m[2mJSON Schema Generator Page[2m > [22m[2mGenerate Button[2m > [22m[2mshould generate schema when clicked
[22m[39mFailed to add recent tool: TypeError: indexedDB.open is not a function
    at openDB [90m(file:///Users/ferryhinardi/Project/supertool/[39mnode_modules/[4m.pnpm[24m/idb@8.0.3/node_modules/[4midb[24m/build/index.js:168:31[90m)[39m
    at getDB [90m(/Users/ferryhinardi/Project/supertool/[39mlib/services/recent-tools.ts:35:22[90m)[39m
    at addRecentTool [90m(/Users/ferryhinardi/Project/supertool/[39mlib/services/recent-tools.ts:53:22[90m)[39m
    at [90m/Users/ferryhinardi/Project/supertool/[39mhooks/tools/useRecentTools.ts:69:7
    at Object.react_stack_bottom_frame [90m(/Users/ferryhinardi/Project/supertool/[39mnode_modules/[4m.pnpm[24m/react-dom@19.2.0_react@19.2.0/node_modules/[4mreact-dom[24m/cjs/react-dom-client.development.js:25989:20[90m)[39m
    at runWithFiberInDEV [90m(/Users/ferryhinardi/Project/supertool/[39mnode_modules/[4m.pnpm[24m/react-dom@19.2.0_react@19.2.0/node_modules/[4mreact-dom[24m/cjs/react-dom-client.development.js:874:13[90m)[39m
    at commitHookEffectListMount [90m(/Users/ferryhinardi/Project/supertool/[39mnode_modules/[4m.pnpm[24m/react-dom@19.2.0_react@19.2.0/node_modules/[4mreact-dom[24m/cjs/react-dom-client.development.js:13249:29[90m)[39m
    at commitHookPassiveMountEffects [90m(/Users/ferryhinardi/Project/supertool/[39mnode_modules/[4m.pnpm[24m/react-dom@19.2.0_react@19.2.0/node_modules/[4mreact-dom[24m/cjs/react-dom-client.development.js:13336:11[90m)[39m
    at reconnectPassiveEffects [90m(/Users/ferryhinardi/Project/supertool/[39mnode_modules/[4m.pnpm[24m/react-dom@19.2.0_react@19.2.0/node_modules/[4mreact-dom[24m/cjs/react-dom-client.development.js:15832:11[90m)[39m
    at recursivelyTraverseReconnectPassiveEffects [90m(/Users/ferryhinardi/Project/supertool/[39mnode_modules/[4m.pnpm[24m/react-dom@19.2.0_react@19.2.0/node_modules/[4mreact-dom[24m/cjs/react-dom-client.development.js:15784:9[90m)[39m

[90mstderr[2m | app/tools/data/json-schema/__tests__/page.test.tsx[2m > [22m[2mJSON Schema Generator Page[2m > [22m[2mSchema Generation[2m > [22m[2mshould generate schema for simple object
[22m[39mFailed to add recent tool: TypeError: indexedDB.open is not a function
    at openDB [90m(file:///Users/ferryhinardi/Project/supertool/[39mnode_modules/[4m.pnpm[24m/idb@8.0.3/node_modules/[4midb[24m/build/index.js:168:31[90m)[39m
    at getDB [90m(/Users/ferryhinardi/Project/supertool/[39mlib/services/recent-tools.ts:35:22[90m)[39m
    at addRecentTool [90m(/Users/ferryhinardi/Project/supertool/[39mlib/services/recent-tools.ts:53:22[90m)[39m
    at [90m/Users/ferryhinardi/Project/supertool/[39mhooks/tools/useRecentTools.ts:69:7
    at Object.react_stack_bottom_frame [90m(/Users/ferryhinardi/Project/supertool/[39mnode_modules/[4m.pnpm[24m/react-dom@19.2.0_react@19.2.0/node_modules/[4mreact-dom[24m/cjs/react-dom-client.development.js:25989:20[90m)[39m
    at runWithFiberInDEV [90m(/Users/ferryhinardi/Project/supertool/[39mnode_modules/[4m.pnpm[24m/react-dom@19.2.0_react@19.2.0/node_modules/[4mreact-dom[24m/cjs/react-dom-client.development.js:874:13[90m)[39m
    at commitHookEffectListMount [90m(/Users/ferryhinardi/Project/supertool/[39mnode_modules/[4m.pnpm[24m/react-dom@19.2.0_react@19.2.0/node_modules/[4mreact-dom[24m/cjs/react-dom-client.development.js:13249:29[90m)[39m
    at commitHookPassiveMountEffects [90m(/Users/ferryhinardi/Project/supertool/[39mnode_modules/[4m.pnpm[24m/react-dom@19.2.0_react@19.2.0/node_modules/[4mreact-dom[24m/cjs/react-dom-client.development.js:13336:11[90m)[39m
    at reconnectPassiveEffects [90m(/Users/ferryhinardi/Project/supertool/[39mnode_modules/[4m.pnpm[24m/react-dom@19.2.0_react@19.2.0/node_modules/[4mreact-dom[24m/cjs/react-dom-client.development.js:15832:11[90m)[39m
    at recursivelyTraverseReconnectPassiveEffects [90m(/Users/ferryhinardi/Project/supertool/[39mnode_modules/[4m.pnpm[24m/react-dom@19.2.0_react@19.2.0/node_modules/[4mreact-dom[24m/cjs/react-dom-client.development.js:15784:9[90m)[39m

[90mstderr[2m | app/tools/data/json-schema/__tests__/page.test.tsx[2m > [22m[2mJSON Schema Generator Page[2m > [22m[2mSchema Generation[2m > [22m[2mshould detect string types
[22m[39mFailed to add recent tool: TypeError: indexedDB.open is not a function
    at openDB [90m(file:///Users/ferryhinardi/Project/supertool/[39mnode_modules/[4m.pnpm[24m/idb@8.0.3/node_modules/[4midb[24m/build/index.js:168:31[90m)[39m
    at getDB [90m(/Users/ferryhinardi/Project/supertool/[39mlib/services/recent-tools.ts:35:22[90m)[39m
    at addRecentTool [90m(/Users/ferryhinardi/Project/supertool/[39mlib/services/recent-tools.ts:53:22[90m)[39m
    at [90m/Users/ferryhinardi/Project/supertool/[39mhooks/tools/useRecentTools.ts:69:7
    at Object.react_stack_bottom_frame [90m(/Users/ferryhinardi/Project/supertool/[39mnode_modules/[4m.pnpm[24m/react-dom@19.2.0_react@19.2.0/node_modules/[4mreact-dom[24m/cjs/react-dom-client.development.js:25989:20[90m)[39m
    at runWithFiberInDEV [90m(/Users/ferryhinardi/Project/supertool/[39mnode_modules/[4m.pnpm[24m/react-dom@19.2.0_react@19.2.0/node_modules/[4mreact-dom[24m/cjs/react-dom-client.development.js:874:13[90m)[39m
    at commitHookEffectListMount [90m(/Users/ferryhinardi/Project/supertool/[39mnode_modules/[4m.pnpm[24m/react-dom@19.2.0_react@19.2.0/node_modules/[4mreact-dom[24m/cjs/react-dom-client.development.js:13249:29[90m)[39m
    at commitHookPassiveMountEffects [90m(/Users/ferryhinardi/Project/supertool/[39mnode_modules/[4m.pnpm[24m/react-dom@19.2.0_react@19.2.0/node_modules/[4mreact-dom[24m/cjs/react-dom-client.development.js:13336:11[90m)[39m
    at reconnectPassiveEffects [90m(/Users/ferryhinardi/Project/supertool/[39mnode_modules/[4m.pnpm[24m/react-dom@19.2.0_react@19.2.0/node_modules/[4mreact-dom[24m/cjs/react-dom-client.development.js:15832:11[90m)[39m
    at recursivelyTraverseReconnectPassiveEffects [90m(/Users/ferryhinardi/Project/supertool/[39mnode_modules/[4m.pnpm[24m/react-dom@19.2.0_react@19.2.0/node_modules/[4mreact-dom[24m/cjs/react-dom-client.development.js:15784:9[90m)[39m

[90mstderr[2m | app/tools/data/json-schema/__tests__/page.test.tsx[2m > [22m[2mJSON Schema Generator Page[2m > [22m[2mSchema Generation[2m > [22m[2mshould detect number types
[22m[39mFailed to add recent tool: TypeError: indexedDB.open is not a function
    at openDB [90m(file:///Users/ferryhinardi/Project/supertool/[39mnode_modules/[4m.pnpm[24m/idb@8.0.3/node_modules/[4midb[24m/build/index.js:168:31[90m)[39m
    at getDB [90m(/Users/ferryhinardi/Project/supertool/[39mlib/services/recent-tools.ts:35:22[90m)[39m
    at addRecentTool [90m(/Users/ferryhinardi/Project/supertool/[39mlib/services/recent-tools.ts:53:22[90m)[39m
    at [90m/Users/ferryhinardi/Project/supertool/[39mhooks/tools/useRecentTools.ts:69:7
    at Object.react_stack_bottom_frame [90m(/Users/ferryhinardi/Project/supertool/[39mnode_modules/[4m.pnpm[24m/react-dom@19.2.0_react@19.2.0/node_modules/[4mreact-dom[24m/cjs/react-dom-client.development.js:25989:20[90m)[39m
    at runWithFiberInDEV [90m(/Users/ferryhinardi/Project/supertool/[39mnode_modules/[4m.pnpm[24m/react-dom@19.2.0_react@19.2.0/node_modules/[4mreact-dom[24m/cjs/react-dom-client.development.js:874:13[90m)[39m
    at commitHookEffectListMount [90m(/Users/ferryhinardi/Project/supertool/[39mnode_modules/[4m.pnpm[24m/react-dom@19.2.0_react@19.2.0/node_modules/[4mreact-dom[24m/cjs/react-dom-client.development.js:13249:29[90m)[39m
    at commitHookPassiveMountEffects [90m(/Users/ferryhinardi/Project/supertool/[39mnode_modules/[4m.pnpm[24m/react-dom@19.2.0_react@19.2.0/node_modules/[4mreact-dom[24m/cjs/react-dom-client.development.js:13336:11[90m)[39m
    at reconnectPassiveEffects [90m(/Users/ferryhinardi/Project/supertool/[39mnode_modules/[4m.pnpm[24m/react-dom@19.2.0_react@19.2.0/node_modules/[4mreact-dom[24m/cjs/react-dom-client.development.js:15832:11[90m)[39m
    at recursivelyTraverseReconnectPassiveEffects [90m(/Users/ferryhinardi/Project/supertool/[39mnode_modules/[4m.pnpm[24m/react-dom@19.2.0_react@19.2.0/node_modules/[4mreact-dom[24m/cjs/react-dom-client.development.js:15784:9[90m)[39m

[90mstderr[2m | app/tools/data/json-schema/__tests__/page.test.tsx[2m > [22m[2mJSON Schema Generator Page[2m > [22m[2mSchema Generation[2m > [22m[2mshould detect boolean types
[22m[39mFailed to add recent tool: TypeError: indexedDB.open is not a function
    at openDB [90m(file:///Users/ferryhinardi/Project/supertool/[39mnode_modules/[4m.pnpm[24m/idb@8.0.3/node_modules/[4midb[24m/build/index.js:168:31[90m)[39m
    at getDB [90m(/Users/ferryhinardi/Project/supertool/[39mlib/services/recent-tools.ts:35:22[90m)[39m
    at addRecentTool [90m(/Users/ferryhinardi/Project/supertool/[39mlib/services/recent-tools.ts:53:22[90m)[39m
    at [90m/Users/ferryhinardi/Project/supertool/[39mhooks/tools/useRecentTools.ts:69:7
    at Object.react_stack_bottom_frame [90m(/Users/ferryhinardi/Project/supertool/[39mnode_modules/[4m.pnpm[24m/react-dom@19.2.0_react@19.2.0/node_modules/[4mreact-dom[24m/cjs/react-dom-client.development.js:25989:20[90m)[39m
    at runWithFiberInDEV [90m(/Users/ferryhinardi/Project/supertool/[39mnode_modules/[4m.pnpm[24m/react-dom@19.2.0_react@19.2.0/node_modules/[4mreact-dom[24m/cjs/react-dom-client.development.js:874:13[90m)[39m
    at commitHookEffectListMount [90m(/Users/ferryhinardi/Project/supertool/[39mnode_modules/[4m.pnpm[24m/react-dom@19.2.0_react@19.2.0/node_modules/[4mreact-dom[24m/cjs/react-dom-client.development.js:13249:29[90m)[39m
    at commitHookPassiveMountEffects [90m(/Users/ferryhinardi/Project/supertool/[39mnode_modules/[4m.pnpm[24m/react-dom@19.2.0_react@19.2.0/node_modules/[4mreact-dom[24m/cjs/react-dom-client.development.js:13336:11[90m)[39m
    at reconnectPassiveEffects [90m(/Users/ferryhinardi/Project/supertool/[39mnode_modules/[4m.pnpm[24m/react-dom@19.2.0_react@19.2.0/node_modules/[4mreact-dom[24m/cjs/react-dom-client.development.js:15832:11[90m)[39m
    at recursivelyTraverseReconnectPassiveEffects [90m(/Users/ferryhinardi/Project/supertool/[39mnode_modules/[4m.pnpm[24m/react-dom@19.2.0_react@19.2.0/node_modules/[4mreact-dom[24m/cjs/react-dom-client.development.js:15784:9[90m)[39m

[90mstderr[2m | app/tools/data/json-schema/__tests__/page.test.tsx[2m > [22m[2mJSON Schema Generator Page[2m > [22m[2mSchema Generation[2m > [22m[2mshould detect array types
[22m[39mFailed to add recent tool: TypeError: indexedDB.open is not a function
    at openDB [90m(file:///Users/ferryhinardi/Project/supertool/[39mnode_modules/[4m.pnpm[24m/idb@8.0.3/node_modules/[4midb[24m/build/index.js:168:31[90m)[39m
    at getDB [90m(/Users/ferryhinardi/Project/supertool/[39mlib/services/recent-tools.ts:35:22[90m)[39m
    at addRecentTool [90m(/Users/ferryhinardi/Project/supertool/[39mlib/services/recent-tools.ts:53:22[90m)[39m
    at [90m/Users/ferryhinardi/Project/supertool/[39mhooks/tools/useRecentTools.ts:69:7
    at Object.react_stack_bottom_frame [90m(/Users/ferryhinardi/Project/supertool/[39mnode_modules/[4m.pnpm[24m/react-dom@19.2.0_react@19.2.0/node_modules/[4mreact-dom[24m/cjs/react-dom-client.development.js:25989:20[90m)[39m
    at runWithFiberInDEV [90m(/Users/ferryhinardi/Project/supertool/[39mnode_modules/[4m.pnpm[24m/react-dom@19.2.0_react@19.2.0/node_modules/[4mreact-dom[24m/cjs/react-dom-client.development.js:874:13[90m)[39m
    at commitHookEffectListMount [90m(/Users/ferryhinardi/Project/supertool/[39mnode_modules/[4m.pnpm[24m/react-dom@19.2.0_react@19.2.0/node_modules/[4mreact-dom[24m/cjs/react-dom-client.development.js:13249:29[90m)[39m
    at commitHookPassiveMountEffects [90m(/Users/ferryhinardi/Project/supertool/[39mnode_modules/[4m.pnpm[24m/react-dom@19.2.0_react@19.2.0/node_modules/[4mreact-dom[24m/cjs/react-dom-client.development.js:13336:11[90m)[39m
    at reconnectPassiveEffects [90m(/Users/ferryhinardi/Project/supertool/[39mnode_modules/[4m.pnpm[24m/react-dom@19.2.0_react@19.2.0/node_modules/[4mreact-dom[24m/cjs/react-dom-client.development.js:15832:11[90m)[39m
    at recursivelyTraverseReconnectPassiveEffects [90m(/Users/ferryhinardi/Project/supertool/[39mnode_modules/[4m.pnpm[24m/react-dom@19.2.0_react@19.2.0/node_modules/[4mreact-dom[24m/cjs/react-dom-client.development.js:15784:9[90m)[39m

[90mstderr[2m | app/tools/data/json-schema/__tests__/page.test.tsx[2m > [22m[2mJSON Schema Generator Page[2m > [22m[2mSchema Generation[2m > [22m[2mshould handle nested objects
[22m[39mFailed to add recent tool: TypeError: indexedDB.open is not a function
    at openDB [90m(file:///Users/ferryhinardi/Project/supertool/[39mnode_modules/[4m.pnpm[24m/idb@8.0.3/node_modules/[4midb[24m/build/index.js:168:31[90m)[39m
    at getDB [90m(/Users/ferryhinardi/Project/supertool/[39mlib/services/recent-tools.ts:35:22[90m)[39m
    at addRecentTool [90m(/Users/ferryhinardi/Project/supertool/[39mlib/services/recent-tools.ts:53:22[90m)[39m
    at [90m/Users/ferryhinardi/Project/supertool/[39mhooks/tools/useRecentTools.ts:69:7
    at Object.react_stack_bottom_frame [90m(/Users/ferryhinardi/Project/supertool/[39mnode_modules/[4m.pnpm[24m/react-dom@19.2.0_react@19.2.0/node_modules/[4mreact-dom[24m/cjs/react-dom-client.development.js:25989:20[90m)[39m
    at runWithFiberInDEV [90m(/Users/ferryhinardi/Project/supertool/[39mnode_modules/[4m.pnpm[24m/react-dom@19.2.0_react@19.2.0/node_modules/[4mreact-dom[24m/cjs/react-dom-client.development.js:874:13[90m)[39m
    at commitHookEffectListMount [90m(/Users/ferryhinardi/Project/supertool/[39mnode_modules/[4m.pnpm[24m/react-dom@19.2.0_react@19.2.0/node_modules/[4mreact-dom[24m/cjs/react-dom-client.development.js:13249:29[90m)[39m
    at commitHookPassiveMountEffects [90m(/Users/ferryhinardi/Project/supertool/[39mnode_modules/[4m.pnpm[24m/react-dom@19.2.0_react@19.2.0/node_modules/[4mreact-dom[24m/cjs/react-dom-client.development.js:13336:11[90m)[39m
    at reconnectPassiveEffects [90m(/Users/ferryhinardi/Project/supertool/[39mnode_modules/[4m.pnpm[24m/react-dom@19.2.0_react@19.2.0/node_modules/[4mreact-dom[24m/cjs/react-dom-client.development.js:15832:11[90m)[39m
    at recursivelyTraverseReconnectPassiveEffects [90m(/Users/ferryhinardi/Project/supertool/[39mnode_modules/[4m.pnpm[24m/react-dom@19.2.0_react@19.2.0/node_modules/[4mreact-dom[24m/cjs/react-dom-client.development.js:15784:9[90m)[39m

[90mstderr[2m | app/tools/data/json-schema/__tests__/page.test.tsx[2m > [22m[2mJSON Schema Generator Page[2m > [22m[2mSchema Generation[2m > [22m[2mshould handle null values
[22m[39mFailed to add recent tool: TypeError: indexedDB.open is not a function
    at openDB [90m(file:///Users/ferryhinardi/Project/supertool/[39mnode_modules/[4m.pnpm[24m/idb@8.0.3/node_modules/[4midb[24m/build/index.js:168:31[90m)[39m
    at getDB [90m(/Users/ferryhinardi/Project/supertool/[39mlib/services/recent-tools.ts:35:22[90m)[39m
    at addRecentTool [90m(/Users/ferryhinardi/Project/supertool/[39mlib/services/recent-tools.ts:53:22[90m)[39m
    at [90m/Users/ferryhinardi/Project/supertool/[39mhooks/tools/useRecentTools.ts:69:7
    at Object.react_stack_bottom_frame [90m(/Users/ferryhinardi/Project/supertool/[39mnode_modules/[4m.pnpm[24m/react-dom@19.2.0_react@19.2.0/node_modules/[4mreact-dom[24m/cjs/react-dom-client.development.js:25989:20[90m)[39m
    at runWithFiberInDEV [90m(/Users/ferryhinardi/Project/supertool/[39mnode_modules/[4m.pnpm[24m/react-dom@19.2.0_react@19.2.0/node_modules/[4mreact-dom[24m/cjs/react-dom-client.development.js:874:13[90m)[39m
    at commitHookEffectListMount [90m(/Users/ferryhinardi/Project/supertool/[39mnode_modules/[4m.pnpm[24m/react-dom@19.2.0_react@19.2.0/node_modules/[4mreact-dom[24m/cjs/react-dom-client.development.js:13249:29[90m)[39m
    at commitHookPassiveMountEffects [90m(/Users/ferryhinardi/Project/supertool/[39mnode_modules/[4m.pnpm[24m/react-dom@19.2.0_react@19.2.0/node_modules/[4mreact-dom[24m/cjs/react-dom-client.development.js:13336:11[90m)[39m
    at reconnectPassiveEffects [90m(/Users/ferryhinardi/Project/supertool/[39mnode_modules/[4m.pnpm[24m/react-dom@19.2.0_react@19.2.0/node_modules/[4mreact-dom[24m/cjs/react-dom-client.development.js:15832:11[90m)[39m
    at recursivelyTraverseReconnectPassiveEffects [90m(/Users/ferryhinardi/Project/supertool/[39mnode_modules/[4m.pnpm[24m/react-dom@19.2.0_react@19.2.0/node_modules/[4mreact-dom[24m/cjs/react-dom-client.development.js:15784:9[90m)[39m

[90mstderr[2m | app/tools/data/json-schema/__tests__/page.test.tsx[2m > [22m[2mJSON Schema Generator Page[2m > [22m[2mSchema Options[2m > [22m[2mshould render schema version selector
[22m[39mFailed to add recent tool: TypeError: indexedDB.open is not a function
    at openDB [90m(file:///Users/ferryhinardi/Project/supertool/[39mnode_modules/[4m.pnpm[24m/idb@8.0.3/node_modules/[4midb[24m/build/index.js:168:31[90m)[39m
    at getDB [90m(/Users/ferryhinardi/Project/supertool/[39mlib/services/recent-tools.ts:35:22[90m)[39m
    at addRecentTool [90m(/Users/ferryhinardi/Project/supertool/[39mlib/services/recent-tools.ts:53:22[90m)[39m
    at [90m/Users/ferryhinardi/Project/supertool/[39mhooks/tools/useRecentTools.ts:69:7
    at Object.react_stack_bottom_frame [90m(/Users/ferryhinardi/Project/supertool/[39mnode_modules/[4m.pnpm[24m/react-dom@19.2.0_react@19.2.0/node_modules/[4mreact-dom[24m/cjs/react-dom-client.development.js:25989:20[90m)[39m
    at runWithFiberInDEV [90m(/Users/ferryhinardi/Project/supertool/[39mnode_modules/[4m.pnpm[24m/react-dom@19.2.0_react@19.2.0/node_modules/[4mreact-dom[24m/cjs/react-dom-client.development.js:874:13[90m)[39m
    at commitHookEffectListMount [90m(/Users/ferryhinardi/Project/supertool/[39mnode_modules/[4m.pnpm[24m/react-dom@19.2.0_react@19.2.0/node_modules/[4mreact-dom[24m/cjs/react-dom-client.development.js:13249:29[90m)[39m
    at commitHookPassiveMountEffects [90m(/Users/ferryhinardi/Project/supertool/[39mnode_modules/[4m.pnpm[24m/react-dom@19.2.0_react@19.2.0/node_modules/[4mreact-dom[24m/cjs/react-dom-client.development.js:13336:11[90m)[39m
    at reconnectPassiveEffects [90m(/Users/ferryhinardi/Project/supertool/[39mnode_modules/[4m.pnpm[24m/react-dom@19.2.0_react@19.2.0/node_modules/[4mreact-dom[24m/cjs/react-dom-client.development.js:15832:11[90m)[39m
    at recursivelyTraverseReconnectPassiveEffects [90m(/Users/ferryhinardi/Project/supertool/[39mnode_modules/[4m.pnpm[24m/react-dom@19.2.0_react@19.2.0/node_modules/[4mreact-dom[24m/cjs/react-dom-client.development.js:15784:9[90m)[39m

[90mstderr[2m | app/tools/data/json-schema/__tests__/page.test.tsx[2m > [22m[2mJSON Schema Generator Page[2m > [22m[2mSchema Options[2m > [22m[2mshould display required fields option
[22m[39mFailed to add recent tool: TypeError: indexedDB.open is not a function
    at openDB [90m(file:///Users/ferryhinardi/Project/supertool/[39mnode_modules/[4m.pnpm[24m/idb@8.0.3/node_modules/[4midb[24m/build/index.js:168:31[90m)[39m
    at getDB [90m(/Users/ferryhinardi/Project/supertool/[39mlib/services/recent-tools.ts:35:22[90m)[39m
    at addRecentTool [90m(/Users/ferryhinardi/Project/supertool/[39mlib/services/recent-tools.ts:53:22[90m)[39m
    at [90m/Users/ferryhinardi/Project/supertool/[39mhooks/tools/useRecentTools.ts:69:7
    at Object.react_stack_bottom_frame [90m(/Users/ferryhinardi/Project/supertool/[39mnode_modules/[4m.pnpm[24m/react-dom@19.2.0_react@19.2.0/node_modules/[4mreact-dom[24m/cjs/react-dom-client.development.js:25989:20[90m)[39m
    at runWithFiberInDEV [90m(/Users/ferryhinardi/Project/supertool/[39mnode_modules/[4m.pnpm[24m/react-dom@19.2.0_react@19.2.0/node_modules/[4mreact-dom[24m/cjs/react-dom-client.development.js:874:13[90m)[39m
    at commitHookEffectListMount [90m(/Users/ferryhinardi/Project/supertool/[39mnode_modules/[4m.pnpm[24m/react-dom@19.2.0_react@19.2.0/node_modules/[4mreact-dom[24m/cjs/react-dom-client.development.js:13249:29[90m)[39m
    at commitHookPassiveMountEffects [90m(/Users/ferryhinardi/Project/supertool/[39mnode_modules/[4m.pnpm[24m/react-dom@19.2.0_react@19.2.0/node_modules/[4mreact-dom[24m/cjs/react-dom-client.development.js:13336:11[90m)[39m
    at reconnectPassiveEffects [90m(/Users/ferryhinardi/Project/supertool/[39mnode_modules/[4m.pnpm[24m/react-dom@19.2.0_react@19.2.0/node_modules/[4mreact-dom[24m/cjs/react-dom-client.development.js:15832:11[90m)[39m
    at recursivelyTraverseReconnectPassiveEffects [90m(/Users/ferryhinardi/Project/supertool/[39mnode_modules/[4m.pnpm[24m/react-dom@19.2.0_react@19.2.0/node_modules/[4mreact-dom[24m/cjs/react-dom-client.development.js:15784:9[90m)[39m

[90mstderr[2m | app/tools/security/hash-generator/__tests__/page.test.tsx[2m > [22m[2mHash Generator Page[2m > [22m[2mAlgorithm Selection[2m > [22m[2mallows selecting SHA-512 algorithm
[22m[39mAn update to ToolRating inside a test was not wrapped in act(...).

When testing, code that causes React state updates should be wrapped into act(...):

act(() => {
  /* fire events that update state */
});
/* assert on the output */

This ensures that you're testing the behavior the user would see in the browser. Learn more at https://react.dev/link/wrap-tests-with-act

[90mstderr[2m | app/tools/data/json-schema/__tests__/page.test.tsx[2m > [22m[2mJSON Schema Generator Page[2m > [22m[2mSchema Options[2m > [22m[2mshould show additionalProperties option
[22m[39mFailed to add recent tool: TypeError: indexedDB.open is not a function
    at openDB [90m(file:///Users/ferryhinardi/Project/supertool/[39mnode_modules/[4m.pnpm[24m/idb@8.0.3/node_modules/[4midb[24m/build/index.js:168:31[90m)[39m
    at getDB [90m(/Users/ferryhinardi/Project/supertool/[39mlib/services/recent-tools.ts:35:22[90m)[39m
    at addRecentTool [90m(/Users/ferryhinardi/Project/supertool/[39mlib/services/recent-tools.ts:53:22[90m)[39m
    at [90m/Users/ferryhinardi/Project/supertool/[39mhooks/tools/useRecentTools.ts:69:7
    at Object.react_stack_bottom_frame [90m(/Users/ferryhinardi/Project/supertool/[39mnode_modules/[4m.pnpm[24m/react-dom@19.2.0_react@19.2.0/node_modules/[4mreact-dom[24m/cjs/react-dom-client.development.js:25989:20[90m)[39m
    at runWithFiberInDEV [90m(/Users/ferryhinardi/Project/supertool/[39mnode_modules/[4m.pnpm[24m/react-dom@19.2.0_react@19.2.0/node_modules/[4mreact-dom[24m/cjs/react-dom-client.development.js:874:13[90m)[39m
    at commitHookEffectListMount [90m(/Users/ferryhinardi/Project/supertool/[39mnode_modules/[4m.pnpm[24m/react-dom@19.2.0_react@19.2.0/node_modules/[4mreact-dom[24m/cjs/react-dom-client.development.js:13249:29[90m)[39m
    at commitHookPassiveMountEffects [90m(/Users/ferryhinardi/Project/supertool/[39mnode_modules/[4m.pnpm[24m/react-dom@19.2.0_react@19.2.0/node_modules/[4mreact-dom[24m/cjs/react-dom-client.development.js:13336:11[90m)[39m
    at reconnectPassiveEffects [90m(/Users/ferryhinardi/Project/supertool/[39mnode_modules/[4m.pnpm[24m/react-dom@19.2.0_react@19.2.0/node_modules/[4mreact-dom[24m/cjs/react-dom-client.development.js:15832:11[90m)[39m
    at recursivelyTraverseReconnectPassiveEffects [90m(/Users/ferryhinardi/Project/supertool/[39mnode_modules/[4m.pnpm[24m/react-dom@19.2.0_react@19.2.0/node_modules/[4mreact-dom[24m/cjs/react-dom-client.development.js:15784:9[90m)[39m

[90mstderr[2m | app/tools/data/json-schema/__tests__/page.test.tsx[2m > [22m[2mJSON Schema Generator Page[2m > [22m[2mCopy Functionality[2m > [22m[2mshould render Copy button
[22m[39mFailed to add recent tool: TypeError: indexedDB.open is not a function
    at openDB [90m(file:///Users/ferryhinardi/Project/supertool/[39mnode_modules/[4m.pnpm[24m/idb@8.0.3/node_modules/[4midb[24m/build/index.js:168:31[90m)[39m
    at getDB [90m(/Users/ferryhinardi/Project/supertool/[39mlib/services/recent-tools.ts:35:22[90m)[39m
    at addRecentTool [90m(/Users/ferryhinardi/Project/supertool/[39mlib/services/recent-tools.ts:53:22[90m)[39m
    at [90m/Users/ferryhinardi/Project/supertool/[39mhooks/tools/useRecentTools.ts:69:7
    at Object.react_stack_bottom_frame [90m(/Users/ferryhinardi/Project/supertool/[39mnode_modules/[4m.pnpm[24m/react-dom@19.2.0_react@19.2.0/node_modules/[4mreact-dom[24m/cjs/react-dom-client.development.js:25989:20[90m)[39m
    at runWithFiberInDEV [90m(/Users/ferryhinardi/Project/supertool/[39mnode_modules/[4m.pnpm[24m/react-dom@19.2.0_react@19.2.0/node_modules/[4mreact-dom[24m/cjs/react-dom-client.development.js:874:13[90m)[39m
    at commitHookEffectListMount [90m(/Users/ferryhinardi/Project/supertool/[39mnode_modules/[4m.pnpm[24m/react-dom@19.2.0_react@19.2.0/node_modules/[4mreact-dom[24m/cjs/react-dom-client.development.js:13249:29[90m)[39m
    at commitHookPassiveMountEffects [90m(/Users/ferryhinardi/Project/supertool/[39mnode_modules/[4m.pnpm[24m/react-dom@19.2.0_react@19.2.0/node_modules/[4mreact-dom[24m/cjs/react-dom-client.development.js:13336:11[90m)[39m
    at reconnectPassiveEffects [90m(/Users/ferryhinardi/Project/supertool/[39mnode_modules/[4m.pnpm[24m/react-dom@19.2.0_react@19.2.0/node_modules/[4mreact-dom[24m/cjs/react-dom-client.development.js:15832:11[90m)[39m
    at recursivelyTraverseReconnectPassiveEffects [90m(/Users/ferryhinardi/Project/supertool/[39mnode_modules/[4m.pnpm[24m/react-dom@19.2.0_react@19.2.0/node_modules/[4mreact-dom[24m/cjs/react-dom-client.development.js:15784:9[90m)[39m

[90mstderr[2m | app/tools/data/json-schema/__tests__/page.test.tsx[2m > [22m[2mJSON Schema Generator Page[2m > [22m[2mCopy Functionality[2m > [22m[2mshould copy schema to clipboard
[22m[39mFailed to add recent tool: TypeError: indexedDB.open is not a function
    at openDB [90m(file:///Users/ferryhinardi/Project/supertool/[39mnode_modules/[4m.pnpm[24m/idb@8.0.3/node_modules/[4midb[24m/build/index.js:168:31[90m)[39m
    at getDB [90m(/Users/ferryhinardi/Project/supertool/[39mlib/services/recent-tools.ts:35:22[90m)[39m
    at addRecentTool [90m(/Users/ferryhinardi/Project/supertool/[39mlib/services/recent-tools.ts:53:22[90m)[39m
    at [90m/Users/ferryhinardi/Project/supertool/[39mhooks/tools/useRecentTools.ts:69:7
    at Object.react_stack_bottom_frame [90m(/Users/ferryhinardi/Project/supertool/[39mnode_modules/[4m.pnpm[24m/react-dom@19.2.0_react@19.2.0/node_modules/[4mreact-dom[24m/cjs/react-dom-client.development.js:25989:20[90m)[39m
    at runWithFiberInDEV [90m(/Users/ferryhinardi/Project/supertool/[39mnode_modules/[4m.pnpm[24m/react-dom@19.2.0_react@19.2.0/node_modules/[4mreact-dom[24m/cjs/react-dom-client.development.js:874:13[90m)[39m
    at commitHookEffectListMount [90m(/Users/ferryhinardi/Project/supertool/[39mnode_modules/[4m.pnpm[24m/react-dom@19.2.0_react@19.2.0/node_modules/[4mreact-dom[24m/cjs/react-dom-client.development.js:13249:29[90m)[39m
    at commitHookPassiveMountEffects [90m(/Users/ferryhinardi/Project/supertool/[39mnode_modules/[4m.pnpm[24m/react-dom@19.2.0_react@19.2.0/node_modules/[4mreact-dom[24m/cjs/react-dom-client.development.js:13336:11[90m)[39m
    at reconnectPassiveEffects [90m(/Users/ferryhinardi/Project/supertool/[39mnode_modules/[4m.pnpm[24m/react-dom@19.2.0_react@19.2.0/node_modules/[4mreact-dom[24m/cjs/react-dom-client.development.js:15832:11[90m)[39m
    at recursivelyTraverseReconnectPassiveEffects [90m(/Users/ferryhinardi/Project/supertool/[39mnode_modules/[4m.pnpm[24m/react-dom@19.2.0_react@19.2.0/node_modules/[4mreact-dom[24m/cjs/react-dom-client.development.js:15784:9[90m)[39m

[90mstderr[2m | app/tools/data/json-schema/__tests__/page.test.tsx[2m > [22m[2mJSON Schema Generator Page[2m > [22m[2mClear Functionality[2m > [22m[2mshould render Clear button
[22m[39mFailed to add recent tool: TypeError: indexedDB.open is not a function
    at openDB [90m(file:///Users/ferryhinardi/Project/supertool/[39mnode_modules/[4m.pnpm[24m/idb@8.0.3/node_modules/[4midb[24m/build/index.js:168:31[90m)[39m
    at getDB [90m(/Users/ferryhinardi/Project/supertool/[39mlib/services/recent-tools.ts:35:22[90m)[39m
    at addRecentTool [90m(/Users/ferryhinardi/Project/supertool/[39mlib/services/recent-tools.ts:53:22[90m)[39m
    at [90m/Users/ferryhinardi/Project/supertool/[39mhooks/tools/useRecentTools.ts:69:7
    at Object.react_stack_bottom_frame [90m(/Users/ferryhinardi/Project/supertool/[39mnode_modules/[4m.pnpm[24m/react-dom@19.2.0_react@19.2.0/node_modules/[4mreact-dom[24m/cjs/react-dom-client.development.js:25989:20[90m)[39m
    at runWithFiberInDEV [90m(/Users/ferryhinardi/Project/supertool/[39mnode_modules/[4m.pnpm[24m/react-dom@19.2.0_react@19.2.0/node_modules/[4mreact-dom[24m/cjs/react-dom-client.development.js:874:13[90m)[39m
    at commitHookEffectListMount [90m(/Users/ferryhinardi/Project/supertool/[39mnode_modules/[4m.pnpm[24m/react-dom@19.2.0_react@19.2.0/node_modules/[4mreact-dom[24m/cjs/react-dom-client.development.js:13249:29[90m)[39m
    at commitHookPassiveMountEffects [90m(/Users/ferryhinardi/Project/supertool/[39mnode_modules/[4m.pnpm[24m/react-dom@19.2.0_react@19.2.0/node_modules/[4mreact-dom[24m/cjs/react-dom-client.development.js:13336:11[90m)[39m
    at reconnectPassiveEffects [90m(/Users/ferryhinardi/Project/supertool/[39mnode_modules/[4m.pnpm[24m/react-dom@19.2.0_react@19.2.0/node_modules/[4mreact-dom[24m/cjs/react-dom-client.development.js:15832:11[90m)[39m
    at recursivelyTraverseReconnectPassiveEffects [90m(/Users/ferryhinardi/Project/supertool/[39mnode_modules/[4m.pnpm[24m/react-dom@19.2.0_react@19.2.0/node_modules/[4mreact-dom[24m/cjs/react-dom-client.development.js:15784:9[90m)[39m

[90mstderr[2m | app/tools/data/json-schema/__tests__/page.test.tsx[2m > [22m[2mJSON Schema Generator Page[2m > [22m[2mClear Functionality[2m > [22m[2mshould clear input when clicked
[22m[39mFailed to add recent tool: TypeError: indexedDB.open is not a function
    at openDB [90m(file:///Users/ferryhinardi/Project/supertool/[39mnode_modules/[4m.pnpm[24m/idb@8.0.3/node_modules/[4midb[24m/build/index.js:168:31[90m)[39m
    at getDB [90m(/Users/ferryhinardi/Project/supertool/[39mlib/services/recent-tools.ts:35:22[90m)[39m
    at addRecentTool [90m(/Users/ferryhinardi/Project/supertool/[39mlib/services/recent-tools.ts:53:22[90m)[39m
    at [90m/Users/ferryhinardi/Project/supertool/[39mhooks/tools/useRecentTools.ts:69:7
    at Object.react_stack_bottom_frame [90m(/Users/ferryhinardi/Project/supertool/[39mnode_modules/[4m.pnpm[24m/react-dom@19.2.0_react@19.2.0/node_modules/[4mreact-dom[24m/cjs/react-dom-client.development.js:25989:20[90m)[39m
    at runWithFiberInDEV [90m(/Users/ferryhinardi/Project/supertool/[39mnode_modules/[4m.pnpm[24m/react-dom@19.2.0_react@19.2.0/node_modules/[4mreact-dom[24m/cjs/react-dom-client.development.js:874:13[90m)[39m
    at commitHookEffectListMount [90m(/Users/ferryhinardi/Project/supertool/[39mnode_modules/[4m.pnpm[24m/react-dom@19.2.0_react@19.2.0/node_modules/[4mreact-dom[24m/cjs/react-dom-client.development.js:13249:29[90m)[39m
    at commitHookPassiveMountEffects [90m(/Users/ferryhinardi/Project/supertool/[39mnode_modules/[4m.pnpm[24m/react-dom@19.2.0_react@19.2.0/node_modules/[4mreact-dom[24m/cjs/react-dom-client.development.js:13336:11[90m)[39m
    at reconnectPassiveEffects [90m(/Users/ferryhinardi/Project/supertool/[39mnode_modules/[4m.pnpm[24m/react-dom@19.2.0_react@19.2.0/node_modules/[4mreact-dom[24m/cjs/react-dom-client.development.js:15832:11[90m)[39m
    at recursivelyTraverseReconnectPassiveEffects [90m(/Users/ferryhinardi/Project/supertool/[39mnode_modules/[4m.pnpm[24m/react-dom@19.2.0_react@19.2.0/node_modules/[4mreact-dom[24m/cjs/react-dom-client.development.js:15784:9[90m)[39m

[90mstderr[2m | app/tools/data/json-schema/__tests__/page.test.tsx[2m > [22m[2mJSON Schema Generator Page[2m > [22m[2mDownload Functionality[2m > [22m[2mshould render Download button
[22m[39mFailed to add recent tool: TypeError: indexedDB.open is not a function
    at openDB [90m(file:///Users/ferryhinardi/Project/supertool/[39mnode_modules/[4m.pnpm[24m/idb@8.0.3/node_modules/[4midb[24m/build/index.js:168:31[90m)[39m
    at getDB [90m(/Users/ferryhinardi/Project/supertool/[39mlib/services/recent-tools.ts:35:22[90m)[39m
    at addRecentTool [90m(/Users/ferryhinardi/Project/supertool/[39mlib/services/recent-tools.ts:53:22[90m)[39m
    at [90m/Users/ferryhinardi/Project/supertool/[39mhooks/tools/useRecentTools.ts:69:7
    at Object.react_stack_bottom_frame [90m(/Users/ferryhinardi/Project/supertool/[39mnode_modules/[4m.pnpm[24m/react-dom@19.2.0_react@19.2.0/node_modules/[4mreact-dom[24m/cjs/react-dom-client.development.js:25989:20[90m)[39m
    at runWithFiberInDEV [90m(/Users/ferryhinardi/Project/supertool/[39mnode_modules/[4m.pnpm[24m/react-dom@19.2.0_react@19.2.0/node_modules/[4mreact-dom[24m/cjs/react-dom-client.development.js:874:13[90m)[39m
    at commitHookEffectListMount [90m(/Users/ferryhinardi/Project/supertool/[39mnode_modules/[4m.pnpm[24m/react-dom@19.2.0_react@19.2.0/node_modules/[4mreact-dom[24m/cjs/react-dom-client.development.js:13249:29[90m)[39m
    at commitHookPassiveMountEffects [90m(/Users/ferryhinardi/Project/supertool/[39mnode_modules/[4m.pnpm[24m/react-dom@19.2.0_react@19.2.0/node_modules/[4mreact-dom[24m/cjs/react-dom-client.development.js:13336:11[90m)[39m
    at reconnectPassiveEffects [90m(/Users/ferryhinardi/Project/supertool/[39mnode_modules/[4m.pnpm[24m/react-dom@19.2.0_react@19.2.0/node_modules/[4mreact-dom[24m/cjs/react-dom-client.development.js:15832:11[90m)[39m
    at recursivelyTraverseReconnectPassiveEffects [90m(/Users/ferryhinardi/Project/supertool/[39mnode_modules/[4m.pnpm[24m/react-dom@19.2.0_react@19.2.0/node_modules/[4mreact-dom[24m/cjs/react-dom-client.development.js:15784:9[90m)[39m

[90mstderr[2m | app/tools/data/json-schema/__tests__/page.test.tsx[2m > [22m[2mJSON Schema Generator Page[2m > [22m[2mDownload Functionality[2m > [22m[2mshould download schema as file
[22m[39mFailed to add recent tool: TypeError: indexedDB.open is not a function
    at openDB [90m(file:///Users/ferryhinardi/Project/supertool/[39mnode_modules/[4m.pnpm[24m/idb@8.0.3/node_modules/[4midb[24m/build/index.js:168:31[90m)[39m
    at getDB [90m(/Users/ferryhinardi/Project/supertool/[39mlib/services/recent-tools.ts:35:22[90m)[39m
    at addRecentTool [90m(/Users/ferryhinardi/Project/supertool/[39mlib/services/recent-tools.ts:53:22[90m)[39m
    at [90m/Users/ferryhinardi/Project/supertool/[39mhooks/tools/useRecentTools.ts:69:7
    at Object.react_stack_bottom_frame [90m(/Users/ferryhinardi/Project/supertool/[39mnode_modules/[4m.pnpm[24m/react-dom@19.2.0_react@19.2.0/node_modules/[4mreact-dom[24m/cjs/react-dom-client.development.js:25989:20[90m)[39m
    at runWithFiberInDEV [90m(/Users/ferryhinardi/Project/supertool/[39mnode_modules/[4m.pnpm[24m/react-dom@19.2.0_react@19.2.0/node_modules/[4mreact-dom[24m/cjs/react-dom-client.development.js:874:13[90m)[39m
    at commitHookEffectListMount [90m(/Users/ferryhinardi/Project/supertool/[39mnode_modules/[4m.pnpm[24m/react-dom@19.2.0_react@19.2.0/node_modules/[4mreact-dom[24m/cjs/react-dom-client.development.js:13249:29[90m)[39m
    at commitHookPassiveMountEffects [90m(/Users/ferryhinardi/Project/supertool/[39mnode_modules/[4m.pnpm[24m/react-dom@19.2.0_react@19.2.0/node_modules/[4mreact-dom[24m/cjs/react-dom-client.development.js:13336:11[90m)[39m
    at reconnectPassiveEffects [90m(/Users/ferryhinardi/Project/supertool/[39mnode_modules/[4m.pnpm[24m/react-dom@19.2.0_react@19.2.0/node_modules/[4mreact-dom[24m/cjs/react-dom-client.development.js:15832:11[90m)[39m
    at recursivelyTraverseReconnectPassiveEffects [90m(/Users/ferryhinardi/Project/supertool/[39mnode_modules/[4m.pnpm[24m/react-dom@19.2.0_react@19.2.0/node_modules/[4mreact-dom[24m/cjs/react-dom-client.development.js:15784:9[90m)[39m

[90mstderr[2m | app/tools/data/json-schema/__tests__/page.test.tsx[2m > [22m[2mJSON Schema Generator Page[2m > [22m[2mExample JSON[2m > [22m[2mshould display example button
[22m[39mFailed to add recent tool: TypeError: indexedDB.open is not a function
    at openDB [90m(file:///Users/ferryhinardi/Project/supertool/[39mnode_modules/[4m.pnpm[24m/idb@8.0.3/node_modules/[4midb[24m/build/index.js:168:31[90m)[39m
    at getDB [90m(/Users/ferryhinardi/Project/supertool/[39mlib/services/recent-tools.ts:35:22[90m)[39m
    at addRecentTool [90m(/Users/ferryhinardi/Project/supertool/[39mlib/services/recent-tools.ts:53:22[90m)[39m
    at [90m/Users/ferryhinardi/Project/supertool/[39mhooks/tools/useRecentTools.ts:69:7
    at Object.react_stack_bottom_frame [90m(/Users/ferryhinardi/Project/supertool/[39mnode_modules/[4m.pnpm[24m/react-dom@19.2.0_react@19.2.0/node_modules/[4mreact-dom[24m/cjs/react-dom-client.development.js:25989:20[90m)[39m
    at runWithFiberInDEV [90m(/Users/ferryhinardi/Project/supertool/[39mnode_modules/[4m.pnpm[24m/react-dom@19.2.0_react@19.2.0/node_modules/[4mreact-dom[24m/cjs/react-dom-client.development.js:874:13[90m)[39m
    at commitHookEffectListMount [90m(/Users/ferryhinardi/Project/supertool/[39mnode_modules/[4m.pnpm[24m/react-dom@19.2.0_react@19.2.0/node_modules/[4mreact-dom[24m/cjs/react-dom-client.development.js:13249:29[90m)[39m
    at commitHookPassiveMountEffects [90m(/Users/ferryhinardi/Project/supertool/[39mnode_modules/[4m.pnpm[24m/react-dom@19.2.0_react@19.2.0/node_modules/[4mreact-dom[24m/cjs/react-dom-client.development.js:13336:11[90m)[39m
    at reconnectPassiveEffects [90m(/Users/ferryhinardi/Project/supertool/[39mnode_modules/[4m.pnpm[24m/react-dom@19.2.0_react@19.2.0/node_modules/[4mreact-dom[24m/cjs/react-dom-client.development.js:15832:11[90m)[39m
    at recursivelyTraverseReconnectPassiveEffects [90m(/Users/ferryhinardi/Project/supertool/[39mnode_modules/[4m.pnpm[24m/react-dom@19.2.0_react@19.2.0/node_modules/[4mreact-dom[24m/cjs/react-dom-client.development.js:15784:9[90m)[39m

[90mstderr[2m | app/tools/data/json-schema/__tests__/page.test.tsx[2m > [22m[2mJSON Schema Generator Page[2m > [22m[2mExample JSON[2m > [22m[2mshould load example when clicked
[22m[39mFailed to add recent tool: TypeError: indexedDB.open is not a function
    at openDB [90m(file:///Users/ferryhinardi/Project/supertool/[39mnode_modules/[4m.pnpm[24m/idb@8.0.3/node_modules/[4midb[24m/build/index.js:168:31[90m)[39m
    at getDB [90m(/Users/ferryhinardi/Project/supertool/[39mlib/services/recent-tools.ts:35:22[90m)[39m
    at addRecentTool [90m(/Users/ferryhinardi/Project/supertool/[39mlib/services/recent-tools.ts:53:22[90m)[39m
    at [90m/Users/ferryhinardi/Project/supertool/[39mhooks/tools/useRecentTools.ts:69:7
    at Object.react_stack_bottom_frame [90m(/Users/ferryhinardi/Project/supertool/[39mnode_modules/[4m.pnpm[24m/react-dom@19.2.0_react@19.2.0/node_modules/[4mreact-dom[24m/cjs/react-dom-client.development.js:25989:20[90m)[39m
    at runWithFiberInDEV [90m(/Users/ferryhinardi/Project/supertool/[39mnode_modules/[4m.pnpm[24m/react-dom@19.2.0_react@19.2.0/node_modules/[4mreact-dom[24m/cjs/react-dom-client.development.js:874:13[90m)[39m
    at commitHookEffectListMount [90m(/Users/ferryhinardi/Project/supertool/[39mnode_modules/[4m.pnpm[24m/react-dom@19.2.0_react@19.2.0/node_modules/[4mreact-dom[24m/cjs/react-dom-client.development.js:13249:29[90m)[39m
    at commitHookPassiveMountEffects [90m(/Users/ferryhinardi/Project/supertool/[39mnode_modules/[4m.pnpm[24m/react-dom@19.2.0_react@19.2.0/node_modules/[4mreact-dom[24m/cjs/react-dom-client.development.js:13336:11[90m)[39m
    at reconnectPassiveEffects [90m(/Users/ferryhinardi/Project/supertool/[39mnode_modules/[4m.pnpm[24m/react-dom@19.2.0_react@19.2.0/node_modules/[4mreact-dom[24m/cjs/react-dom-client.development.js:15832:11[90m)[39m
    at recursivelyTraverseReconnectPassiveEffects [90m(/Users/ferryhinardi/Project/supertool/[39mnode_modules/[4m.pnpm[24m/react-dom@19.2.0_react@19.2.0/node_modules/[4mreact-dom[24m/cjs/react-dom-client.development.js:15784:9[90m)[39m

[90mstderr[2m | app/tools/data/json-schema/__tests__/page.test.tsx[2m > [22m[2mJSON Schema Generator Page[2m > [22m[2mSchema Validation[2m > [22m[2mshould validate generated schema
[22m[39mFailed to add recent tool: TypeError: indexedDB.open is not a function
    at openDB [90m(file:///Users/ferryhinardi/Project/supertool/[39mnode_modules/[4m.pnpm[24m/idb@8.0.3/node_modules/[4midb[24m/build/index.js:168:31[90m)[39m
    at getDB [90m(/Users/ferryhinardi/Project/supertool/[39mlib/services/recent-tools.ts:35:22[90m)[39m
    at addRecentTool [90m(/Users/ferryhinardi/Project/supertool/[39mlib/services/recent-tools.ts:53:22[90m)[39m
    at [90m/Users/ferryhinardi/Project/supertool/[39mhooks/tools/useRecentTools.ts:69:7
    at Object.react_stack_bottom_frame [90m(/Users/ferryhinardi/Project/supertool/[39mnode_modules/[4m.pnpm[24m/react-dom@19.2.0_react@19.2.0/node_modules/[4mreact-dom[24m/cjs/react-dom-client.development.js:25989:20[90m)[39m
    at runWithFiberInDEV [90m(/Users/ferryhinardi/Project/supertool/[39mnode_modules/[4m.pnpm[24m/react-dom@19.2.0_react@19.2.0/node_modules/[4mreact-dom[24m/cjs/react-dom-client.development.js:874:13[90m)[39m
    at commitHookEffectListMount [90m(/Users/ferryhinardi/Project/supertool/[39mnode_modules/[4m.pnpm[24m/react-dom@19.2.0_react@19.2.0/node_modules/[4mreact-dom[24m/cjs/react-dom-client.development.js:13249:29[90m)[39m
    at commitHookPassiveMountEffects [90m(/Users/ferryhinardi/Project/supertool/[39mnode_modules/[4m.pnpm[24m/react-dom@19.2.0_react@19.2.0/node_modules/[4mreact-dom[24m/cjs/react-dom-client.development.js:13336:11[90m)[39m
    at reconnectPassiveEffects [90m(/Users/ferryhinardi/Project/supertool/[39mnode_modules/[4m.pnpm[24m/react-dom@19.2.0_react@19.2.0/node_modules/[4mreact-dom[24m/cjs/react-dom-client.development.js:15832:11[90m)[39m
    at recursivelyTraverseReconnectPassiveEffects [90m(/Users/ferryhinardi/Project/supertool/[39mnode_modules/[4m.pnpm[24m/react-dom@19.2.0_react@19.2.0/node_modules/[4mreact-dom[24m/cjs/react-dom-client.development.js:15784:9[90m)[39m

[90mstderr[2m | app/tools/data/json-schema/__tests__/page.test.tsx[2m > [22m[2mJSON Schema Generator Page[2m > [22m[2mError Handling[2m > [22m[2mshould show error for invalid JSON
[22m[39mFailed to add recent tool: TypeError: indexedDB.open is not a function
    at openDB [90m(file:///Users/ferryhinardi/Project/supertool/[39mnode_modules/[4m.pnpm[24m/idb@8.0.3/node_modules/[4midb[24m/build/index.js:168:31[90m)[39m
    at getDB [90m(/Users/ferryhinardi/Project/supertool/[39mlib/services/recent-tools.ts:35:22[90m)[39m
    at addRecentTool [90m(/Users/ferryhinardi/Project/supertool/[39mlib/services/recent-tools.ts:53:22[90m)[39m
    at [90m/Users/ferryhinardi/Project/supertool/[39mhooks/tools/useRecentTools.ts:69:7
    at Object.react_stack_bottom_frame [90m(/Users/ferryhinardi/Project/supertool/[39mnode_modules/[4m.pnpm[24m/react-dom@19.2.0_react@19.2.0/node_modules/[4mreact-dom[24m/cjs/react-dom-client.development.js:25989:20[90m)[39m
    at runWithFiberInDEV [90m(/Users/ferryhinardi/Project/supertool/[39mnode_modules/[4m.pnpm[24m/react-dom@19.2.0_react@19.2.0/node_modules/[4mreact-dom[24m/cjs/react-dom-client.development.js:874:13[90m)[39m
    at commitHookEffectListMount [90m(/Users/ferryhinardi/Project/supertool/[39mnode_modules/[4m.pnpm[24m/react-dom@19.2.0_react@19.2.0/node_modules/[4mreact-dom[24m/cjs/react-dom-client.development.js:13249:29[90m)[39m
    at commitHookPassiveMountEffects [90m(/Users/ferryhinardi/Project/supertool/[39mnode_modules/[4m.pnpm[24m/react-dom@19.2.0_react@19.2.0/node_modules/[4mreact-dom[24m/cjs/react-dom-client.development.js:13336:11[90m)[39m
    at reconnectPassiveEffects [90m(/Users/ferryhinardi/Project/supertool/[39mnode_modules/[4m.pnpm[24m/react-dom@19.2.0_react@19.2.0/node_modules/[4mreact-dom[24m/cjs/react-dom-client.development.js:15832:11[90m)[39m
    at recursivelyTraverseReconnectPassiveEffects [90m(/Users/ferryhinardi/Project/supertool/[39mnode_modules/[4m.pnpm[24m/react-dom@19.2.0_react@19.2.0/node_modules/[4mreact-dom[24m/cjs/react-dom-client.development.js:15784:9[90m)[39m

[90mstderr[2m | app/tools/data/json-schema/__tests__/page.test.tsx[2m > [22m[2mJSON Schema Generator Page[2m > [22m[2mError Handling[2m > [22m[2mshould display error message
[22m[39mFailed to add recent tool: TypeError: indexedDB.open is not a function
    at openDB [90m(file:///Users/ferryhinardi/Project/supertool/[39mnode_modules/[4m.pnpm[24m/idb@8.0.3/node_modules/[4midb[24m/build/index.js:168:31[90m)[39m
    at getDB [90m(/Users/ferryhinardi/Project/supertool/[39mlib/services/recent-tools.ts:35:22[90m)[39m
    at addRecentTool [90m(/Users/ferryhinardi/Project/supertool/[39mlib/services/recent-tools.ts:53:22[90m)[39m
    at [90m/Users/ferryhinardi/Project/supertool/[39mhooks/tools/useRecentTools.ts:69:7
    at Object.react_stack_bottom_frame [90m(/Users/ferryhinardi/Project/supertool/[39mnode_modules/[4m.pnpm[24m/react-dom@19.2.0_react@19.2.0/node_modules/[4mreact-dom[24m/cjs/react-dom-client.development.js:25989:20[90m)[39m
    at runWithFiberInDEV [90m(/Users/ferryhinardi/Project/supertool/[39mnode_modules/[4m.pnpm[24m/react-dom@19.2.0_react@19.2.0/node_modules/[4mreact-dom[24m/cjs/react-dom-client.development.js:874:13[90m)[39m
    at commitHookEffectListMount [90m(/Users/ferryhinardi/Project/supertool/[39mnode_modules/[4m.pnpm[24m/react-dom@19.2.0_react@19.2.0/node_modules/[4mreact-dom[24m/cjs/react-dom-client.development.js:13249:29[90m)[39m
    at commitHookPassiveMountEffects [90m(/Users/ferryhinardi/Project/supertool/[39mnode_modules/[4m.pnpm[24m/react-dom@19.2.0_react@19.2.0/node_modules/[4mreact-dom[24m/cjs/react-dom-client.development.js:13336:11[90m)[39m
    at reconnectPassiveEffects [90m(/Users/ferryhinardi/Project/supertool/[39mnode_modules/[4m.pnpm[24m/react-dom@19.2.0_react@19.2.0/node_modules/[4mreact-dom[24m/cjs/react-dom-client.development.js:15832:11[90m)[39m
    at recursivelyTraverseReconnectPassiveEffects [90m(/Users/ferryhinardi/Project/supertool/[39mnode_modules/[4m.pnpm[24m/react-dom@19.2.0_react@19.2.0/node_modules/[4mreact-dom[24m/cjs/react-dom-client.development.js:15784:9[90m)[39m

[90mstderr[2m | app/tools/data/json-schema/__tests__/page.test.tsx[2m > [22m[2mJSON Schema Generator Page[2m > [22m[2mOutput Display[2m > [22m[2mshould display schema output area
[22m[39mFailed to add recent tool: TypeError: indexedDB.open is not a function
    at openDB [90m(file:///Users/ferryhinardi/Project/supertool/[39mnode_modules/[4m.pnpm[24m/idb@8.0.3/node_modules/[4midb[24m/build/index.js:168:31[90m)[39m
    at getDB [90m(/Users/ferryhinardi/Project/supertool/[39mlib/services/recent-tools.ts:35:22[90m)[39m
    at addRecentTool [90m(/Users/ferryhinardi/Project/supertool/[39mlib/services/recent-tools.ts:53:22[90m)[39m
    at [90m/Users/ferryhinardi/Project/supertool/[39mhooks/tools/useRecentTools.ts:69:7
    at Object.react_stack_bottom_frame [90m(/Users/ferryhinardi/Project/supertool/[39mnode_modules/[4m.pnpm[24m/react-dom@19.2.0_react@19.2.0/node_modules/[4mreact-dom[24m/cjs/react-dom-client.development.js:25989:20[90m)[39m
    at runWithFiberInDEV [90m(/Users/ferryhinardi/Project/supertool/[39mnode_modules/[4m.pnpm[24m/react-dom@19.2.0_react@19.2.0/node_modules/[4mreact-dom[24m/cjs/react-dom-client.development.js:874:13[90m)[39m
    at commitHookEffectListMount [90m(/Users/ferryhinardi/Project/supertool/[39mnode_modules/[4m.pnpm[24m/react-dom@19.2.0_react@19.2.0/node_modules/[4mreact-dom[24m/cjs/react-dom-client.development.js:13249:29[90m)[39m
    at commitHookPassiveMountEffects [90m(/Users/ferryhinardi/Project/supertool/[39mnode_modules/[4m.pnpm[24m/react-dom@19.2.0_react@19.2.0/node_modules/[4mreact-dom[24m/cjs/react-dom-client.development.js:13336:11[90m)[39m
    at reconnectPassiveEffects [90m(/Users/ferryhinardi/Project/supertool/[39mnode_modules/[4m.pnpm[24m/react-dom@19.2.0_react@19.2.0/node_modules/[4mreact-dom[24m/cjs/react-dom-client.development.js:15832:11[90m)[39m
    at recursivelyTraverseReconnectPassiveEffects [90m(/Users/ferryhinardi/Project/supertool/[39mnode_modules/[4m.pnpm[24m/react-dom@19.2.0_react@19.2.0/node_modules/[4mreact-dom[24m/cjs/react-dom-client.development.js:15784:9[90m)[39m

[90mstderr[2m | app/tools/data/json-schema/__tests__/page.test.tsx[2m > [22m[2mJSON Schema Generator Page[2m > [22m[2mOutput Display[2m > [22m[2mshould show formatted schema
[22m[39mFailed to add recent tool: TypeError: indexedDB.open is not a function
    at openDB [90m(file:///Users/ferryhinardi/Project/supertool/[39mnode_modules/[4m.pnpm[24m/idb@8.0.3/node_modules/[4midb[24m/build/index.js:168:31[90m)[39m
    at getDB [90m(/Users/ferryhinardi/Project/supertool/[39mlib/services/recent-tools.ts:35:22[90m)[39m
    at addRecentTool [90m(/Users/ferryhinardi/Project/supertool/[39mlib/services/recent-tools.ts:53:22[90m)[39m
    at [90m/Users/ferryhinardi/Project/supertool/[39mhooks/tools/useRecentTools.ts:69:7
    at Object.react_stack_bottom_frame [90m(/Users/ferryhinardi/Project/supertool/[39mnode_modules/[4m.pnpm[24m/react-dom@19.2.0_react@19.2.0/node_modules/[4mreact-dom[24m/cjs/react-dom-client.development.js:25989:20[90m)[39m
    at runWithFiberInDEV [90m(/Users/ferryhinardi/Project/supertool/[39mnode_modules/[4m.pnpm[24m/react-dom@19.2.0_react@19.2.0/node_modules/[4mreact-dom[24m/cjs/react-dom-client.development.js:874:13[90m)[39m
    at commitHookEffectListMount [90m(/Users/ferryhinardi/Project/supertool/[39mnode_modules/[4m.pnpm[24m/react-dom@19.2.0_react@19.2.0/node_modules/[4mreact-dom[24m/cjs/react-dom-client.development.js:13249:29[90m)[39m
    at commitHookPassiveMountEffects [90m(/Users/ferryhinardi/Project/supertool/[39mnode_modules/[4m.pnpm[24m/react-dom@19.2.0_react@19.2.0/node_modules/[4mreact-dom[24m/cjs/react-dom-client.development.js:13336:11[90m)[39m
    at reconnectPassiveEffects [90m(/Users/ferryhinardi/Project/supertool/[39mnode_modules/[4m.pnpm[24m/react-dom@19.2.0_react@19.2.0/node_modules/[4mreact-dom[24m/cjs/react-dom-client.development.js:15832:11[90m)[39m
    at recursivelyTraverseReconnectPassiveEffects [90m(/Users/ferryhinardi/Project/supertool/[39mnode_modules/[4m.pnpm[24m/react-dom@19.2.0_react@19.2.0/node_modules/[4mreact-dom[24m/cjs/react-dom-client.development.js:15784:9[90m)[39m

[90mstderr[2m | app/tools/data/json-schema/__tests__/page.test.tsx[2m > [22m[2mJSON Schema Generator Page[2m > [22m[2mVisual Elements[2m > [22m[2mshould render icons
[22m[39mFailed to add recent tool: TypeError: indexedDB.open is not a function
    at openDB [90m(file:///Users/ferryhinardi/Project/supertool/[39mnode_modules/[4m.pnpm[24m/idb@8.0.3/node_modules/[4midb[24m/build/index.js:168:31[90m)[39m
    at getDB [90m(/Users/ferryhinardi/Project/supertool/[39mlib/services/recent-tools.ts:35:22[90m)[39m
    at addRecentTool [90m(/Users/ferryhinardi/Project/supertool/[39mlib/services/recent-tools.ts:53:22[90m)[39m
    at [90m/Users/ferryhinardi/Project/supertool/[39mhooks/tools/useRecentTools.ts:69:7
    at Object.react_stack_bottom_frame [90m(/Users/ferryhinardi/Project/supertool/[39mnode_modules/[4m.pnpm[24m/react-dom@19.2.0_react@19.2.0/node_modules/[4mreact-dom[24m/cjs/react-dom-client.development.js:25989:20[90m)[39m
    at runWithFiberInDEV [90m(/Users/ferryhinardi/Project/supertool/[39mnode_modules/[4m.pnpm[24m/react-dom@19.2.0_react@19.2.0/node_modules/[4mreact-dom[24m/cjs/react-dom-client.development.js:874:13[90m)[39m
    at commitHookEffectListMount [90m(/Users/ferryhinardi/Project/supertool/[39mnode_modules/[4m.pnpm[24m/react-dom@19.2.0_react@19.2.0/node_modules/[4mreact-dom[24m/cjs/react-dom-client.development.js:13249:29[90m)[39m
    at commitHookPassiveMountEffects [90m(/Users/ferryhinardi/Project/supertool/[39mnode_modules/[4m.pnpm[24m/react-dom@19.2.0_react@19.2.0/node_modules/[4mreact-dom[24m/cjs/react-dom-client.development.js:13336:11[90m)[39m
    at reconnectPassiveEffects [90m(/Users/ferryhinardi/Project/supertool/[39mnode_modules/[4m.pnpm[24m/react-dom@19.2.0_react@19.2.0/node_modules/[4mreact-dom[24m/cjs/react-dom-client.development.js:15832:11[90m)[39m
    at recursivelyTraverseReconnectPassiveEffects [90m(/Users/ferryhinardi/Project/supertool/[39mnode_modules/[4m.pnpm[24m/react-dom@19.2.0_react@19.2.0/node_modules/[4mreact-dom[24m/cjs/react-dom-client.development.js:15784:9[90m)[39m

[90mstderr[2m | app/tools/data/json-schema/__tests__/page.test.tsx[2m > [22m[2mJSON Schema Generator Page[2m > [22m[2mVisual Elements[2m > [22m[2mshould display formatted layout
[22m[39mFailed to add recent tool: TypeError: indexedDB.open is not a function
    at openDB [90m(file:///Users/ferryhinardi/Project/supertool/[39mnode_modules/[4m.pnpm[24m/idb@8.0.3/node_modules/[4midb[24m/build/index.js:168:31[90m)[39m
    at getDB [90m(/Users/ferryhinardi/Project/supertool/[39mlib/services/recent-tools.ts:35:22[90m)[39m
    at addRecentTool [90m(/Users/ferryhinardi/Project/supertool/[39mlib/services/recent-tools.ts:53:22[90m)[39m
    at [90m/Users/ferryhinardi/Project/supertool/[39mhooks/tools/useRecentTools.ts:69:7
    at Object.react_stack_bottom_frame [90m(/Users/ferryhinardi/Project/supertool/[39mnode_modules/[4m.pnpm[24m/react-dom@19.2.0_react@19.2.0/node_modules/[4mreact-dom[24m/cjs/react-dom-client.development.js:25989:20[90m)[39m
    at runWithFiberInDEV [90m(/Users/ferryhinardi/Project/supertool/[39mnode_modules/[4m.pnpm[24m/react-dom@19.2.0_react@19.2.0/node_modules/[4mreact-dom[24m/cjs/react-dom-client.development.js:874:13[90m)[39m
    at commitHookEffectListMount [90m(/Users/ferryhinardi/Project/supertool/[39mnode_modules/[4m.pnpm[24m/react-dom@19.2.0_react@19.2.0/node_modules/[4mreact-dom[24m/cjs/react-dom-client.development.js:13249:29[90m)[39m
    at commitHookPassiveMountEffects [90m(/Users/ferryhinardi/Project/supertool/[39mnode_modules/[4m.pnpm[24m/react-dom@19.2.0_react@19.2.0/node_modules/[4mreact-dom[24m/cjs/react-dom-client.development.js:13336:11[90m)[39m
    at reconnectPassiveEffects [90m(/Users/ferryhinardi/Project/supertool/[39mnode_modules/[4m.pnpm[24m/react-dom@19.2.0_react@19.2.0/node_modules/[4mreact-dom[24m/cjs/react-dom-client.development.js:15832:11[90m)[39m
    at recursivelyTraverseReconnectPassiveEffects [90m(/Users/ferryhinardi/Project/supertool/[39mnode_modules/[4m.pnpm[24m/react-dom@19.2.0_react@19.2.0/node_modules/[4mreact-dom[24m/cjs/react-dom-client.development.js:15784:9[90m)[39m

[90mstderr[2m | app/tools/data/json-schema/__tests__/page.test.tsx[2m > [22m[2mJSON Schema Generator Page[2m > [22m[2mAccessibility[2m > [22m[2mshould have accessible textarea
[22m[39mFailed to add recent tool: TypeError: indexedDB.open is not a function
    at openDB [90m(file:///Users/ferryhinardi/Project/supertool/[39mnode_modules/[4m.pnpm[24m/idb@8.0.3/node_modules/[4midb[24m/build/index.js:168:31[90m)[39m
    at getDB [90m(/Users/ferryhinardi/Project/supertool/[39mlib/services/recent-tools.ts:35:22[90m)[39m
    at addRecentTool [90m(/Users/ferryhinardi/Project/supertool/[39mlib/services/recent-tools.ts:53:22[90m)[39m
    at [90m/Users/ferryhinardi/Project/supertool/[39mhooks/tools/useRecentTools.ts:69:7
    at Object.react_stack_bottom_frame [90m(/Users/ferryhinardi/Project/supertool/[39mnode_modules/[4m.pnpm[24m/react-dom@19.2.0_react@19.2.0/node_modules/[4mreact-dom[24m/cjs/react-dom-client.development.js:25989:20[90m)[39m
    at runWithFiberInDEV [90m(/Users/ferryhinardi/Project/supertool/[39mnode_modules/[4m.pnpm[24m/react-dom@19.2.0_react@19.2.0/node_modules/[4mreact-dom[24m/cjs/react-dom-client.development.js:874:13[90m)[39m
    at commitHookEffectListMount [90m(/Users/ferryhinardi/Project/supertool/[39mnode_modules/[4m.pnpm[24m/react-dom@19.2.0_react@19.2.0/node_modules/[4mreact-dom[24m/cjs/react-dom-client.development.js:13249:29[90m)[39m
    at commitHookPassiveMountEffects [90m(/Users/ferryhinardi/Project/supertool/[39mnode_modules/[4m.pnpm[24m/react-dom@19.2.0_react@19.2.0/node_modules/[4mreact-dom[24m/cjs/react-dom-client.development.js:13336:11[90m)[39m
    at reconnectPassiveEffects [90m(/Users/ferryhinardi/Project/supertool/[39mnode_modules/[4m.pnpm[24m/react-dom@19.2.0_react@19.2.0/node_modules/[4mreact-dom[24m/cjs/react-dom-client.development.js:15832:11[90m)[39m
    at recursivelyTraverseReconnectPassiveEffects [90m(/Users/ferryhinardi/Project/supertool/[39mnode_modules/[4m.pnpm[24m/react-dom@19.2.0_react@19.2.0/node_modules/[4mreact-dom[24m/cjs/react-dom-client.development.js:15784:9[90m)[39m

[90mstderr[2m | app/tools/data/json-schema/__tests__/page.test.tsx[2m > [22m[2mJSON Schema Generator Page[2m > [22m[2mAccessibility[2m > [22m[2mshould have accessible buttons
[22m[39mFailed to add recent tool: TypeError: indexedDB.open is not a function
    at openDB [90m(file:///Users/ferryhinardi/Project/supertool/[39mnode_modules/[4m.pnpm[24m/idb@8.0.3/node_modules/[4midb[24m/build/index.js:168:31[90m)[39m
    at getDB [90m(/Users/ferryhinardi/Project/supertool/[39mlib/services/recent-tools.ts:35:22[90m)[39m
    at addRecentTool [90m(/Users/ferryhinardi/Project/supertool/[39mlib/services/recent-tools.ts:53:22[90m)[39m
    at [90m/Users/ferryhinardi/Project/supertool/[39mhooks/tools/useRecentTools.ts:69:7
    at Object.react_stack_bottom_frame [90m(/Users/ferryhinardi/Project/supertool/[39mnode_modules/[4m.pnpm[24m/react-dom@19.2.0_react@19.2.0/node_modules/[4mreact-dom[24m/cjs/react-dom-client.development.js:25989:20[90m)[39m
    at runWithFiberInDEV [90m(/Users/ferryhinardi/Project/supertool/[39mnode_modules/[4m.pnpm[24m/react-dom@19.2.0_react@19.2.0/node_modules/[4mreact-dom[24m/cjs/react-dom-client.development.js:874:13[90m)[39m
    at commitHookEffectListMount [90m(/Users/ferryhinardi/Project/supertool/[39mnode_modules/[4m.pnpm[24m/react-dom@19.2.0_react@19.2.0/node_modules/[4mreact-dom[24m/cjs/react-dom-client.development.js:13249:29[90m)[39m
    at commitHookPassiveMountEffects [90m(/Users/ferryhinardi/Project/supertool/[39mnode_modules/[4m.pnpm[24m/react-dom@19.2.0_react@19.2.0/node_modules/[4mreact-dom[24m/cjs/react-dom-client.development.js:13336:11[90m)[39m
    at reconnectPassiveEffects [90m(/Users/ferryhinardi/Project/supertool/[39mnode_modules/[4m.pnpm[24m/react-dom@19.2.0_react@19.2.0/node_modules/[4mreact-dom[24m/cjs/react-dom-client.development.js:15832:11[90m)[39m
    at recursivelyTraverseReconnectPassiveEffects [90m(/Users/ferryhinardi/Project/supertool/[39mnode_modules/[4m.pnpm[24m/react-dom@19.2.0_react@19.2.0/node_modules/[4mreact-dom[24m/cjs/react-dom-client.development.js:15784:9[90m)[39m

[90mstderr[2m | app/tools/data/json-schema/__tests__/page.test.tsx[2m > [22m[2mJSON Schema Generator Page[2m > [22m[2mAccessibility[2m > [22m[2mshould have ARIA labels
[22m[39mFailed to add recent tool: TypeError: indexedDB.open is not a function
    at openDB [90m(file:///Users/ferryhinardi/Project/supertool/[39mnode_modules/[4m.pnpm[24m/idb@8.0.3/node_modules/[4midb[24m/build/index.js:168:31[90m)[39m
    at getDB [90m(/Users/ferryhinardi/Project/supertool/[39mlib/services/recent-tools.ts:35:22[90m)[39m
    at addRecentTool [90m(/Users/ferryhinardi/Project/supertool/[39mlib/services/recent-tools.ts:53:22[90m)[39m
    at [90m/Users/ferryhinardi/Project/supertool/[39mhooks/tools/useRecentTools.ts:69:7
    at Object.react_stack_bottom_frame [90m(/Users/ferryhinardi/Project/supertool/[39mnode_modules/[4m.pnpm[24m/react-dom@19.2.0_react@19.2.0/node_modules/[4mreact-dom[24m/cjs/react-dom-client.development.js:25989:20[90m)[39m
    at runWithFiberInDEV [90m(/Users/ferryhinardi/Project/supertool/[39mnode_modules/[4m.pnpm[24m/react-dom@19.2.0_react@19.2.0/node_modules/[4mreact-dom[24m/cjs/react-dom-client.development.js:874:13[90m)[39m
    at commitHookEffectListMount [90m(/Users/ferryhinardi/Project/supertool/[39mnode_modules/[4m.pnpm[24m/react-dom@19.2.0_react@19.2.0/node_modules/[4mreact-dom[24m/cjs/react-dom-client.development.js:13249:29[90m)[39m
    at commitHookPassiveMountEffects [90m(/Users/ferryhinardi/Project/supertool/[39mnode_modules/[4m.pnpm[24m/react-dom@19.2.0_react@19.2.0/node_modules/[4mreact-dom[24m/cjs/react-dom-client.development.js:13336:11[90m)[39m
    at reconnectPassiveEffects [90m(/Users/ferryhinardi/Project/supertool/[39mnode_modules/[4m.pnpm[24m/react-dom@19.2.0_react@19.2.0/node_modules/[4mreact-dom[24m/cjs/react-dom-client.development.js:15832:11[90m)[39m
    at recursivelyTraverseReconnectPassiveEffects [90m(/Users/ferryhinardi/Project/supertool/[39mnode_modules/[4m.pnpm[24m/react-dom@19.2.0_react@19.2.0/node_modules/[4mreact-dom[24m/cjs/react-dom-client.development.js:15784:9[90m)[39m

[90mstderr[2m | app/tools/data/json-schema/__tests__/page.test.tsx[2m > [22m[2mJSON Schema Generator Page[2m > [22m[2mRelated Tools[2m > [22m[2mshould render Related Tools section
[22m[39mFailed to add recent tool: TypeError: indexedDB.open is not a function
    at openDB [90m(file:///Users/ferryhinardi/Project/supertool/[39mnode_modules/[4m.pnpm[24m/idb@8.0.3/node_modules/[4midb[24m/build/index.js:168:31[90m)[39m
    at getDB [90m(/Users/ferryhinardi/Project/supertool/[39mlib/services/recent-tools.ts:35:22[90m)[39m
    at addRecentTool [90m(/Users/ferryhinardi/Project/supertool/[39mlib/services/recent-tools.ts:53:22[90m)[39m
    at [90m/Users/ferryhinardi/Project/supertool/[39mhooks/tools/useRecentTools.ts:69:7
    at Object.react_stack_bottom_frame [90m(/Users/ferryhinardi/Project/supertool/[39mnode_modules/[4m.pnpm[24m/react-dom@19.2.0_react@19.2.0/node_modules/[4mreact-dom[24m/cjs/react-dom-client.development.js:25989:20[90m)[39m
    at runWithFiberInDEV [90m(/Users/ferryhinardi/Project/supertool/[39mnode_modules/[4m.pnpm[24m/react-dom@19.2.0_react@19.2.0/node_modules/[4mreact-dom[24m/cjs/react-dom-client.development.js:874:13[90m)[39m
    at commitHookEffectListMount [90m(/Users/ferryhinardi/Project/supertool/[39mnode_modules/[4m.pnpm[24m/react-dom@19.2.0_react@19.2.0/node_modules/[4mreact-dom[24m/cjs/react-dom-client.development.js:13249:29[90m)[39m
    at commitHookPassiveMountEffects [90m(/Users/ferryhinardi/Project/supertool/[39mnode_modules/[4m.pnpm[24m/react-dom@19.2.0_react@19.2.0/node_modules/[4mreact-dom[24m/cjs/react-dom-client.development.js:13336:11[90m)[39m
    at reconnectPassiveEffects [90m(/Users/ferryhinardi/Project/supertool/[39mnode_modules/[4m.pnpm[24m/react-dom@19.2.0_react@19.2.0/node_modules/[4mreact-dom[24m/cjs/react-dom-client.development.js:15832:11[90m)[39m
    at recursivelyTraverseReconnectPassiveEffects [90m(/Users/ferryhinardi/Project/supertool/[39mnode_modules/[4m.pnpm[24m/react-dom@19.2.0_react@19.2.0/node_modules/[4mreact-dom[24m/cjs/react-dom-client.development.js:15784:9[90m)[39m

[90mstderr[2m | app/tools/data/json-schema/__tests__/page.test.tsx[2m > [22m[2mJSON Schema Generator Page[2m > [22m[2mRelated Tools[2m > [22m[2mshould display related tool links
[22m[39mFailed to add recent tool: TypeError: indexedDB.open is not a function
    at openDB [90m(file:///Users/ferryhinardi/Project/supertool/[39mnode_modules/[4m.pnpm[24m/idb@8.0.3/node_modules/[4midb[24m/build/index.js:168:31[90m)[39m
    at getDB [90m(/Users/ferryhinardi/Project/supertool/[39mlib/services/recent-tools.ts:35:22[90m)[39m
    at addRecentTool [90m(/Users/ferryhinardi/Project/supertool/[39mlib/services/recent-tools.ts:53:22[90m)[39m
    at [90m/Users/ferryhinardi/Project/supertool/[39mhooks/tools/useRecentTools.ts:69:7
    at Object.react_stack_bottom_frame [90m(/Users/ferryhinardi/Project/supertool/[39mnode_modules/[4m.pnpm[24m/react-dom@19.2.0_react@19.2.0/node_modules/[4mreact-dom[24m/cjs/react-dom-client.development.js:25989:20[90m)[39m
    at runWithFiberInDEV [90m(/Users/ferryhinardi/Project/supertool/[39mnode_modules/[4m.pnpm[24m/react-dom@19.2.0_react@19.2.0/node_modules/[4mreact-dom[24m/cjs/react-dom-client.development.js:874:13[90m)[39m
    at commitHookEffectListMount [90m(/Users/ferryhinardi/Project/supertool/[39mnode_modules/[4m.pnpm[24m/react-dom@19.2.0_react@19.2.0/node_modules/[4mreact-dom[24m/cjs/react-dom-client.development.js:13249:29[90m)[39m
    at commitHookPassiveMountEffects [90m(/Users/ferryhinardi/Project/supertool/[39mnode_modules/[4m.pnpm[24m/react-dom@19.2.0_react@19.2.0/node_modules/[4mreact-dom[24m/cjs/react-dom-client.development.js:13336:11[90m)[39m
    at reconnectPassiveEffects [90m(/Users/ferryhinardi/Project/supertool/[39mnode_modules/[4m.pnpm[24m/react-dom@19.2.0_react@19.2.0/node_modules/[4mreact-dom[24m/cjs/react-dom-client.development.js:15832:11[90m)[39m
    at recursivelyTraverseReconnectPassiveEffects [90m(/Users/ferryhinardi/Project/supertool/[39mnode_modules/[4m.pnpm[24m/react-dom@19.2.0_react@19.2.0/node_modules/[4mreact-dom[24m/cjs/react-dom-client.development.js:15784:9[90m)[39m

[90mstderr[2m | app/tools/data/json-schema/__tests__/page.test.tsx[2m > [22m[2mJSON Schema Generator Page[2m > [22m[2mFAQ Section[2m > [22m[2mshould render FAQ section
[22m[39mFailed to add recent tool: TypeError: indexedDB.open is not a function
    at openDB [90m(file:///Users/ferryhinardi/Project/supertool/[39mnode_modules/[4m.pnpm[24m/idb@8.0.3/node_modules/[4midb[24m/build/index.js:168:31[90m)[39m
    at getDB [90m(/Users/ferryhinardi/Project/supertool/[39mlib/services/recent-tools.ts:35:22[90m)[39m
    at addRecentTool [90m(/Users/ferryhinardi/Project/supertool/[39mlib/services/recent-tools.ts:53:22[90m)[39m
    at [90m/Users/ferryhinardi/Project/supertool/[39mhooks/tools/useRecentTools.ts:69:7
    at Object.react_stack_bottom_frame [90m(/Users/ferryhinardi/Project/supertool/[39mnode_modules/[4m.pnpm[24m/react-dom@19.2.0_react@19.2.0/node_modules/[4mreact-dom[24m/cjs/react-dom-client.development.js:25989:20[90m)[39m
    at runWithFiberInDEV [90m(/Users/ferryhinardi/Project/supertool/[39mnode_modules/[4m.pnpm[24m/react-dom@19.2.0_react@19.2.0/node_modules/[4mreact-dom[24m/cjs/react-dom-client.development.js:874:13[90m)[39m
    at commitHookEffectListMount [90m(/Users/ferryhinardi/Project/supertool/[39mnode_modules/[4m.pnpm[24m/react-dom@19.2.0_react@19.2.0/node_modules/[4mreact-dom[24m/cjs/react-dom-client.development.js:13249:29[90m)[39m
    at commitHookPassiveMountEffects [90m(/Users/ferryhinardi/Project/supertool/[39mnode_modules/[4m.pnpm[24m/react-dom@19.2.0_react@19.2.0/node_modules/[4mreact-dom[24m/cjs/react-dom-client.development.js:13336:11[90m)[39m
    at reconnectPassiveEffects [90m(/Users/ferryhinardi/Project/supertool/[39mnode_modules/[4m.pnpm[24m/react-dom@19.2.0_react@19.2.0/node_modules/[4mreact-dom[24m/cjs/react-dom-client.development.js:15832:11[90m)[39m
    at recursivelyTraverseReconnectPassiveEffects [90m(/Users/ferryhinardi/Project/supertool/[39mnode_modules/[4m.pnpm[24m/react-dom@19.2.0_react@19.2.0/node_modules/[4mreact-dom[24m/cjs/react-dom-client.development.js:15784:9[90m)[39m

[90mstderr[2m | app/tools/data/json-schema/__tests__/page.test.tsx[2m > [22m[2mJSON Schema Generator Page[2m > [22m[2mFAQ Section[2m > [22m[2mshould display FAQ items
[22m[39mFailed to add recent tool: TypeError: indexedDB.open is not a function
    at openDB [90m(file:///Users/ferryhinardi/Project/supertool/[39mnode_modules/[4m.pnpm[24m/idb@8.0.3/node_modules/[4midb[24m/build/index.js:168:31[90m)[39m
    at getDB [90m(/Users/ferryhinardi/Project/supertool/[39mlib/services/recent-tools.ts:35:22[90m)[39m
    at addRecentTool [90m(/Users/ferryhinardi/Project/supertool/[39mlib/services/recent-tools.ts:53:22[90m)[39m
    at [90m/Users/ferryhinardi/Project/supertool/[39mhooks/tools/useRecentTools.ts:69:7
    at Object.react_stack_bottom_frame [90m(/Users/ferryhinardi/Project/supertool/[39mnode_modules/[4m.pnpm[24m/react-dom@19.2.0_react@19.2.0/node_modules/[4mreact-dom[24m/cjs/react-dom-client.development.js:25989:20[90m)[39m
    at runWithFiberInDEV [90m(/Users/ferryhinardi/Project/supertool/[39mnode_modules/[4m.pnpm[24m/react-dom@19.2.0_react@19.2.0/node_modules/[4mreact-dom[24m/cjs/react-dom-client.development.js:874:13[90m)[39m
    at commitHookEffectListMount [90m(/Users/ferryhinardi/Project/supertool/[39mnode_modules/[4m.pnpm[24m/react-dom@19.2.0_react@19.2.0/node_modules/[4mreact-dom[24m/cjs/react-dom-client.development.js:13249:29[90m)[39m
    at commitHookPassiveMountEffects [90m(/Users/ferryhinardi/Project/supertool/[39mnode_modules/[4m.pnpm[24m/react-dom@19.2.0_react@19.2.0/node_modules/[4mreact-dom[24m/cjs/react-dom-client.development.js:13336:11[90m)[39m
    at reconnectPassiveEffects [90m(/Users/ferryhinardi/Project/supertool/[39mnode_modules/[4m.pnpm[24m/react-dom@19.2.0_react@19.2.0/node_modules/[4mreact-dom[24m/cjs/react-dom-client.development.js:15832:11[90m)[39m
    at recursivelyTraverseReconnectPassiveEffects [90m(/Users/ferryhinardi/Project/supertool/[39mnode_modules/[4m.pnpm[24m/react-dom@19.2.0_react@19.2.0/node_modules/[4mreact-dom[24m/cjs/react-dom-client.development.js:15784:9[90m)[39m

[90mstderr[2m | app/tools/data/json-schema/__tests__/page.test.tsx[2m > [22m[2mJSON Schema Generator Page[2m > [22m[2mSocial Share[2m > [22m[2mshould render social share section
[22m[39mFailed to add recent tool: TypeError: indexedDB.open is not a function
    at openDB [90m(file:///Users/ferryhinardi/Project/supertool/[39mnode_modules/[4m.pnpm[24m/idb@8.0.3/node_modules/[4midb[24m/build/index.js:168:31[90m)[39m
    at getDB [90m(/Users/ferryhinardi/Project/supertool/[39mlib/services/recent-tools.ts:35:22[90m)[39m
    at addRecentTool [90m(/Users/ferryhinardi/Project/supertool/[39mlib/services/recent-tools.ts:53:22[90m)[39m
    at [90m/Users/ferryhinardi/Project/supertool/[39mhooks/tools/useRecentTools.ts:69:7
    at Object.react_stack_bottom_frame [90m(/Users/ferryhinardi/Project/supertool/[39mnode_modules/[4m.pnpm[24m/react-dom@19.2.0_react@19.2.0/node_modules/[4mreact-dom[24m/cjs/react-dom-client.development.js:25989:20[90m)[39m
    at runWithFiberInDEV [90m(/Users/ferryhinardi/Project/supertool/[39mnode_modules/[4m.pnpm[24m/react-dom@19.2.0_react@19.2.0/node_modules/[4mreact-dom[24m/cjs/react-dom-client.development.js:874:13[90m)[39m
    at commitHookEffectListMount [90m(/Users/ferryhinardi/Project/supertool/[39mnode_modules/[4m.pnpm[24m/react-dom@19.2.0_react@19.2.0/node_modules/[4mreact-dom[24m/cjs/react-dom-client.development.js:13249:29[90m)[39m
    at commitHookPassiveMountEffects [90m(/Users/ferryhinardi/Project/supertool/[39mnode_modules/[4m.pnpm[24m/react-dom@19.2.0_react@19.2.0/node_modules/[4mreact-dom[24m/cjs/react-dom-client.development.js:13336:11[90m)[39m
    at reconnectPassiveEffects [90m(/Users/ferryhinardi/Project/supertool/[39mnode_modules/[4m.pnpm[24m/react-dom@19.2.0_react@19.2.0/node_modules/[4mreact-dom[24m/cjs/react-dom-client.development.js:15832:11[90m)[39m
    at recursivelyTraverseReconnectPassiveEffects [90m(/Users/ferryhinardi/Project/supertool/[39mnode_modules/[4m.pnpm[24m/react-dom@19.2.0_react@19.2.0/node_modules/[4mreact-dom[24m/cjs/react-dom-client.development.js:15784:9[90m)[39m

[90mstderr[2m | app/tools/data/json-schema/__tests__/page.test.tsx[2m > [22m[2mJSON Schema Generator Page[2m > [22m[2mSchema Types[2m > [22m[2mshould generate schema with correct types
[22m[39mFailed to add recent tool: TypeError: indexedDB.open is not a function
    at openDB [90m(file:///Users/ferryhinardi/Project/supertool/[39mnode_modules/[4m.pnpm[24m/idb@8.0.3/node_modules/[4midb[24m/build/index.js:168:31[90m)[39m
    at getDB [90m(/Users/ferryhinardi/Project/supertool/[39mlib/services/recent-tools.ts:35:22[90m)[39m
    at addRecentTool [90m(/Users/ferryhinardi/Project/supertool/[39mlib/services/recent-tools.ts:53:22[90m)[39m
    at [90m/Users/ferryhinardi/Project/supertool/[39mhooks/tools/useRecentTools.ts:69:7
    at Object.react_stack_bottom_frame [90m(/Users/ferryhinardi/Project/supertool/[39mnode_modules/[4m.pnpm[24m/react-dom@19.2.0_react@19.2.0/node_modules/[4mreact-dom[24m/cjs/react-dom-client.development.js:25989:20[90m)[39m
    at runWithFiberInDEV [90m(/Users/ferryhinardi/Project/supertool/[39mnode_modules/[4m.pnpm[24m/react-dom@19.2.0_react@19.2.0/node_modules/[4mreact-dom[24m/cjs/react-dom-client.development.js:874:13[90m)[39m
    at commitHookEffectListMount [90m(/Users/ferryhinardi/Project/supertool/[39mnode_modules/[4m.pnpm[24m/react-dom@19.2.0_react@19.2.0/node_modules/[4mreact-dom[24m/cjs/react-dom-client.development.js:13249:29[90m)[39m
    at commitHookPassiveMountEffects [90m(/Users/ferryhinardi/Project/supertool/[39mnode_modules/[4m.pnpm[24m/react-dom@19.2.0_react@19.2.0/node_modules/[4mreact-dom[24m/cjs/react-dom-client.development.js:13336:11[90m)[39m
    at reconnectPassiveEffects [90m(/Users/ferryhinardi/Project/supertool/[39mnode_modules/[4m.pnpm[24m/react-dom@19.2.0_react@19.2.0/node_modules/[4mreact-dom[24m/cjs/react-dom-client.development.js:15832:11[90m)[39m
    at recursivelyTraverseReconnectPassiveEffects [90m(/Users/ferryhinardi/Project/supertool/[39mnode_modules/[4m.pnpm[24m/react-dom@19.2.0_react@19.2.0/node_modules/[4mreact-dom[24m/cjs/react-dom-client.development.js:15784:9[90m)[39m

[90mstderr[2m | app/tools/data/json-schema/__tests__/page.test.tsx[2m > [22m[2mJSON Schema Generator Page[2m > [22m[2mSchema Metadata[2m > [22m[2mshould include schema metadata
[22m[39mFailed to add recent tool: TypeError: indexedDB.open is not a function
    at openDB [90m(file:///Users/ferryhinardi/Project/supertool/[39mnode_modules/[4m.pnpm[24m/idb@8.0.3/node_modules/[4midb[24m/build/index.js:168:31[90m)[39m
    at getDB [90m(/Users/ferryhinardi/Project/supertool/[39mlib/services/recent-tools.ts:35:22[90m)[39m
    at addRecentTool [90m(/Users/ferryhinardi/Project/supertool/[39mlib/services/recent-tools.ts:53:22[90m)[39m
    at [90m/Users/ferryhinardi/Project/supertool/[39mhooks/tools/useRecentTools.ts:69:7
    at Object.react_stack_bottom_frame [90m(/Users/ferryhinardi/Project/supertool/[39mnode_modules/[4m.pnpm[24m/react-dom@19.2.0_react@19.2.0/node_modules/[4mreact-dom[24m/cjs/react-dom-client.development.js:25989:20[90m)[39m
    at runWithFiberInDEV [90m(/Users/ferryhinardi/Project/supertool/[39mnode_modules/[4m.pnpm[24m/react-dom@19.2.0_react@19.2.0/node_modules/[4mreact-dom[24m/cjs/react-dom-client.development.js:874:13[90m)[39m
    at commitHookEffectListMount [90m(/Users/ferryhinardi/Project/supertool/[39mnode_modules/[4m.pnpm[24m/react-dom@19.2.0_react@19.2.0/node_modules/[4mreact-dom[24m/cjs/react-dom-client.development.js:13249:29[90m)[39m
    at commitHookPassiveMountEffects [90m(/Users/ferryhinardi/Project/supertool/[39mnode_modules/[4m.pnpm[24m/react-dom@19.2.0_react@19.2.0/node_modules/[4mreact-dom[24m/cjs/react-dom-client.development.js:13336:11[90m)[39m
    at reconnectPassiveEffects [90m(/Users/ferryhinardi/Project/supertool/[39mnode_modules/[4m.pnpm[24m/react-dom@19.2.0_react@19.2.0/node_modules/[4mreact-dom[24m/cjs/react-dom-client.development.js:15832:11[90m)[39m
    at recursivelyTraverseReconnectPassiveEffects [90m(/Users/ferryhinardi/Project/supertool/[39mnode_modules/[4m.pnpm[24m/react-dom@19.2.0_react@19.2.0/node_modules/[4mreact-dom[24m/cjs/react-dom-client.development.js:15784:9[90m)[39m

[90mstderr[2m | app/tools/data/json-schema/__tests__/page.test.tsx[2m > [22m[2mJSON Schema Generator Page[2m > [22m[2mFile Upload[2m > [22m[2mshould accept JSON file upload
[22m[39mFailed to add recent tool: TypeError: indexedDB.open is not a function
    at openDB [90m(file:///Users/ferryhinardi/Project/supertool/[39mnode_modules/[4m.pnpm[24m/idb@8.0.3/node_modules/[4midb[24m/build/index.js:168:31[90m)[39m
    at getDB [90m(/Users/ferryhinardi/Project/supertool/[39mlib/services/recent-tools.ts:35:22[90m)[39m
    at addRecentTool [90m(/Users/ferryhinardi/Project/supertool/[39mlib/services/recent-tools.ts:53:22[90m)[39m
    at [90m/Users/ferryhinardi/Project/supertool/[39mhooks/tools/useRecentTools.ts:69:7
    at Object.react_stack_bottom_frame [90m(/Users/ferryhinardi/Project/supertool/[39mnode_modules/[4m.pnpm[24m/react-dom@19.2.0_react@19.2.0/node_modules/[4mreact-dom[24m/cjs/react-dom-client.development.js:25989:20[90m)[39m
    at runWithFiberInDEV [90m(/Users/ferryhinardi/Project/supertool/[39mnode_modules/[4m.pnpm[24m/react-dom@19.2.0_react@19.2.0/node_modules/[4mreact-dom[24m/cjs/react-dom-client.development.js:874:13[90m)[39m
    at commitHookEffectListMount [90m(/Users/ferryhinardi/Project/supertool/[39mnode_modules/[4m.pnpm[24m/react-dom@19.2.0_react@19.2.0/node_modules/[4mreact-dom[24m/cjs/react-dom-client.development.js:13249:29[90m)[39m
    at commitHookPassiveMountEffects [90m(/Users/ferryhinardi/Project/supertool/[39mnode_modules/[4m.pnpm[24m/react-dom@19.2.0_react@19.2.0/node_modules/[4mreact-dom[24m/cjs/react-dom-client.development.js:13336:11[90m)[39m
    at reconnectPassiveEffects [90m(/Users/ferryhinardi/Project/supertool/[39mnode_modules/[4m.pnpm[24m/react-dom@19.2.0_react@19.2.0/node_modules/[4mreact-dom[24m/cjs/react-dom-client.development.js:15832:11[90m)[39m
    at recursivelyTraverseReconnectPassiveEffects [90m(/Users/ferryhinardi/Project/supertool/[39mnode_modules/[4m.pnpm[24m/react-dom@19.2.0_react@19.2.0/node_modules/[4mreact-dom[24m/cjs/react-dom-client.development.js:15784:9[90m)[39m

[90mstderr[2m | app/tools/data/json-schema/__tests__/page.test.tsx[2m > [22m[2mJSON Schema Generator Page[2m > [22m[2mFile Upload[2m > [22m[2mshould process uploaded JSON file
[22m[39mFailed to add recent tool: TypeError: indexedDB.open is not a function
    at openDB [90m(file:///Users/ferryhinardi/Project/supertool/[39mnode_modules/[4m.pnpm[24m/idb@8.0.3/node_modules/[4midb[24m/build/index.js:168:31[90m)[39m
    at getDB [90m(/Users/ferryhinardi/Project/supertool/[39mlib/services/recent-tools.ts:35:22[90m)[39m
    at addRecentTool [90m(/Users/ferryhinardi/Project/supertool/[39mlib/services/recent-tools.ts:53:22[90m)[39m
    at [90m/Users/ferryhinardi/Project/supertool/[39mhooks/tools/useRecentTools.ts:69:7
    at Object.react_stack_bottom_frame [90m(/Users/ferryhinardi/Project/supertool/[39mnode_modules/[4m.pnpm[24m/react-dom@19.2.0_react@19.2.0/node_modules/[4mreact-dom[24m/cjs/react-dom-client.development.js:25989:20[90m)[39m
    at runWithFiberInDEV [90m(/Users/ferryhinardi/Project/supertool/[39mnode_modules/[4m.pnpm[24m/react-dom@19.2.0_react@19.2.0/node_modules/[4mreact-dom[24m/cjs/react-dom-client.development.js:874:13[90m)[39m
    at commitHookEffectListMount [90m(/Users/ferryhinardi/Project/supertool/[39mnode_modules/[4m.pnpm[24m/react-dom@19.2.0_react@19.2.0/node_modules/[4mreact-dom[24m/cjs/react-dom-client.development.js:13249:29[90m)[39m
    at commitHookPassiveMountEffects [90m(/Users/ferryhinardi/Project/supertool/[39mnode_modules/[4m.pnpm[24m/react-dom@19.2.0_react@19.2.0/node_modules/[4mreact-dom[24m/cjs/react-dom-client.development.js:13336:11[90m)[39m
    at reconnectPassiveEffects [90m(/Users/ferryhinardi/Project/supertool/[39mnode_modules/[4m.pnpm[24m/react-dom@19.2.0_react@19.2.0/node_modules/[4mreact-dom[24m/cjs/react-dom-client.development.js:15832:11[90m)[39m
    at recursivelyTraverseReconnectPassiveEffects [90m(/Users/ferryhinardi/Project/supertool/[39mnode_modules/[4m.pnpm[24m/react-dom@19.2.0_react@19.2.0/node_modules/[4mreact-dom[24m/cjs/react-dom-client.development.js:15784:9[90m)[39m

[90mstderr[2m | app/tools/data/json-schema/__tests__/page.test.tsx[2m > [22m[2mJSON Schema Generator Page[2m > [22m[2mResponsive Design[2m > [22m[2mshould render mobile-friendly layout
[22m[39mFailed to add recent tool: TypeError: indexedDB.open is not a function
    at openDB [90m(file:///Users/ferryhinardi/Project/supertool/[39mnode_modules/[4m.pnpm[24m/idb@8.0.3/node_modules/[4midb[24m/build/index.js:168:31[90m)[39m
    at getDB [90m(/Users/ferryhinardi/Project/supertool/[39mlib/services/recent-tools.ts:35:22[90m)[39m
    at addRecentTool [90m(/Users/ferryhinardi/Project/supertool/[39mlib/services/recent-tools.ts:53:22[90m)[39m
    at [90m/Users/ferryhinardi/Project/supertool/[39mhooks/tools/useRecentTools.ts:69:7
    at Object.react_stack_bottom_frame [90m(/Users/ferryhinardi/Project/supertool/[39mnode_modules/[4m.pnpm[24m/react-dom@19.2.0_react@19.2.0/node_modules/[4mreact-dom[24m/cjs/react-dom-client.development.js:25989:20[90m)[39m
    at runWithFiberInDEV [90m(/Users/ferryhinardi/Project/supertool/[39mnode_modules/[4m.pnpm[24m/react-dom@19.2.0_react@19.2.0/node_modules/[4mreact-dom[24m/cjs/react-dom-client.development.js:874:13[90m)[39m
    at commitHookEffectListMount [90m(/Users/ferryhinardi/Project/supertool/[39mnode_modules/[4m.pnpm[24m/react-dom@19.2.0_react@19.2.0/node_modules/[4mreact-dom[24m/cjs/react-dom-client.development.js:13249:29[90m)[39m
    at commitHookPassiveMountEffects [90m(/Users/ferryhinardi/Project/supertool/[39mnode_modules/[4m.pnpm[24m/react-dom@19.2.0_react@19.2.0/node_modules/[4mreact-dom[24m/cjs/react-dom-client.development.js:13336:11[90m)[39m
    at reconnectPassiveEffects [90m(/Users/ferryhinardi/Project/supertool/[39mnode_modules/[4m.pnpm[24m/react-dom@19.2.0_react@19.2.0/node_modules/[4mreact-dom[24m/cjs/react-dom-client.development.js:15832:11[90m)[39m
    at recursivelyTraverseReconnectPassiveEffects [90m(/Users/ferryhinardi/Project/supertool/[39mnode_modules/[4m.pnpm[24m/react-dom@19.2.0_react@19.2.0/node_modules/[4mreact-dom[24m/cjs/react-dom-client.development.js:15784:9[90m)[39m

[90mstderr[2m | app/tools/data/json-schema/__tests__/page.test.tsx[2m > [22m[2mJSON Schema Generator Page[2m > [22m[2mSchema Draft Versions[2m > [22m[2mshould support Draft 07
[22m[39mFailed to add recent tool: TypeError: indexedDB.open is not a function
    at openDB [90m(file:///Users/ferryhinardi/Project/supertool/[39mnode_modules/[4m.pnpm[24m/idb@8.0.3/node_modules/[4midb[24m/build/index.js:168:31[90m)[39m
    at getDB [90m(/Users/ferryhinardi/Project/supertool/[39mlib/services/recent-tools.ts:35:22[90m)[39m
    at addRecentTool [90m(/Users/ferryhinardi/Project/supertool/[39mlib/services/recent-tools.ts:53:22[90m)[39m
    at [90m/Users/ferryhinardi/Project/supertool/[39mhooks/tools/useRecentTools.ts:69:7
    at Object.react_stack_bottom_frame [90m(/Users/ferryhinardi/Project/supertool/[39mnode_modules/[4m.pnpm[24m/react-dom@19.2.0_react@19.2.0/node_modules/[4mreact-dom[24m/cjs/react-dom-client.development.js:25989:20[90m)[39m
    at runWithFiberInDEV [90m(/Users/ferryhinardi/Project/supertool/[39mnode_modules/[4m.pnpm[24m/react-dom@19.2.0_react@19.2.0/node_modules/[4mreact-dom[24m/cjs/react-dom-client.development.js:874:13[90m)[39m
    at commitHookEffectListMount [90m(/Users/ferryhinardi/Project/supertool/[39mnode_modules/[4m.pnpm[24m/react-dom@19.2.0_react@19.2.0/node_modules/[4mreact-dom[24m/cjs/react-dom-client.development.js:13249:29[90m)[39m
    at commitHookPassiveMountEffects [90m(/Users/ferryhinardi/Project/supertool/[39mnode_modules/[4m.pnpm[24m/react-dom@19.2.0_react@19.2.0/node_modules/[4mreact-dom[24m/cjs/react-dom-client.development.js:13336:11[90m)[39m
    at reconnectPassiveEffects [90m(/Users/ferryhinardi/Project/supertool/[39mnode_modules/[4m.pnpm[24m/react-dom@19.2.0_react@19.2.0/node_modules/[4mreact-dom[24m/cjs/react-dom-client.development.js:15832:11[90m)[39m
    at recursivelyTraverseReconnectPassiveEffects [90m(/Users/ferryhinardi/Project/supertool/[39mnode_modules/[4m.pnpm[24m/react-dom@19.2.0_react@19.2.0/node_modules/[4mreact-dom[24m/cjs/react-dom-client.development.js:15784:9[90m)[39m

[90mstderr[2m | app/tools/data/json-schema/__tests__/page.test.tsx[2m > [22m[2mJSON Schema Generator Page[2m > [22m[2mSchema Draft Versions[2m > [22m[2mshould support Draft 2020
[22m[39mFailed to add recent tool: TypeError: indexedDB.open is not a function
    at openDB [90m(file:///Users/ferryhinardi/Project/supertool/[39mnode_modules/[4m.pnpm[24m/idb@8.0.3/node_modules/[4midb[24m/build/index.js:168:31[90m)[39m
    at getDB [90m(/Users/ferryhinardi/Project/supertool/[39mlib/services/recent-tools.ts:35:22[90m)[39m
    at addRecentTool [90m(/Users/ferryhinardi/Project/supertool/[39mlib/services/recent-tools.ts:53:22[90m)[39m
    at [90m/Users/ferryhinardi/Project/supertool/[39mhooks/tools/useRecentTools.ts:69:7
    at Object.react_stack_bottom_frame [90m(/Users/ferryhinardi/Project/supertool/[39mnode_modules/[4m.pnpm[24m/react-dom@19.2.0_react@19.2.0/node_modules/[4mreact-dom[24m/cjs/react-dom-client.development.js:25989:20[90m)[39m
    at runWithFiberInDEV [90m(/Users/ferryhinardi/Project/supertool/[39mnode_modules/[4m.pnpm[24m/react-dom@19.2.0_react@19.2.0/node_modules/[4mreact-dom[24m/cjs/react-dom-client.development.js:874:13[90m)[39m
    at commitHookEffectListMount [90m(/Users/ferryhinardi/Project/supertool/[39mnode_modules/[4m.pnpm[24m/react-dom@19.2.0_react@19.2.0/node_modules/[4mreact-dom[24m/cjs/react-dom-client.development.js:13249:29[90m)[39m
    at commitHookPassiveMountEffects [90m(/Users/ferryhinardi/Project/supertool/[39mnode_modules/[4m.pnpm[24m/react-dom@19.2.0_react@19.2.0/node_modules/[4mreact-dom[24m/cjs/react-dom-client.development.js:13336:11[90m)[39m
    at reconnectPassiveEffects [90m(/Users/ferryhinardi/Project/supertool/[39mnode_modules/[4m.pnpm[24m/react-dom@19.2.0_react@19.2.0/node_modules/[4mreact-dom[24m/cjs/react-dom-client.development.js:15832:11[90m)[39m
    at recursivelyTraverseReconnectPassiveEffects [90m(/Users/ferryhinardi/Project/supertool/[39mnode_modules/[4m.pnpm[24m/react-dom@19.2.0_react@19.2.0/node_modules/[4mreact-dom[24m/cjs/react-dom-client.development.js:15784:9[90m)[39m

[90mstderr[2m | app/tools/data/json-schema/__tests__/page.test.tsx[2m > [22m[2mJSON Schema Generator Page[2m > [22m[2mRequired Fields[2m > [22m[2mshould mark fields as required
[22m[39mFailed to add recent tool: TypeError: indexedDB.open is not a function
    at openDB [90m(file:///Users/ferryhinardi/Project/supertool/[39mnode_modules/[4m.pnpm[24m/idb@8.0.3/node_modules/[4midb[24m/build/index.js:168:31[90m)[39m
    at getDB [90m(/Users/ferryhinardi/Project/supertool/[39mlib/services/recent-tools.ts:35:22[90m)[39m
    at addRecentTool [90m(/Users/ferryhinardi/Project/supertool/[39mlib/services/recent-tools.ts:53:22[90m)[39m
    at [90m/Users/ferryhinardi/Project/supertool/[39mhooks/tools/useRecentTools.ts:69:7
    at Object.react_stack_bottom_frame [90m(/Users/ferryhinardi/Project/supertool/[39mnode_modules/[4m.pnpm[24m/react-dom@19.2.0_react@19.2.0/node_modules/[4mreact-dom[24m/cjs/react-dom-client.development.js:25989:20[90m)[39m
    at runWithFiberInDEV [90m(/Users/ferryhinardi/Project/supertool/[39mnode_modules/[4m.pnpm[24m/react-dom@19.2.0_react@19.2.0/node_modules/[4mreact-dom[24m/cjs/react-dom-client.development.js:874:13[90m)[39m
    at commitHookEffectListMount [90m(/Users/ferryhinardi/Project/supertool/[39mnode_modules/[4m.pnpm[24m/react-dom@19.2.0_react@19.2.0/node_modules/[4mreact-dom[24m/cjs/react-dom-client.development.js:13249:29[90m)[39m
    at commitHookPassiveMountEffects [90m(/Users/ferryhinardi/Project/supertool/[39mnode_modules/[4m.pnpm[24m/react-dom@19.2.0_react@19.2.0/node_modules/[4mreact-dom[24m/cjs/react-dom-client.development.js:13336:11[90m)[39m
    at reconnectPassiveEffects [90m(/Users/ferryhinardi/Project/supertool/[39mnode_modules/[4m.pnpm[24m/react-dom@19.2.0_react@19.2.0/node_modules/[4mreact-dom[24m/cjs/react-dom-client.development.js:15832:11[90m)[39m
    at recursivelyTraverseReconnectPassiveEffects [90m(/Users/ferryhinardi/Project/supertool/[39mnode_modules/[4m.pnpm[24m/react-dom@19.2.0_react@19.2.0/node_modules/[4mreact-dom[24m/cjs/react-dom-client.development.js:15784:9[90m)[39m

[90mstderr[2m | app/tools/data/json-schema/__tests__/page.test.tsx[2m > [22m[2mJSON Schema Generator Page[2m > [22m[2mDescription Fields[2m > [22m[2mshould generate schema with descriptions
[22m[39mFailed to add recent tool: TypeError: indexedDB.open is not a function
    at openDB [90m(file:///Users/ferryhinardi/Project/supertool/[39mnode_modules/[4m.pnpm[24m/idb@8.0.3/node_modules/[4midb[24m/build/index.js:168:31[90m)[39m
    at getDB [90m(/Users/ferryhinardi/Project/supertool/[39mlib/services/recent-tools.ts:35:22[90m)[39m
    at addRecentTool [90m(/Users/ferryhinardi/Project/supertool/[39mlib/services/recent-tools.ts:53:22[90m)[39m
    at [90m/Users/ferryhinardi/Project/supertool/[39mhooks/tools/useRecentTools.ts:69:7
    at Object.react_stack_bottom_frame [90m(/Users/ferryhinardi/Project/supertool/[39mnode_modules/[4m.pnpm[24m/react-dom@19.2.0_react@19.2.0/node_modules/[4mreact-dom[24m/cjs/react-dom-client.development.js:25989:20[90m)[39m
    at runWithFiberInDEV [90m(/Users/ferryhinardi/Project/supertool/[39mnode_modules/[4m.pnpm[24m/react-dom@19.2.0_react@19.2.0/node_modules/[4mreact-dom[24m/cjs/react-dom-client.development.js:874:13[90m)[39m
    at commitHookEffectListMount [90m(/Users/ferryhinardi/Project/supertool/[39mnode_modules/[4m.pnpm[24m/react-dom@19.2.0_react@19.2.0/node_modules/[4mreact-dom[24m/cjs/react-dom-client.development.js:13249:29[90m)[39m
    at commitHookPassiveMountEffects [90m(/Users/ferryhinardi/Project/supertool/[39mnode_modules/[4m.pnpm[24m/react-dom@19.2.0_react@19.2.0/node_modules/[4mreact-dom[24m/cjs/react-dom-client.development.js:13336:11[90m)[39m
    at reconnectPassiveEffects [90m(/Users/ferryhinardi/Project/supertool/[39mnode_modules/[4m.pnpm[24m/react-dom@19.2.0_react@19.2.0/node_modules/[4mreact-dom[24m/cjs/react-dom-client.development.js:15832:11[90m)[39m
    at recursivelyTraverseReconnectPassiveEffects [90m(/Users/ferryhinardi/Project/supertool/[39mnode_modules/[4m.pnpm[24m/react-dom@19.2.0_react@19.2.0/node_modules/[4mreact-dom[24m/cjs/react-dom-client.development.js:15784:9[90m)[39m

[90mstderr[2m | app/tools/data/json-schema/__tests__/page.test.tsx[2m > [22m[2mJSON Schema Generator Page[2m > [22m[2mSyntax Highlighting[2m > [22m[2mshould display syntax highlighted output
[22m[39mFailed to add recent tool: TypeError: indexedDB.open is not a function
    at openDB [90m(file:///Users/ferryhinardi/Project/supertool/[39mnode_modules/[4m.pnpm[24m/idb@8.0.3/node_modules/[4midb[24m/build/index.js:168:31[90m)[39m
    at getDB [90m(/Users/ferryhinardi/Project/supertool/[39mlib/services/recent-tools.ts:35:22[90m)[39m
    at addRecentTool [90m(/Users/ferryhinardi/Project/supertool/[39mlib/services/recent-tools.ts:53:22[90m)[39m
    at [90m/Users/ferryhinardi/Project/supertool/[39mhooks/tools/useRecentTools.ts:69:7
    at Object.react_stack_bottom_frame [90m(/Users/ferryhinardi/Project/supertool/[39mnode_modules/[4m.pnpm[24m/react-dom@19.2.0_react@19.2.0/node_modules/[4mreact-dom[24m/cjs/react-dom-client.development.js:25989:20[90m)[39m
    at runWithFiberInDEV [90m(/Users/ferryhinardi/Project/supertool/[39mnode_modules/[4m.pnpm[24m/react-dom@19.2.0_react@19.2.0/node_modules/[4mreact-dom[24m/cjs/react-dom-client.development.js:874:13[90m)[39m
    at commitHookEffectListMount [90m(/Users/ferryhinardi/Project/supertool/[39mnode_modules/[4m.pnpm[24m/react-dom@19.2.0_react@19.2.0/node_modules/[4mreact-dom[24m/cjs/react-dom-client.development.js:13249:29[90m)[39m
    at commitHookPassiveMountEffects [90m(/Users/ferryhinardi/Project/supertool/[39mnode_modules/[4m.pnpm[24m/react-dom@19.2.0_react@19.2.0/node_modules/[4mreact-dom[24m/cjs/react-dom-client.development.js:13336:11[90m)[39m
    at reconnectPassiveEffects [90m(/Users/ferryhinardi/Project/supertool/[39mnode_modules/[4m.pnpm[24m/react-dom@19.2.0_react@19.2.0/node_modules/[4mreact-dom[24m/cjs/react-dom-client.development.js:15832:11[90m)[39m
    at recursivelyTraverseReconnectPassiveEffects [90m(/Users/ferryhinardi/Project/supertool/[39mnode_modules/[4m.pnpm[24m/react-dom@19.2.0_react@19.2.0/node_modules/[4mreact-dom[24m/cjs/react-dom-client.development.js:15784:9[90m)[39m

[90mstderr[2m | app/tools/data/json-schema/__tests__/page.test.tsx[2m > [22m[2mJSON Schema Generator Page[2m > [22m[2mTool Features[2m > [22m[2mshould display feature description
[22m[39mFailed to add recent tool: TypeError: indexedDB.open is not a function
    at openDB [90m(file:///Users/ferryhinardi/Project/supertool/[39mnode_modules/[4m.pnpm[24m/idb@8.0.3/node_modules/[4midb[24m/build/index.js:168:31[90m)[39m
    at getDB [90m(/Users/ferryhinardi/Project/supertool/[39mlib/services/recent-tools.ts:35:22[90m)[39m
    at addRecentTool [90m(/Users/ferryhinardi/Project/supertool/[39mlib/services/recent-tools.ts:53:22[90m)[39m
    at [90m/Users/ferryhinardi/Project/supertool/[39mhooks/tools/useRecentTools.ts:69:7
    at Object.react_stack_bottom_frame [90m(/Users/ferryhinardi/Project/supertool/[39mnode_modules/[4m.pnpm[24m/react-dom@19.2.0_react@19.2.0/node_modules/[4mreact-dom[24m/cjs/react-dom-client.development.js:25989:20[90m)[39m
    at runWithFiberInDEV [90m(/Users/ferryhinardi/Project/supertool/[39mnode_modules/[4m.pnpm[24m/react-dom@19.2.0_react@19.2.0/node_modules/[4mreact-dom[24m/cjs/react-dom-client.development.js:874:13[90m)[39m
    at commitHookEffectListMount [90m(/Users/ferryhinardi/Project/supertool/[39mnode_modules/[4m.pnpm[24m/react-dom@19.2.0_react@19.2.0/node_modules/[4mreact-dom[24m/cjs/react-dom-client.development.js:13249:29[90m)[39m
    at commitHookPassiveMountEffects [90m(/Users/ferryhinardi/Project/supertool/[39mnode_modules/[4m.pnpm[24m/react-dom@19.2.0_react@19.2.0/node_modules/[4mreact-dom[24m/cjs/react-dom-client.development.js:13336:11[90m)[39m
    at reconnectPassiveEffects [90m(/Users/ferryhinardi/Project/supertool/[39mnode_modules/[4m.pnpm[24m/react-dom@19.2.0_react@19.2.0/node_modules/[4mreact-dom[24m/cjs/react-dom-client.development.js:15832:11[90m)[39m
    at recursivelyTraverseReconnectPassiveEffects [90m(/Users/ferryhinardi/Project/supertool/[39mnode_modules/[4m.pnpm[24m/react-dom@19.2.0_react@19.2.0/node_modules/[4mreact-dom[24m/cjs/react-dom-client.development.js:15784:9[90m)[39m

[90mstderr[2m | app/tools/security/hash-generator/__tests__/page.test.tsx[2m > [22m[2mHash Generator Page[2m > [22m[2mText Hashing[2m > [22m[2mallows entering text to hash
[22m[39mAn update to ToolRating inside a test was not wrapped in act(...).

When testing, code that causes React state updates should be wrapped into act(...):

act(() => {
  /* fire events that update state */
});
/* assert on the output */

This ensures that you're testing the behavior the user would see in the browser. Learn more at https://react.dev/link/wrap-tests-with-act

 [31m❯[39m app/tools/data/json-schema/__tests__/page.test.tsx [2m([22m[2m54 tests[22m[2m | [22m[31m46 failed[39m[2m)[22m[33m 1164[2mms[22m[39m
       [32m✓[39m should render the page without crashing[32m 81[2mms[22m[39m
       [32m✓[39m should render main heading[32m 28[2mms[22m[39m
[31m       [31m×[31m should render description text[39m[32m 31[2mms[22m[39m
[31m       [31m×[31m should track page open event[39m[32m 31[2mms[22m[39m
[31m       [31m×[31m should render JSON input textarea[39m[32m 25[2mms[22m[39m
[31m       [31m×[31m should have placeholder text[39m[32m 32[2mms[22m[39m
[31m       [31m×[31m should allow typing JSON[39m[32m 16[2mms[22m[39m
       [32m✓[39m should display generate button[32m 62[2mms[22m[39m
       [32m✓[39m should render Generate Schema button[32m 21[2mms[22m[39m
[31m       [31m×[31m should generate schema when clicked[39m[32m 25[2mms[22m[39m
[31m       [31m×[31m should generate schema for simple object[39m[32m 16[2mms[22m[39m
[31m       [31m×[31m should detect string types[39m[32m 25[2mms[22m[39m
[31m       [31m×[31m should detect number types[39m[32m 16[2mms[22m[39m
[31m       [31m×[31m should detect boolean types[39m[32m 18[2mms[22m[39m
[31m       [31m×[31m should detect array types[39m[32m 21[2mms[22m[39m
[31m       [31m×[31m should handle nested objects[39m[32m 21[2mms[22m[39m
[31m       [31m×[31m should handle null values[39m[32m 17[2mms[22m[39m
[31m       [31m×[31m should render schema version selector[39m[32m 31[2mms[22m[39m
[31m       [31m×[31m should display required fields option[39m[32m 22[2mms[22m[39m
[31m       [31m×[31m should show additionalProperties option[39m[32m 14[2mms[22m[39m
[31m       [31m×[31m should render Copy button[39m[32m 47[2mms[22m[39m
[31m       [31m×[31m should copy schema to clipboard[39m[32m 13[2mms[22m[39m
[31m       [31m×[31m should render Clear button[39m[32m 28[2mms[22m[39m
[31m       [31m×[31m should clear input when clicked[39m[32m 23[2mms[22m[39m
[31m       [31m×[31m should render Download button[39m[32m 28[2mms[22m[39m
[31m       [31m×[31m should download schema as file[39m[32m 12[2mms[22m[39m
[31m       [31m×[31m should display example button[39m[32m 22[2mms[22m[39m
[31m       [31m×[31m should load example when clicked[39m[32m 28[2mms[22m[39m
[31m       [31m×[31m should validate generated schema[39m[32m 15[2mms[22m[39m
[31m       [31m×[31m should show error for invalid JSON[39m[32m 24[2mms[22m[39m
[31m       [31m×[31m should display error message[39m[32m 9[2mms[22m[39m
[31m       [31m×[31m should display schema output area[39m[32m 25[2mms[22m[39m
[31m       [31m×[31m should show formatted schema[39m[32m 18[2mms[22m[39m
       [32m✓[39m should render icons[32m 12[2mms[22m[39m
       [32m✓[39m should display formatted layout[32m 7[2mms[22m[39m
[31m       [31m×[31m should have accessible textarea[39m[32m 8[2mms[22m[39m
       [32m✓[39m should have accessible buttons[32m 28[2mms[22m[39m
[31m       [31m×[31m should have ARIA labels[39m[32m 20[2mms[22m[39m
[31m       [31m×[31m should render Related Tools section[39m[32m 12[2mms[22m[39m
[31m       [31m×[31m should display related tool links[39m[32m 10[2mms[22m[39m
[31m       [31m×[31m should render FAQ section[39m[32m 23[2mms[22m[39m
[31m       [31m×[31m should display FAQ items[39m[32m 15[2mms[22m[39m
[31m       [31m×[31m should render social share section[39m[32m 9[2mms[22m[39m
[31m       [31m×[31m should generate schema with correct types[39m[32m 8[2mms[22m[39m
[31m       [31m×[31m should include schema metadata[39m[32m 14[2mms[22m[39m
[31m       [31m×[31m should accept JSON file upload[39m[32m 13[2mms[22m[39m
[31m       [31m×[31m should process uploaded JSON file[39m[32m 17[2mms[22m[39m
       [32m✓[39m should render mobile-friendly layout[32m 12[2mms[22m[39m
[31m       [31m×[31m should support Draft 07[39m[32m 22[2mms[22m[39m
[31m       [31m×[31m should support Draft 2020[39m[32m 20[2mms[22m[39m
[31m       [31m×[31m should mark fields as required[39m[32m 14[2mms[22m[39m
[31m       [31m×[31m should generate schema with descriptions[39m[32m 12[2mms[22m[39m
[31m       [31m×[31m should display syntax highlighted output[39m[32m 16[2mms[22m[39m
[31m       [31m×[31m should display feature description[39m[32m 21[2mms[22m[39m
[90mstderr[2m | app/tools/finance/split-bill/__tests__/page.test.tsx[2m > [22m[2mSplit Bill Calculator Page[2m > [22m[2mBasic Rendering[2m > [22m[2mshould render the main heading
[22m[39mAn update to ToolRating inside a test was not wrapped in act(...).

When testing, code that causes React state updates should be wrapped into act(...):

act(() => {
  /* fire events that update state */
});
/* assert on the output */

This ensures that you're testing the behavior the user would see in the browser. Learn more at https://react.dev/link/wrap-tests-with-act

[90mstderr[2m | app/tools/finance/split-bill/__tests__/page.test.tsx[2m > [22m[2mSplit Bill Calculator Page[2m > [22m[2mBasic Rendering[2m > [22m[2mshould display bill amount input
[22m[39mAn update to ToolRating inside a test was not wrapped in act(...).

When testing, code that causes React state updates should be wrapped into act(...):

act(() => {
  /* fire events that update state */
});
/* assert on the output */

This ensures that you're testing the behavior the user would see in the browser. Learn more at https://react.dev/link/wrap-tests-with-act

[90mstderr[2m | app/tools/media/image-optimizer/__tests__/page.test.tsx[2m > [22m[2mImage Optimizer Page[2m > [22m[2mPage Rendering[2m > [22m[2mshould render the main heading
[22m[39mAn update to ToolRating inside a test was not wrapped in act(...).

When testing, code that causes React state updates should be wrapped into act(...):

act(() => {
  /* fire events that update state */
});
/* assert on the output */

This ensures that you're testing the behavior the user would see in the browser. Learn more at https://react.dev/link/wrap-tests-with-act

[90mstderr[2m | app/tools/media/image-optimizer/__tests__/page.test.tsx[2m > [22m[2mImage Optimizer Page[2m > [22m[2mPage Rendering[2m > [22m[2mshould render the description text
[22m[39mAn update to ToolRating inside a test was not wrapped in act(...).

When testing, code that causes React state updates should be wrapped into act(...):

act(() => {
  /* fire events that update state */
});
/* assert on the output */

This ensures that you're testing the behavior the user would see in the browser. Learn more at https://react.dev/link/wrap-tests-with-act

[90mstderr[2m | app/tools/finance/split-bill/__tests__/page.test.tsx[2m > [22m[2mSplit Bill Calculator Page[2m > [22m[2mBasic Rendering[2m > [22m[2mshould render mode toggle buttons
[22m[39mAn update to ToolRating inside a test was not wrapped in act(...).

When testing, code that causes React state updates should be wrapped into act(...):

act(() => {
  /* fire events that update state */
});
/* assert on the output */

This ensures that you're testing the behavior the user would see in the browser. Learn more at https://react.dev/link/wrap-tests-with-act

[90mstderr[2m | app/tools/data/json-beautify/__tests__/page.test.tsx[2m > [22m[2mJSON Beautifier Page[2m > [22m[2mPage Rendering[2m > [22m[2mshould render the page without crashing
[22m[39mFailed to add recent tool: TypeError: indexedDB.open is not a function
    at openDB [90m(file:///Users/ferryhinardi/Project/supertool/[39mnode_modules/[4m.pnpm[24m/idb@8.0.3/node_modules/[4midb[24m/build/index.js:168:31[90m)[39m
    at getDB [90m(/Users/ferryhinardi/Project/supertool/[39mlib/services/recent-tools.ts:35:22[90m)[39m
    at addRecentTool [90m(/Users/ferryhinardi/Project/supertool/[39mlib/services/recent-tools.ts:53:22[90m)[39m
    at [90m/Users/ferryhinardi/Project/supertool/[39mhooks/tools/useRecentTools.ts:69:7
    at Object.react_stack_bottom_frame [90m(/Users/ferryhinardi/Project/supertool/[39mnode_modules/[4m.pnpm[24m/react-dom@19.2.0_react@19.2.0/node_modules/[4mreact-dom[24m/cjs/react-dom-client.development.js:25989:20[90m)[39m
    at runWithFiberInDEV [90m(/Users/ferryhinardi/Project/supertool/[39mnode_modules/[4m.pnpm[24m/react-dom@19.2.0_react@19.2.0/node_modules/[4mreact-dom[24m/cjs/react-dom-client.development.js:874:13[90m)[39m
    at commitHookEffectListMount [90m(/Users/ferryhinardi/Project/supertool/[39mnode_modules/[4m.pnpm[24m/react-dom@19.2.0_react@19.2.0/node_modules/[4mreact-dom[24m/cjs/react-dom-client.development.js:13249:29[90m)[39m
    at commitHookPassiveMountEffects [90m(/Users/ferryhinardi/Project/supertool/[39mnode_modules/[4m.pnpm[24m/react-dom@19.2.0_react@19.2.0/node_modules/[4mreact-dom[24m/cjs/react-dom-client.development.js:13336:11[90m)[39m
    at reconnectPassiveEffects [90m(/Users/ferryhinardi/Project/supertool/[39mnode_modules/[4m.pnpm[24m/react-dom@19.2.0_react@19.2.0/node_modules/[4mreact-dom[24m/cjs/react-dom-client.development.js:15832:11[90m)[39m
    at recursivelyTraverseReconnectPassiveEffects [90m(/Users/ferryhinardi/Project/supertool/[39mnode_modules/[4m.pnpm[24m/react-dom@19.2.0_react@19.2.0/node_modules/[4mreact-dom[24m/cjs/react-dom-client.development.js:15784:9[90m)[39m
Failed to add recent tool: TypeError: indexedDB.open is not a function
    at openDB [90m(file:///Users/ferryhinardi/Project/supertool/[39mnode_modules/[4m.pnpm[24m/idb@8.0.3/node_modules/[4midb[24m/build/index.js:168:31[90m)[39m
    at getDB [90m(/Users/ferryhinardi/Project/supertool/[39mlib/services/recent-tools.ts:35:22[90m)[39m
    at addRecentTool [90m(/Users/ferryhinardi/Project/supertool/[39mlib/services/recent-tools.ts:53:22[90m)[39m
    at [90m/Users/ferryhinardi/Project/supertool/[39mhooks/tools/useRecentTools.ts:69:7
    at Object.react_stack_bottom_frame [90m(/Users/ferryhinardi/Project/supertool/[39mnode_modules/[4m.pnpm[24m/react-dom@19.2.0_react@19.2.0/node_modules/[4mreact-dom[24m/cjs/react-dom-client.development.js:25989:20[90m)[39m
    at runWithFiberInDEV [90m(/Users/ferryhinardi/Project/supertool/[39mnode_modules/[4m.pnpm[24m/react-dom@19.2.0_react@19.2.0/node_modules/[4mreact-dom[24m/cjs/react-dom-client.development.js:874:13[90m)[39m
    at commitHookEffectListMount [90m(/Users/ferryhinardi/Project/supertool/[39mnode_modules/[4m.pnpm[24m/react-dom@19.2.0_react@19.2.0/node_modules/[4mreact-dom[24m/cjs/react-dom-client.development.js:13249:29[90m)[39m
    at commitHookPassiveMountEffects [90m(/Users/ferryhinardi/Project/supertool/[39mnode_modules/[4m.pnpm[24m/react-dom@19.2.0_react@19.2.0/node_modules/[4mreact-dom[24m/cjs/react-dom-client.development.js:13336:11[90m)[39m
    at commitPassiveMountOnFiber [90m(/Users/ferryhinardi/Project/supertool/[39mnode_modules/[4m.pnpm[24m/react-dom@19.2.0_react@19.2.0/node_modules/[4mreact-dom[24m/cjs/react-dom-client.development.js:15484:13[90m)[39m
    at recursivelyTraversePassiveMountEffects [90m(/Users/ferryhinardi/Project/supertool/[39mnode_modules/[4m.pnpm[24m/react-dom@19.2.0_react@19.2.0/node_modules/[4mreact-dom[24m/cjs/react-dom-client.development.js:15439:11[90m)[39m
An update to ToolRating inside a test was not wrapped in act(...).

When testing, code that causes React state updates should be wrapped into act(...):

act(() => {
  /* fire events that update state */
});
/* assert on the output */

This ensures that you're testing the behavior the user would see in the browser. Learn more at https://react.dev/link/wrap-tests-with-act

[90mstderr[2m | app/tools/media/image-optimizer/__tests__/page.test.tsx[2m > [22m[2mImage Optimizer Page[2m > [22m[2mPage Rendering[2m > [22m[2mshould render the Professional Image Optimization badge
[22m[39mAn update to ToolRating inside a test was not wrapped in act(...).

When testing, code that causes React state updates should be wrapped into act(...):

act(() => {
  /* fire events that update state */
});
/* assert on the output */

This ensures that you're testing the behavior the user would see in the browser. Learn more at https://react.dev/link/wrap-tests-with-act

[90mstderr[2m | app/tools/media/image-optimizer/__tests__/page.test.tsx[2m > [22m[2mImage Optimizer Page[2m > [22m[2mPage Rendering[2m > [22m[2mshould track page view on mount
[22m[39mAn update to ToolRating inside a test was not wrapped in act(...).

When testing, code that causes React state updates should be wrapped into act(...):

act(() => {
  /* fire events that update state */
});
/* assert on the output */

This ensures that you're testing the behavior the user would see in the browser. Learn more at https://react.dev/link/wrap-tests-with-act

[90mstderr[2m | app/tools/media/image-optimizer/__tests__/page.test.tsx[2m > [22m[2mImage Optimizer Page[2m > [22m[2mSettings Panel[2m > [22m[2mshould render optimization settings section
[22m[39mAn update to ToolRating inside a test was not wrapped in act(...).

When testing, code that causes React state updates should be wrapped into act(...):

act(() => {
  /* fire events that update state */
});
/* assert on the output */

This ensures that you're testing the behavior the user would see in the browser. Learn more at https://react.dev/link/wrap-tests-with-act

[90mstderr[2m | app/tools/media/image-optimizer/__tests__/page.test.tsx[2m > [22m[2mImage Optimizer Page[2m > [22m[2mSettings Panel[2m > [22m[2mshould render output format buttons
[22m[39mAn update to ToolRating inside a test was not wrapped in act(...).

When testing, code that causes React state updates should be wrapped into act(...):

act(() => {
  /* fire events that update state */
});
/* assert on the output */

This ensures that you're testing the behavior the user would see in the browser. Learn more at https://react.dev/link/wrap-tests-with-act

[90mstderr[2m | app/tools/media/image-optimizer/__tests__/page.test.tsx[2m > [22m[2mImage Optimizer Page[2m > [22m[2mSettings Panel[2m > [22m[2mshould render quality slider
[22m[39mAn update to ToolRating inside a test was not wrapped in act(...).

When testing, code that causes React state updates should be wrapped into act(...):

act(() => {
  /* fire events that update state */
});
/* assert on the output */

This ensures that you're testing the behavior the user would see in the browser. Learn more at https://react.dev/link/wrap-tests-with-act

[90mstderr[2m | app/tools/finance/split-bill/__tests__/page.test.tsx[2m > [22m[2mSplit Bill Calculator Page[2m > [22m[2mBasic Rendering[2m > [22m[2mshould display summary statistics
[22m[39mAn update to ToolRating inside a test was not wrapped in act(...).

When testing, code that causes React state updates should be wrapped into act(...):

act(() => {
  /* fire events that update state */
});
/* assert on the output */

This ensures that you're testing the behavior the user would see in the browser. Learn more at https://react.dev/link/wrap-tests-with-act

[90mstderr[2m | app/tools/data/json-beautify/__tests__/page.test.tsx[2m > [22m[2mJSON Beautifier Page[2m > [22m[2mPage Rendering[2m > [22m[2mshould render main heading
[22m[39mFailed to add recent tool: TypeError: indexedDB.open is not a function
    at openDB [90m(file:///Users/ferryhinardi/Project/supertool/[39mnode_modules/[4m.pnpm[24m/idb@8.0.3/node_modules/[4midb[24m/build/index.js:168:31[90m)[39m
    at getDB [90m(/Users/ferryhinardi/Project/supertool/[39mlib/services/recent-tools.ts:35:22[90m)[39m
    at addRecentTool [90m(/Users/ferryhinardi/Project/supertool/[39mlib/services/recent-tools.ts:53:22[90m)[39m
    at [90m/Users/ferryhinardi/Project/supertool/[39mhooks/tools/useRecentTools.ts:69:7
    at Object.react_stack_bottom_frame [90m(/Users/ferryhinardi/Project/supertool/[39mnode_modules/[4m.pnpm[24m/react-dom@19.2.0_react@19.2.0/node_modules/[4mreact-dom[24m/cjs/react-dom-client.development.js:25989:20[90m)[39m
    at runWithFiberInDEV [90m(/Users/ferryhinardi/Project/supertool/[39mnode_modules/[4m.pnpm[24m/react-dom@19.2.0_react@19.2.0/node_modules/[4mreact-dom[24m/cjs/react-dom-client.development.js:874:13[90m)[39m
    at commitHookEffectListMount [90m(/Users/ferryhinardi/Project/supertool/[39mnode_modules/[4m.pnpm[24m/react-dom@19.2.0_react@19.2.0/node_modules/[4mreact-dom[24m/cjs/react-dom-client.development.js:13249:29[90m)[39m
    at commitHookPassiveMountEffects [90m(/Users/ferryhinardi/Project/supertool/[39mnode_modules/[4m.pnpm[24m/react-dom@19.2.0_react@19.2.0/node_modules/[4mreact-dom[24m/cjs/react-dom-client.development.js:13336:11[90m)[39m
    at reconnectPassiveEffects [90m(/Users/ferryhinardi/Project/supertool/[39mnode_modules/[4m.pnpm[24m/react-dom@19.2.0_react@19.2.0/node_modules/[4mreact-dom[24m/cjs/react-dom-client.development.js:15832:11[90m)[39m
    at recursivelyTraverseReconnectPassiveEffects [90m(/Users/ferryhinardi/Project/supertool/[39mnode_modules/[4m.pnpm[24m/react-dom@19.2.0_react@19.2.0/node_modules/[4mreact-dom[24m/cjs/react-dom-client.development.js:15784:9[90m)[39m
Failed to add recent tool: TypeError: indexedDB.open is not a function
    at openDB [90m(file:///Users/ferryhinardi/Project/supertool/[39mnode_modules/[4m.pnpm[24m/idb@8.0.3/node_modules/[4midb[24m/build/index.js:168:31[90m)[39m
    at getDB [90m(/Users/ferryhinardi/Project/supertool/[39mlib/services/recent-tools.ts:35:22[90m)[39m
    at addRecentTool [90m(/Users/ferryhinardi/Project/supertool/[39mlib/services/recent-tools.ts:53:22[90m)[39m
    at [90m/Users/ferryhinardi/Project/supertool/[39mhooks/tools/useRecentTools.ts:69:7
    at Object.react_stack_bottom_frame [90m(/Users/ferryhinardi/Project/supertool/[39mnode_modules/[4m.pnpm[24m/react-dom@19.2.0_react@19.2.0/node_modules/[4mreact-dom[24m/cjs/react-dom-client.development.js:25989:20[90m)[39m
    at runWithFiberInDEV [90m(/Users/ferryhinardi/Project/supertool/[39mnode_modules/[4m.pnpm[24m/react-dom@19.2.0_react@19.2.0/node_modules/[4mreact-dom[24m/cjs/react-dom-client.development.js:874:13[90m)[39m
    at commitHookEffectListMount [90m(/Users/ferryhinardi/Project/supertool/[39mnode_modules/[4m.pnpm[24m/react-dom@19.2.0_react@19.2.0/node_modules/[4mreact-dom[24m/cjs/react-dom-client.development.js:13249:29[90m)[39m
    at commitHookPassiveMountEffects [90m(/Users/ferryhinardi/Project/supertool/[39mnode_modules/[4m.pnpm[24m/react-dom@19.2.0_react@19.2.0/node_modules/[4mreact-dom[24m/cjs/react-dom-client.development.js:13336:11[90m)[39m
    at commitPassiveMountOnFiber [90m(/Users/ferryhinardi/Project/supertool/[39mnode_modules/[4m.pnpm[24m/react-dom@19.2.0_react@19.2.0/node_modules/[4mreact-dom[24m/cjs/react-dom-client.development.js:15484:13[90m)[39m
    at recursivelyTraversePassiveMountEffects [90m(/Users/ferryhinardi/Project/supertool/[39mnode_modules/[4m.pnpm[24m/react-dom@19.2.0_react@19.2.0/node_modules/[4mreact-dom[24m/cjs/react-dom-client.development.js:15439:11[90m)[39m
An update to ToolRating inside a test was not wrapped in act(...).

When testing, code that causes React state updates should be wrapped into act(...):

act(() => {
  /* fire events that update state */
});
/* assert on the output */

This ensures that you're testing the behavior the user would see in the browser. Learn more at https://react.dev/link/wrap-tests-with-act

[90mstderr[2m | app/tools/finance/split-bill/__tests__/page.test.tsx[2m > [22m[2mSplit Bill Calculator Page[2m > [22m[2mBill Details[2m > [22m[2mshould allow entering bill amount
[22m[39mAn update to ToolRating inside a test was not wrapped in act(...).

When testing, code that causes React state updates should be wrapped into act(...):

act(() => {
  /* fire events that update state */
});
/* assert on the output */

This ensures that you're testing the behavior the user would see in the browser. Learn more at https://react.dev/link/wrap-tests-with-act

[90mstderr[2m | app/tools/media/image-optimizer/__tests__/page.test.tsx[2m > [22m[2mImage Optimizer Page[2m > [22m[2mSettings Panel[2m > [22m[2mshould display default quality value (80%)
[22m[39mAn update to ToolRating inside a test was not wrapped in act(...).

When testing, code that causes React state updates should be wrapped into act(...):

act(() => {
  /* fire events that update state */
});
/* assert on the output */

This ensures that you're testing the behavior the user would see in the browser. Learn more at https://react.dev/link/wrap-tests-with-act

[90mstderr[2m | app/tools/media/image-optimizer/__tests__/page.test.tsx[2m > [22m[2mImage Optimizer Page[2m > [22m[2mSettings Panel[2m > [22m[2mshould render max width input
[22m[39mAn update to ToolRating inside a test was not wrapped in act(...).

When testing, code that causes React state updates should be wrapped into act(...):

act(() => {
  /* fire events that update state */
});
/* assert on the output */

This ensures that you're testing the behavior the user would see in the browser. Learn more at https://react.dev/link/wrap-tests-with-act

[90mstderr[2m | app/tools/media/image-optimizer/__tests__/page.test.tsx[2m > [22m[2mImage Optimizer Page[2m > [22m[2mSettings Panel[2m > [22m[2mshould render max height input
[22m[39mAn update to ToolRating inside a test was not wrapped in act(...).

When testing, code that causes React state updates should be wrapped into act(...):

act(() => {
  /* fire events that update state */
});
/* assert on the output */

This ensures that you're testing the behavior the user would see in the browser. Learn more at https://react.dev/link/wrap-tests-with-act

[90mstderr[2m | app/tools/finance/split-bill/__tests__/page.test.tsx[2m > [22m[2mSplit Bill Calculator Page[2m > [22m[2mBill Details[2m > [22m[2mshould allow entering tip percentage
[22m[39mAn update to ToolRating inside a test was not wrapped in act(...).

When testing, code that causes React state updates should be wrapped into act(...):

act(() => {
  /* fire events that update state */
});
/* assert on the output */

This ensures that you're testing the behavior the user would see in the browser. Learn more at https://react.dev/link/wrap-tests-with-act

[90mstderr[2m | app/tools/development/ip-lookup/__tests__/page.test.tsx[2m > [22m[2mIPLookupPage[2m > [22m[2mResults Display[2m > [22m[2mdisplays IP address information
[22m[39mTypeError: Cannot read properties of undefined (reading 'json')
    at [90m/Users/ferryhinardi/Project/supertool/[39mapp/tools/development/ip-lookup/page.tsx:112:35
[90m    at runNextTicks (node:internal/process/task_queues:60:5)[39m
[90m    at processTimers (node:internal/timers:516:9)[39m

[90mstderr[2m | app/tools/security/hash-generator/__tests__/page.test.tsx[2m > [22m[2mHash Generator Page[2m > [22m[2mText Hashing[2m > [22m[2mupdates hash when text changes
[22m[39mAn update to ToolRating inside a test was not wrapped in act(...).

When testing, code that causes React state updates should be wrapped into act(...):

act(() => {
  /* fire events that update state */
});
/* assert on the output */

This ensures that you're testing the behavior the user would see in the browser. Learn more at https://react.dev/link/wrap-tests-with-act

[90mstderr[2m | app/tools/security/hash-generator/__tests__/page.test.tsx[2m > [22m[2mHash Generator Page[2m > [22m[2mText Hashing[2m > [22m[2mclears hash when text is cleared
[22m[39mAn update to ToolRating inside a test was not wrapped in act(...).

When testing, code that causes React state updates should be wrapped into act(...):

act(() => {
  /* fire events that update state */
});
/* assert on the output */

This ensures that you're testing the behavior the user would see in the browser. Learn more at https://react.dev/link/wrap-tests-with-act

[90mstderr[2m | app/tools/finance/split-bill/__tests__/page.test.tsx[2m > [22m[2mSplit Bill Calculator Page[2m > [22m[2mBill Details[2m > [22m[2mshould allow entering tax percentage
[22m[39mAn update to ToolRating inside a test was not wrapped in act(...).

When testing, code that causes React state updates should be wrapped into act(...):

act(() => {
  /* fire events that update state */
});
/* assert on the output */

This ensures that you're testing the behavior the user would see in the browser. Learn more at https://react.dev/link/wrap-tests-with-act

[90mstderr[2m | app/tools/finance/split-bill/__tests__/page.test.tsx[2m > [22m[2mSplit Bill Calculator Page[2m > [22m[2mBill Details[2m > [22m[2mshould display quick tip buttons
[22m[39mAn update to ToolRating inside a test was not wrapped in act(...).

When testing, code that causes React state updates should be wrapped into act(...):

act(() => {
  /* fire events that update state */
});
/* assert on the output */

This ensures that you're testing the behavior the user would see in the browser. Learn more at https://react.dev/link/wrap-tests-with-act

[90mstderr[2m | app/tools/finance/split-bill/__tests__/page.test.tsx[2m > [22m[2mSplit Bill Calculator Page[2m > [22m[2mBill Details[2m > [22m[2mshould display subtotal, tip, tax breakdown
[22m[39mAn update to ToolRating inside a test was not wrapped in act(...).

When testing, code that causes React state updates should be wrapped into act(...):

act(() => {
  /* fire events that update state */
});
/* assert on the output */

This ensures that you're testing the behavior the user would see in the browser. Learn more at https://react.dev/link/wrap-tests-with-act

[90mstderr[2m | app/tools/data/json-beautify/__tests__/page.test.tsx[2m > [22m[2mJSON Beautifier Page[2m > [22m[2mPage Rendering[2m > [22m[2mshould render description text
[22m[39mFailed to add recent tool: TypeError: indexedDB.open is not a function
    at openDB [90m(file:///Users/ferryhinardi/Project/supertool/[39mnode_modules/[4m.pnpm[24m/idb@8.0.3/node_modules/[4midb[24m/build/index.js:168:31[90m)[39m
    at getDB [90m(/Users/ferryhinardi/Project/supertool/[39mlib/services/recent-tools.ts:35:22[90m)[39m
    at addRecentTool [90m(/Users/ferryhinardi/Project/supertool/[39mlib/services/recent-tools.ts:53:22[90m)[39m
    at [90m/Users/ferryhinardi/Project/supertool/[39mhooks/tools/useRecentTools.ts:69:7
    at Object.react_stack_bottom_frame [90m(/Users/ferryhinardi/Project/supertool/[39mnode_modules/[4m.pnpm[24m/react-dom@19.2.0_react@19.2.0/node_modules/[4mreact-dom[24m/cjs/react-dom-client.development.js:25989:20[90m)[39m
    at runWithFiberInDEV [90m(/Users/ferryhinardi/Project/supertool/[39mnode_modules/[4m.pnpm[24m/react-dom@19.2.0_react@19.2.0/node_modules/[4mreact-dom[24m/cjs/react-dom-client.development.js:874:13[90m)[39m
    at commitHookEffectListMount [90m(/Users/ferryhinardi/Project/supertool/[39mnode_modules/[4m.pnpm[24m/react-dom@19.2.0_react@19.2.0/node_modules/[4mreact-dom[24m/cjs/react-dom-client.development.js:13249:29[90m)[39m
    at commitHookPassiveMountEffects [90m(/Users/ferryhinardi/Project/supertool/[39mnode_modules/[4m.pnpm[24m/react-dom@19.2.0_react@19.2.0/node_modules/[4mreact-dom[24m/cjs/react-dom-client.development.js:13336:11[90m)[39m
    at reconnectPassiveEffects [90m(/Users/ferryhinardi/Project/supertool/[39mnode_modules/[4m.pnpm[24m/react-dom@19.2.0_react@19.2.0/node_modules/[4mreact-dom[24m/cjs/react-dom-client.development.js:15832:11[90m)[39m
    at recursivelyTraverseReconnectPassiveEffects [90m(/Users/ferryhinardi/Project/supertool/[39mnode_modules/[4m.pnpm[24m/react-dom@19.2.0_react@19.2.0/node_modules/[4mreact-dom[24m/cjs/react-dom-client.development.js:15784:9[90m)[39m
Failed to add recent tool: TypeError: indexedDB.open is not a function
    at openDB [90m(file:///Users/ferryhinardi/Project/supertool/[39mnode_modules/[4m.pnpm[24m/idb@8.0.3/node_modules/[4midb[24m/build/index.js:168:31[90m)[39m
    at getDB [90m(/Users/ferryhinardi/Project/supertool/[39mlib/services/recent-tools.ts:35:22[90m)[39m
    at addRecentTool [90m(/Users/ferryhinardi/Project/supertool/[39mlib/services/recent-tools.ts:53:22[90m)[39m
    at [90m/Users/ferryhinardi/Project/supertool/[39mhooks/tools/useRecentTools.ts:69:7
    at Object.react_stack_bottom_frame [90m(/Users/ferryhinardi/Project/supertool/[39mnode_modules/[4m.pnpm[24m/react-dom@19.2.0_react@19.2.0/node_modules/[4mreact-dom[24m/cjs/react-dom-client.development.js:25989:20[90m)[39m
    at runWithFiberInDEV [90m(/Users/ferryhinardi/Project/supertool/[39mnode_modules/[4m.pnpm[24m/react-dom@19.2.0_react@19.2.0/node_modules/[4mreact-dom[24m/cjs/react-dom-client.development.js:874:13[90m)[39m
    at commitHookEffectListMount [90m(/Users/ferryhinardi/Project/supertool/[39mnode_modules/[4m.pnpm[24m/react-dom@19.2.0_react@19.2.0/node_modules/[4mreact-dom[24m/cjs/react-dom-client.development.js:13249:29[90m)[39m
    at commitHookPassiveMountEffects [90m(/Users/ferryhinardi/Project/supertool/[39mnode_modules/[4m.pnpm[24m/react-dom@19.2.0_react@19.2.0/node_modules/[4mreact-dom[24m/cjs/react-dom-client.development.js:13336:11[90m)[39m
    at commitPassiveMountOnFiber [90m(/Users/ferryhinardi/Project/supertool/[39mnode_modules/[4m.pnpm[24m/react-dom@19.2.0_react@19.2.0/node_modules/[4mreact-dom[24m/cjs/react-dom-client.development.js:15484:13[90m)[39m
    at recursivelyTraversePassiveMountEffects [90m(/Users/ferryhinardi/Project/supertool/[39mnode_modules/[4m.pnpm[24m/react-dom@19.2.0_react@19.2.0/node_modules/[4mreact-dom[24m/cjs/react-dom-client.development.js:15439:11[90m)[39m
An update to ToolRating inside a test was not wrapped in act(...).

When testing, code that causes React state updates should be wrapped into act(...):

act(() => {
  /* fire events that update state */
});
/* assert on the output */

This ensures that you're testing the behavior the user would see in the browser. Learn more at https://react.dev/link/wrap-tests-with-act

[90mstderr[2m | app/tools/finance/split-bill/__tests__/page.test.tsx[2m > [22m[2mSplit Bill Calculator Page[2m > [22m[2mCurrency Selection[2m > [22m[2mshould display currency dropdown
[22m[39mAn update to ToolRating inside a test was not wrapped in act(...).

When testing, code that causes React state updates should be wrapped into act(...):

act(() => {
  /* fire events that update state */
});
/* assert on the output */

This ensures that you're testing the behavior the user would see in the browser. Learn more at https://react.dev/link/wrap-tests-with-act

[90mstderr[2m | app/tools/finance/split-bill/__tests__/page.test.tsx[2m > [22m[2mSplit Bill Calculator Page[2m > [22m[2mCurrency Selection[2m > [22m[2mshould display currency converter toggle
[22m[39mAn update to ToolRating inside a test was not wrapped in act(...).

When testing, code that causes React state updates should be wrapped into act(...):

act(() => {
  /* fire events that update state */
});
/* assert on the output */

This ensures that you're testing the behavior the user would see in the browser. Learn more at https://react.dev/link/wrap-tests-with-act

[90mstderr[2m | app/tools/finance/split-bill/__tests__/page.test.tsx[2m > [22m[2mSplit Bill Calculator Page[2m > [22m[2mPeople Management[2m > [22m[2mshould display initial two people
[22m[39mAn update to ToolRating inside a test was not wrapped in act(...).

When testing, code that causes React state updates should be wrapped into act(...):

act(() => {
  /* fire events that update state */
});
/* assert on the output */

This ensures that you're testing the behavior the user would see in the browser. Learn more at https://react.dev/link/wrap-tests-with-act

[90mstderr[2m | app/tools/finance/split-bill/__tests__/page.test.tsx[2m > [22m[2mSplit Bill Calculator Page[2m > [22m[2mPeople Management[2m > [22m[2mshould show people count in heading
[22m[39mAn update to ToolRating inside a test was not wrapped in act(...).

When testing, code that causes React state updates should be wrapped into act(...):

act(() => {
  /* fire events that update state */
});
/* assert on the output */

This ensures that you're testing the behavior the user would see in the browser. Learn more at https://react.dev/link/wrap-tests-with-act

[90mstderr[2m | app/tools/finance/split-bill/__tests__/page.test.tsx[2m > [22m[2mSplit Bill Calculator Page[2m > [22m[2mPeople Management[2m > [22m[2mshould have add person button
[22m[39mAn update to ToolRating inside a test was not wrapped in act(...).

When testing, code that causes React state updates should be wrapped into act(...):

act(() => {
  /* fire events that update state */
});
/* assert on the output */

This ensures that you're testing the behavior the user would see in the browser. Learn more at https://react.dev/link/wrap-tests-with-act

[90mstderr[2m | app/tools/data/json-beautify/__tests__/page.test.tsx[2m > [22m[2mJSON Beautifier Page[2m > [22m[2mPage Rendering[2m > [22m[2mshould track page open event
[22m[39mFailed to add recent tool: TypeError: indexedDB.open is not a function
    at openDB [90m(file:///Users/ferryhinardi/Project/supertool/[39mnode_modules/[4m.pnpm[24m/idb@8.0.3/node_modules/[4midb[24m/build/index.js:168:31[90m)[39m
    at getDB [90m(/Users/ferryhinardi/Project/supertool/[39mlib/services/recent-tools.ts:35:22[90m)[39m
    at addRecentTool [90m(/Users/ferryhinardi/Project/supertool/[39mlib/services/recent-tools.ts:53:22[90m)[39m
    at [90m/Users/ferryhinardi/Project/supertool/[39mhooks/tools/useRecentTools.ts:69:7
    at Object.react_stack_bottom_frame [90m(/Users/ferryhinardi/Project/supertool/[39mnode_modules/[4m.pnpm[24m/react-dom@19.2.0_react@19.2.0/node_modules/[4mreact-dom[24m/cjs/react-dom-client.development.js:25989:20[90m)[39m
    at runWithFiberInDEV [90m(/Users/ferryhinardi/Project/supertool/[39mnode_modules/[4m.pnpm[24m/react-dom@19.2.0_react@19.2.0/node_modules/[4mreact-dom[24m/cjs/react-dom-client.development.js:874:13[90m)[39m
    at commitHookEffectListMount [90m(/Users/ferryhinardi/Project/supertool/[39mnode_modules/[4m.pnpm[24m/react-dom@19.2.0_react@19.2.0/node_modules/[4mreact-dom[24m/cjs/react-dom-client.development.js:13249:29[90m)[39m
    at commitHookPassiveMountEffects [90m(/Users/ferryhinardi/Project/supertool/[39mnode_modules/[4m.pnpm[24m/react-dom@19.2.0_react@19.2.0/node_modules/[4mreact-dom[24m/cjs/react-dom-client.development.js:13336:11[90m)[39m
    at reconnectPassiveEffects [90m(/Users/ferryhinardi/Project/supertool/[39mnode_modules/[4m.pnpm[24m/react-dom@19.2.0_react@19.2.0/node_modules/[4mreact-dom[24m/cjs/react-dom-client.development.js:15832:11[90m)[39m
    at recursivelyTraverseReconnectPassiveEffects [90m(/Users/ferryhinardi/Project/supertool/[39mnode_modules/[4m.pnpm[24m/react-dom@19.2.0_react@19.2.0/node_modules/[4mreact-dom[24m/cjs/react-dom-client.development.js:15784:9[90m)[39m
Failed to add recent tool: TypeError: indexedDB.open is not a function
    at openDB [90m(file:///Users/ferryhinardi/Project/supertool/[39mnode_modules/[4m.pnpm[24m/idb@8.0.3/node_modules/[4midb[24m/build/index.js:168:31[90m)[39m
    at getDB [90m(/Users/ferryhinardi/Project/supertool/[39mlib/services/recent-tools.ts:35:22[90m)[39m
    at addRecentTool [90m(/Users/ferryhinardi/Project/supertool/[39mlib/services/recent-tools.ts:53:22[90m)[39m
    at [90m/Users/ferryhinardi/Project/supertool/[39mhooks/tools/useRecentTools.ts:69:7
    at Object.react_stack_bottom_frame [90m(/Users/ferryhinardi/Project/supertool/[39mnode_modules/[4m.pnpm[24m/react-dom@19.2.0_react@19.2.0/node_modules/[4mreact-dom[24m/cjs/react-dom-client.development.js:25989:20[90m)[39m
    at runWithFiberInDEV [90m(/Users/ferryhinardi/Project/supertool/[39mnode_modules/[4m.pnpm[24m/react-dom@19.2.0_react@19.2.0/node_modules/[4mreact-dom[24m/cjs/react-dom-client.development.js:874:13[90m)[39m
    at commitHookEffectListMount [90m(/Users/ferryhinardi/Project/supertool/[39mnode_modules/[4m.pnpm[24m/react-dom@19.2.0_react@19.2.0/node_modules/[4mreact-dom[24m/cjs/react-dom-client.development.js:13249:29[90m)[39m
    at commitHookPassiveMountEffects [90m(/Users/ferryhinardi/Project/supertool/[39mnode_modules/[4m.pnpm[24m/react-dom@19.2.0_react@19.2.0/node_modules/[4mreact-dom[24m/cjs/react-dom-client.development.js:13336:11[90m)[39m
    at commitPassiveMountOnFiber [90m(/Users/ferryhinardi/Project/supertool/[39mnode_modules/[4m.pnpm[24m/react-dom@19.2.0_react@19.2.0/node_modules/[4mreact-dom[24m/cjs/react-dom-client.development.js:15484:13[90m)[39m
    at recursivelyTraversePassiveMountEffects [90m(/Users/ferryhinardi/Project/supertool/[39mnode_modules/[4m.pnpm[24m/react-dom@19.2.0_react@19.2.0/node_modules/[4mreact-dom[24m/cjs/react-dom-client.development.js:15439:11[90m)[39m
An update to ToolRating inside a test was not wrapped in act(...).

When testing, code that causes React state updates should be wrapped into act(...):

act(() => {
  /* fire events that update state */
});
/* assert on the output */

This ensures that you're testing the behavior the user would see in the browser. Learn more at https://react.dev/link/wrap-tests-with-act

Error: Not implemented: navigation (except hash changes)
    at module.exports (/Users/ferryhinardi/Project/supertool/node_modules/.pnpm/jsdom@25.0.1/node_modules/jsdom/lib/jsdom/browser/not-implemented.js:9:17)
    at navigateFetch (/Users/ferryhinardi/Project/supertool/node_modules/.pnpm/jsdom@25.0.1/node_modules/jsdom/lib/jsdom/living/window/navigation.js:77:3)
    at exports.navigate (/Users/ferryhinardi/Project/supertool/node_modules/.pnpm/jsdom@25.0.1/node_modules/jsdom/lib/jsdom/living/window/navigation.js:55:3)
    at Timeout._onTimeout (/Users/ferryhinardi/Project/supertool/node_modules/.pnpm/jsdom@25.0.1/node_modules/jsdom/lib/jsdom/living/nodes/HTMLHyperlinkElementUtils-impl.js:81:7)
    at listOnTimeout (node:internal/timers:581:17)
    at processTimers (node:internal/timers:519:7) undefined
[90mstderr[2m | app/tools/data/json-beautify/__tests__/page.test.tsx[2m > [22m[2mJSON Beautifier Page[2m > [22m[2mInput Area[2m > [22m[2mshould display input and output areas
[22m[39mFailed to add recent tool: TypeError: indexedDB.open is not a function
    at openDB [90m(file:///Users/ferryhinardi/Project/supertool/[39mnode_modules/[4m.pnpm[24m/idb@8.0.3/node_modules/[4midb[24m/build/index.js:168:31[90m)[39m
    at getDB [90m(/Users/ferryhinardi/Project/supertool/[39mlib/services/recent-tools.ts:35:22[90m)[39m
    at addRecentTool [90m(/Users/ferryhinardi/Project/supertool/[39mlib/services/recent-tools.ts:53:22[90m)[39m
    at [90m/Users/ferryhinardi/Project/supertool/[39mhooks/tools/useRecentTools.ts:69:7
    at Object.react_stack_bottom_frame [90m(/Users/ferryhinardi/Project/supertool/[39mnode_modules/[4m.pnpm[24m/react-dom@19.2.0_react@19.2.0/node_modules/[4mreact-dom[24m/cjs/react-dom-client.development.js:25989:20[90m)[39m
    at runWithFiberInDEV [90m(/Users/ferryhinardi/Project/supertool/[39mnode_modules/[4m.pnpm[24m/react-dom@19.2.0_react@19.2.0/node_modules/[4mreact-dom[24m/cjs/react-dom-client.development.js:874:13[90m)[39m
    at commitHookEffectListMount [90m(/Users/ferryhinardi/Project/supertool/[39mnode_modules/[4m.pnpm[24m/react-dom@19.2.0_react@19.2.0/node_modules/[4mreact-dom[24m/cjs/react-dom-client.development.js:13249:29[90m)[39m
    at commitHookPassiveMountEffects [90m(/Users/ferryhinardi/Project/supertool/[39mnode_modules/[4m.pnpm[24m/react-dom@19.2.0_react@19.2.0/node_modules/[4mreact-dom[24m/cjs/react-dom-client.development.js:13336:11[90m)[39m
    at reconnectPassiveEffects [90m(/Users/ferryhinardi/Project/supertool/[39mnode_modules/[4m.pnpm[24m/react-dom@19.2.0_react@19.2.0/node_modules/[4mreact-dom[24m/cjs/react-dom-client.development.js:15832:11[90m)[39m
    at recursivelyTraverseReconnectPassiveEffects [90m(/Users/ferryhinardi/Project/supertool/[39mnode_modules/[4m.pnpm[24m/react-dom@19.2.0_react@19.2.0/node_modules/[4mreact-dom[24m/cjs/react-dom-client.development.js:15784:9[90m)[39m
Failed to add recent tool: TypeError: indexedDB.open is not a function
    at openDB [90m(file:///Users/ferryhinardi/Project/supertool/[39mnode_modules/[4m.pnpm[24m/idb@8.0.3/node_modules/[4midb[24m/build/index.js:168:31[90m)[39m
    at getDB [90m(/Users/ferryhinardi/Project/supertool/[39mlib/services/recent-tools.ts:35:22[90m)[39m
    at addRecentTool [90m(/Users/ferryhinardi/Project/supertool/[39mlib/services/recent-tools.ts:53:22[90m)[39m
    at [90m/Users/ferryhinardi/Project/supertool/[39mhooks/tools/useRecentTools.ts:69:7
    at Object.react_stack_bottom_frame [90m(/Users/ferryhinardi/Project/supertool/[39mnode_modules/[4m.pnpm[24m/react-dom@19.2.0_react@19.2.0/node_modules/[4mreact-dom[24m/cjs/react-dom-client.development.js:25989:20[90m)[39m
    at runWithFiberInDEV [90m(/Users/ferryhinardi/Project/supertool/[39mnode_modules/[4m.pnpm[24m/react-dom@19.2.0_react@19.2.0/node_modules/[4mreact-dom[24m/cjs/react-dom-client.development.js:874:13[90m)[39m
    at commitHookEffectListMount [90m(/Users/ferryhinardi/Project/supertool/[39mnode_modules/[4m.pnpm[24m/react-dom@19.2.0_react@19.2.0/node_modules/[4mreact-dom[24m/cjs/react-dom-client.development.js:13249:29[90m)[39m
    at commitHookPassiveMountEffects [90m(/Users/ferryhinardi/Project/supertool/[39mnode_modules/[4m.pnpm[24m/react-dom@19.2.0_react@19.2.0/node_modules/[4mreact-dom[24m/cjs/react-dom-client.development.js:13336:11[90m)[39m
    at commitPassiveMountOnFiber [90m(/Users/ferryhinardi/Project/supertool/[39mnode_modules/[4m.pnpm[24m/react-dom@19.2.0_react@19.2.0/node_modules/[4mreact-dom[24m/cjs/react-dom-client.development.js:15484:13[90m)[39m
    at recursivelyTraversePassiveMountEffects [90m(/Users/ferryhinardi/Project/supertool/[39mnode_modules/[4m.pnpm[24m/react-dom@19.2.0_react@19.2.0/node_modules/[4mreact-dom[24m/cjs/react-dom-client.development.js:15439:11[90m)[39m
An update to ToolRating inside a test was not wrapped in act(...).

When testing, code that causes React state updates should be wrapped into act(...):

act(() => {
  /* fire events that update state */
});
/* assert on the output */

This ensures that you're testing the behavior the user would see in the browser. Learn more at https://react.dev/link/wrap-tests-with-act

[90mstderr[2m | app/tools/data/json-beautify/__tests__/page.test.tsx[2m > [22m[2mJSON Beautifier Page[2m > [22m[2mInput Area[2m > [22m[2mshould render input textarea
[22m[39mFailed to add recent tool: TypeError: indexedDB.open is not a function
    at openDB [90m(file:///Users/ferryhinardi/Project/supertool/[39mnode_modules/[4m.pnpm[24m/idb@8.0.3/node_modules/[4midb[24m/build/index.js:168:31[90m)[39m
    at getDB [90m(/Users/ferryhinardi/Project/supertool/[39mlib/services/recent-tools.ts:35:22[90m)[39m
    at addRecentTool [90m(/Users/ferryhinardi/Project/supertool/[39mlib/services/recent-tools.ts:53:22[90m)[39m
    at [90m/Users/ferryhinardi/Project/supertool/[39mhooks/tools/useRecentTools.ts:69:7
    at Object.react_stack_bottom_frame [90m(/Users/ferryhinardi/Project/supertool/[39mnode_modules/[4m.pnpm[24m/react-dom@19.2.0_react@19.2.0/node_modules/[4mreact-dom[24m/cjs/react-dom-client.development.js:25989:20[90m)[39m
    at runWithFiberInDEV [90m(/Users/ferryhinardi/Project/supertool/[39mnode_modules/[4m.pnpm[24m/react-dom@19.2.0_react@19.2.0/node_modules/[4mreact-dom[24m/cjs/react-dom-client.development.js:874:13[90m)[39m
    at commitHookEffectListMount [90m(/Users/ferryhinardi/Project/supertool/[39mnode_modules/[4m.pnpm[24m/react-dom@19.2.0_react@19.2.0/node_modules/[4mreact-dom[24m/cjs/react-dom-client.development.js:13249:29[90m)[39m
    at commitHookPassiveMountEffects [90m(/Users/ferryhinardi/Project/supertool/[39mnode_modules/[4m.pnpm[24m/react-dom@19.2.0_react@19.2.0/node_modules/[4mreact-dom[24m/cjs/react-dom-client.development.js:13336:11[90m)[39m
    at reconnectPassiveEffects [90m(/Users/ferryhinardi/Project/supertool/[39mnode_modules/[4m.pnpm[24m/react-dom@19.2.0_react@19.2.0/node_modules/[4mreact-dom[24m/cjs/react-dom-client.development.js:15832:11[90m)[39m
    at recursivelyTraverseReconnectPassiveEffects [90m(/Users/ferryhinardi/Project/supertool/[39mnode_modules/[4m.pnpm[24m/react-dom@19.2.0_react@19.2.0/node_modules/[4mreact-dom[24m/cjs/react-dom-client.development.js:15784:9[90m)[39m
Failed to add recent tool: TypeError: indexedDB.open is not a function
    at openDB [90m(file:///Users/ferryhinardi/Project/supertool/[39mnode_modules/[4m.pnpm[24m/idb@8.0.3/node_modules/[4midb[24m/build/index.js:168:31[90m)[39m
    at getDB [90m(/Users/ferryhinardi/Project/supertool/[39mlib/services/recent-tools.ts:35:22[90m)[39m
    at addRecentTool [90m(/Users/ferryhinardi/Project/supertool/[39mlib/services/recent-tools.ts:53:22[90m)[39m
    at [90m/Users/ferryhinardi/Project/supertool/[39mhooks/tools/useRecentTools.ts:69:7
    at Object.react_stack_bottom_frame [90m(/Users/ferryhinardi/Project/supertool/[39mnode_modules/[4m.pnpm[24m/react-dom@19.2.0_react@19.2.0/node_modules/[4mreact-dom[24m/cjs/react-dom-client.development.js:25989:20[90m)[39m
    at runWithFiberInDEV [90m(/Users/ferryhinardi/Project/supertool/[39mnode_modules/[4m.pnpm[24m/react-dom@19.2.0_react@19.2.0/node_modules/[4mreact-dom[24m/cjs/react-dom-client.development.js:874:13[90m)[39m
    at commitHookEffectListMount [90m(/Users/ferryhinardi/Project/supertool/[39mnode_modules/[4m.pnpm[24m/react-dom@19.2.0_react@19.2.0/node_modules/[4mreact-dom[24m/cjs/react-dom-client.development.js:13249:29[90m)[39m
    at commitHookPassiveMountEffects [90m(/Users/ferryhinardi/Project/supertool/[39mnode_modules/[4m.pnpm[24m/react-dom@19.2.0_react@19.2.0/node_modules/[4mreact-dom[24m/cjs/react-dom-client.development.js:13336:11[90m)[39m
    at commitPassiveMountOnFiber [90m(/Users/ferryhinardi/Project/supertool/[39mnode_modules/[4m.pnpm[24m/react-dom@19.2.0_react@19.2.0/node_modules/[4mreact-dom[24m/cjs/react-dom-client.development.js:15484:13[90m)[39m
    at recursivelyTraversePassiveMountEffects [90m(/Users/ferryhinardi/Project/supertool/[39mnode_modules/[4m.pnpm[24m/react-dom@19.2.0_react@19.2.0/node_modules/[4mreact-dom[24m/cjs/react-dom-client.development.js:15439:11[90m)[39m
An update to ToolRating inside a test was not wrapped in act(...).

When testing, code that causes React state updates should be wrapped into act(...):

act(() => {
  /* fire events that update state */
});
/* assert on the output */

This ensures that you're testing the behavior the user would see in the browser. Learn more at https://react.dev/link/wrap-tests-with-act

[90mstderr[2m | app/tools/data/json-beautify/__tests__/page.test.tsx[2m > [22m[2mJSON Beautifier Page[2m > [22m[2mInput Area[2m > [22m[2mshould render output area
[22m[39mFailed to add recent tool: TypeError: indexedDB.open is not a function
    at openDB [90m(file:///Users/ferryhinardi/Project/supertool/[39mnode_modules/[4m.pnpm[24m/idb@8.0.3/node_modules/[4midb[24m/build/index.js:168:31[90m)[39m
    at getDB [90m(/Users/ferryhinardi/Project/supertool/[39mlib/services/recent-tools.ts:35:22[90m)[39m
    at addRecentTool [90m(/Users/ferryhinardi/Project/supertool/[39mlib/services/recent-tools.ts:53:22[90m)[39m
    at [90m/Users/ferryhinardi/Project/supertool/[39mhooks/tools/useRecentTools.ts:69:7
    at Object.react_stack_bottom_frame [90m(/Users/ferryhinardi/Project/supertool/[39mnode_modules/[4m.pnpm[24m/react-dom@19.2.0_react@19.2.0/node_modules/[4mreact-dom[24m/cjs/react-dom-client.development.js:25989:20[90m)[39m
    at runWithFiberInDEV [90m(/Users/ferryhinardi/Project/supertool/[39mnode_modules/[4m.pnpm[24m/react-dom@19.2.0_react@19.2.0/node_modules/[4mreact-dom[24m/cjs/react-dom-client.development.js:874:13[90m)[39m
    at commitHookEffectListMount [90m(/Users/ferryhinardi/Project/supertool/[39mnode_modules/[4m.pnpm[24m/react-dom@19.2.0_react@19.2.0/node_modules/[4mreact-dom[24m/cjs/react-dom-client.development.js:13249:29[90m)[39m
    at commitHookPassiveMountEffects [90m(/Users/ferryhinardi/Project/supertool/[39mnode_modules/[4m.pnpm[24m/react-dom@19.2.0_react@19.2.0/node_modules/[4mreact-dom[24m/cjs/react-dom-client.development.js:13336:11[90m)[39m
    at reconnectPassiveEffects [90m(/Users/ferryhinardi/Project/supertool/[39mnode_modules/[4m.pnpm[24m/react-dom@19.2.0_react@19.2.0/node_modules/[4mreact-dom[24m/cjs/react-dom-client.development.js:15832:11[90m)[39m
    at recursivelyTraverseReconnectPassiveEffects [90m(/Users/ferryhinardi/Project/supertool/[39mnode_modules/[4m.pnpm[24m/react-dom@19.2.0_react@19.2.0/node_modules/[4mreact-dom[24m/cjs/react-dom-client.development.js:15784:9[90m)[39m
Failed to add recent tool: TypeError: indexedDB.open is not a function
    at openDB [90m(file:///Users/ferryhinardi/Project/supertool/[39mnode_modules/[4m.pnpm[24m/idb@8.0.3/node_modules/[4midb[24m/build/index.js:168:31[90m)[39m
    at getDB [90m(/Users/ferryhinardi/Project/supertool/[39mlib/services/recent-tools.ts:35:22[90m)[39m
    at addRecentTool [90m(/Users/ferryhinardi/Project/supertool/[39mlib/services/recent-tools.ts:53:22[90m)[39m
    at [90m/Users/ferryhinardi/Project/supertool/[39mhooks/tools/useRecentTools.ts:69:7
    at Object.react_stack_bottom_frame [90m(/Users/ferryhinardi/Project/supertool/[39mnode_modules/[4m.pnpm[24m/react-dom@19.2.0_react@19.2.0/node_modules/[4mreact-dom[24m/cjs/react-dom-client.development.js:25989:20[90m)[39m
    at runWithFiberInDEV [90m(/Users/ferryhinardi/Project/supertool/[39mnode_modules/[4m.pnpm[24m/react-dom@19.2.0_react@19.2.0/node_modules/[4mreact-dom[24m/cjs/react-dom-client.development.js:874:13[90m)[39m
    at commitHookEffectListMount [90m(/Users/ferryhinardi/Project/supertool/[39mnode_modules/[4m.pnpm[24m/react-dom@19.2.0_react@19.2.0/node_modules/[4mreact-dom[24m/cjs/react-dom-client.development.js:13249:29[90m)[39m
    at commitHookPassiveMountEffects [90m(/Users/ferryhinardi/Project/supertool/[39mnode_modules/[4m.pnpm[24m/react-dom@19.2.0_react@19.2.0/node_modules/[4mreact-dom[24m/cjs/react-dom-client.development.js:13336:11[90m)[39m
    at commitPassiveMountOnFiber [90m(/Users/ferryhinardi/Project/supertool/[39mnode_modules/[4m.pnpm[24m/react-dom@19.2.0_react@19.2.0/node_modules/[4mreact-dom[24m/cjs/react-dom-client.development.js:15484:13[90m)[39m
    at recursivelyTraversePassiveMountEffects [90m(/Users/ferryhinardi/Project/supertool/[39mnode_modules/[4m.pnpm[24m/react-dom@19.2.0_react@19.2.0/node_modules/[4mreact-dom[24m/cjs/react-dom-client.development.js:15439:11[90m)[39m
An update to ToolRating inside a test was not wrapped in act(...).

When testing, code that causes React state updates should be wrapped into act(...):

act(() => {
  /* fire events that update state */
});
/* assert on the output */

This ensures that you're testing the behavior the user would see in the browser. Learn more at https://react.dev/link/wrap-tests-with-act

[90mstderr[2m | app/tools/data/json-beautify/__tests__/page.test.tsx[2m > [22m[2mJSON Beautifier Page[2m > [22m[2mInput Area[2m > [22m[2mshould allow typing JSON in input
[22m[39mFailed to add recent tool: TypeError: indexedDB.open is not a function
    at openDB [90m(file:///Users/ferryhinardi/Project/supertool/[39mnode_modules/[4m.pnpm[24m/idb@8.0.3/node_modules/[4midb[24m/build/index.js:168:31[90m)[39m
    at getDB [90m(/Users/ferryhinardi/Project/supertool/[39mlib/services/recent-tools.ts:35:22[90m)[39m
    at addRecentTool [90m(/Users/ferryhinardi/Project/supertool/[39mlib/services/recent-tools.ts:53:22[90m)[39m
    at [90m/Users/ferryhinardi/Project/supertool/[39mhooks/tools/useRecentTools.ts:69:7
    at Object.react_stack_bottom_frame [90m(/Users/ferryhinardi/Project/supertool/[39mnode_modules/[4m.pnpm[24m/react-dom@19.2.0_react@19.2.0/node_modules/[4mreact-dom[24m/cjs/react-dom-client.development.js:25989:20[90m)[39m
    at runWithFiberInDEV [90m(/Users/ferryhinardi/Project/supertool/[39mnode_modules/[4m.pnpm[24m/react-dom@19.2.0_react@19.2.0/node_modules/[4mreact-dom[24m/cjs/react-dom-client.development.js:874:13[90m)[39m
    at commitHookEffectListMount [90m(/Users/ferryhinardi/Project/supertool/[39mnode_modules/[4m.pnpm[24m/react-dom@19.2.0_react@19.2.0/node_modules/[4mreact-dom[24m/cjs/react-dom-client.development.js:13249:29[90m)[39m
    at commitHookPassiveMountEffects [90m(/Users/ferryhinardi/Project/supertool/[39mnode_modules/[4m.pnpm[24m/react-dom@19.2.0_react@19.2.0/node_modules/[4mreact-dom[24m/cjs/react-dom-client.development.js:13336:11[90m)[39m
    at reconnectPassiveEffects [90m(/Users/ferryhinardi/Project/supertool/[39mnode_modules/[4m.pnpm[24m/react-dom@19.2.0_react@19.2.0/node_modules/[4mreact-dom[24m/cjs/react-dom-client.development.js:15832:11[90m)[39m
    at recursivelyTraverseReconnectPassiveEffects [90m(/Users/ferryhinardi/Project/supertool/[39mnode_modules/[4m.pnpm[24m/react-dom@19.2.0_react@19.2.0/node_modules/[4mreact-dom[24m/cjs/react-dom-client.development.js:15784:9[90m)[39m
Failed to add recent tool: TypeError: indexedDB.open is not a function
    at openDB [90m(file:///Users/ferryhinardi/Project/supertool/[39mnode_modules/[4m.pnpm[24m/idb@8.0.3/node_modules/[4midb[24m/build/index.js:168:31[90m)[39m
    at getDB [90m(/Users/ferryhinardi/Project/supertool/[39mlib/services/recent-tools.ts:35:22[90m)[39m
    at addRecentTool [90m(/Users/ferryhinardi/Project/supertool/[39mlib/services/recent-tools.ts:53:22[90m)[39m
    at [90m/Users/ferryhinardi/Project/supertool/[39mhooks/tools/useRecentTools.ts:69:7
    at Object.react_stack_bottom_frame [90m(/Users/ferryhinardi/Project/supertool/[39mnode_modules/[4m.pnpm[24m/react-dom@19.2.0_react@19.2.0/node_modules/[4mreact-dom[24m/cjs/react-dom-client.development.js:25989:20[90m)[39m
    at runWithFiberInDEV [90m(/Users/ferryhinardi/Project/supertool/[39mnode_modules/[4m.pnpm[24m/react-dom@19.2.0_react@19.2.0/node_modules/[4mreact-dom[24m/cjs/react-dom-client.development.js:874:13[90m)[39m
    at commitHookEffectListMount [90m(/Users/ferryhinardi/Project/supertool/[39mnode_modules/[4m.pnpm[24m/react-dom@19.2.0_react@19.2.0/node_modules/[4mreact-dom[24m/cjs/react-dom-client.development.js:13249:29[90m)[39m
    at commitHookPassiveMountEffects [90m(/Users/ferryhinardi/Project/supertool/[39mnode_modules/[4m.pnpm[24m/react-dom@19.2.0_react@19.2.0/node_modules/[4mreact-dom[24m/cjs/react-dom-client.development.js:13336:11[90m)[39m
    at commitPassiveMountOnFiber [90m(/Users/ferryhinardi/Project/supertool/[39mnode_modules/[4m.pnpm[24m/react-dom@19.2.0_react@19.2.0/node_modules/[4mreact-dom[24m/cjs/react-dom-client.development.js:15484:13[90m)[39m
    at recursivelyTraversePassiveMountEffects [90m(/Users/ferryhinardi/Project/supertool/[39mnode_modules/[4m.pnpm[24m/react-dom@19.2.0_react@19.2.0/node_modules/[4mreact-dom[24m/cjs/react-dom-client.development.js:15439:11[90m)[39m
An update to ToolRating inside a test was not wrapped in act(...).

When testing, code that causes React state updates should be wrapped into act(...):

act(() => {
  /* fire events that update state */
});
/* assert on the output */

This ensures that you're testing the behavior the user would see in the browser. Learn more at https://react.dev/link/wrap-tests-with-act

[90mstderr[2m | app/tools/data/json-beautify/__tests__/page.test.tsx[2m > [22m[2mJSON Beautifier Page[2m > [22m[2mInput Area[2m > [22m[2mshould accept JSON input placeholder
[22m[39mFailed to add recent tool: TypeError: indexedDB.open is not a function
    at openDB [90m(file:///Users/ferryhinardi/Project/supertool/[39mnode_modules/[4m.pnpm[24m/idb@8.0.3/node_modules/[4midb[24m/build/index.js:168:31[90m)[39m
    at getDB [90m(/Users/ferryhinardi/Project/supertool/[39mlib/services/recent-tools.ts:35:22[90m)[39m
    at addRecentTool [90m(/Users/ferryhinardi/Project/supertool/[39mlib/services/recent-tools.ts:53:22[90m)[39m
    at [90m/Users/ferryhinardi/Project/supertool/[39mhooks/tools/useRecentTools.ts:69:7
    at Object.react_stack_bottom_frame [90m(/Users/ferryhinardi/Project/supertool/[39mnode_modules/[4m.pnpm[24m/react-dom@19.2.0_react@19.2.0/node_modules/[4mreact-dom[24m/cjs/react-dom-client.development.js:25989:20[90m)[39m
    at runWithFiberInDEV [90m(/Users/ferryhinardi/Project/supertool/[39mnode_modules/[4m.pnpm[24m/react-dom@19.2.0_react@19.2.0/node_modules/[4mreact-dom[24m/cjs/react-dom-client.development.js:874:13[90m)[39m
    at commitHookEffectListMount [90m(/Users/ferryhinardi/Project/supertool/[39mnode_modules/[4m.pnpm[24m/react-dom@19.2.0_react@19.2.0/node_modules/[4mreact-dom[24m/cjs/react-dom-client.development.js:13249:29[90m)[39m
    at commitHookPassiveMountEffects [90m(/Users/ferryhinardi/Project/supertool/[39mnode_modules/[4m.pnpm[24m/react-dom@19.2.0_react@19.2.0/node_modules/[4mreact-dom[24m/cjs/react-dom-client.development.js:13336:11[90m)[39m
    at reconnectPassiveEffects [90m(/Users/ferryhinardi/Project/supertool/[39mnode_modules/[4m.pnpm[24m/react-dom@19.2.0_react@19.2.0/node_modules/[4mreact-dom[24m/cjs/react-dom-client.development.js:15832:11[90m)[39m
    at recursivelyTraverseReconnectPassiveEffects [90m(/Users/ferryhinardi/Project/supertool/[39mnode_modules/[4m.pnpm[24m/react-dom@19.2.0_react@19.2.0/node_modules/[4mreact-dom[24m/cjs/react-dom-client.development.js:15784:9[90m)[39m
Failed to add recent tool: TypeError: indexedDB.open is not a function
    at openDB [90m(file:///Users/ferryhinardi/Project/supertool/[39mnode_modules/[4m.pnpm[24m/idb@8.0.3/node_modules/[4midb[24m/build/index.js:168:31[90m)[39m
    at getDB [90m(/Users/ferryhinardi/Project/supertool/[39mlib/services/recent-tools.ts:35:22[90m)[39m
    at addRecentTool [90m(/Users/ferryhinardi/Project/supertool/[39mlib/services/recent-tools.ts:53:22[90m)[39m
    at [90m/Users/ferryhinardi/Project/supertool/[39mhooks/tools/useRecentTools.ts:69:7
    at Object.react_stack_bottom_frame [90m(/Users/ferryhinardi/Project/supertool/[39mnode_modules/[4m.pnpm[24m/react-dom@19.2.0_react@19.2.0/node_modules/[4mreact-dom[24m/cjs/react-dom-client.development.js:25989:20[90m)[39m
    at runWithFiberInDEV [90m(/Users/ferryhinardi/Project/supertool/[39mnode_modules/[4m.pnpm[24m/react-dom@19.2.0_react@19.2.0/node_modules/[4mreact-dom[24m/cjs/react-dom-client.development.js:874:13[90m)[39m
    at commitHookEffectListMount [90m(/Users/ferryhinardi/Project/supertool/[39mnode_modules/[4m.pnpm[24m/react-dom@19.2.0_react@19.2.0/node_modules/[4mreact-dom[24m/cjs/react-dom-client.development.js:13249:29[90m)[39m
    at commitHookPassiveMountEffects [90m(/Users/ferryhinardi/Project/supertool/[39mnode_modules/[4m.pnpm[24m/react-dom@19.2.0_react@19.2.0/node_modules/[4mreact-dom[24m/cjs/react-dom-client.development.js:13336:11[90m)[39m
    at commitPassiveMountOnFiber [90m(/Users/ferryhinardi/Project/supertool/[39mnode_modules/[4m.pnpm[24m/react-dom@19.2.0_react@19.2.0/node_modules/[4mreact-dom[24m/cjs/react-dom-client.development.js:15484:13[90m)[39m
    at recursivelyTraversePassiveMountEffects [90m(/Users/ferryhinardi/Project/supertool/[39mnode_modules/[4m.pnpm[24m/react-dom@19.2.0_react@19.2.0/node_modules/[4mreact-dom[24m/cjs/react-dom-client.development.js:15439:11[90m)[39m
An update to ToolRating inside a test was not wrapped in act(...).

When testing, code that causes React state updates should be wrapped into act(...):

act(() => {
  /* fire events that update state */
});
/* assert on the output */

This ensures that you're testing the behavior the user would see in the browser. Learn more at https://react.dev/link/wrap-tests-with-act

[90mstderr[2m | app/tools/data/json-beautify/__tests__/page.test.tsx[2m > [22m[2mJSON Beautifier Page[2m > [22m[2mAction Buttons[2m > [22m[2mshould render Beautify button
[22m[39mFailed to add recent tool: TypeError: indexedDB.open is not a function
    at openDB [90m(file:///Users/ferryhinardi/Project/supertool/[39mnode_modules/[4m.pnpm[24m/idb@8.0.3/node_modules/[4midb[24m/build/index.js:168:31[90m)[39m
    at getDB [90m(/Users/ferryhinardi/Project/supertool/[39mlib/services/recent-tools.ts:35:22[90m)[39m
    at addRecentTool [90m(/Users/ferryhinardi/Project/supertool/[39mlib/services/recent-tools.ts:53:22[90m)[39m
    at [90m/Users/ferryhinardi/Project/supertool/[39mhooks/tools/useRecentTools.ts:69:7
    at Object.react_stack_bottom_frame [90m(/Users/ferryhinardi/Project/supertool/[39mnode_modules/[4m.pnpm[24m/react-dom@19.2.0_react@19.2.0/node_modules/[4mreact-dom[24m/cjs/react-dom-client.development.js:25989:20[90m)[39m
    at runWithFiberInDEV [90m(/Users/ferryhinardi/Project/supertool/[39mnode_modules/[4m.pnpm[24m/react-dom@19.2.0_react@19.2.0/node_modules/[4mreact-dom[24m/cjs/react-dom-client.development.js:874:13[90m)[39m
    at commitHookEffectListMount [90m(/Users/ferryhinardi/Project/supertool/[39mnode_modules/[4m.pnpm[24m/react-dom@19.2.0_react@19.2.0/node_modules/[4mreact-dom[24m/cjs/react-dom-client.development.js:13249:29[90m)[39m
    at commitHookPassiveMountEffects [90m(/Users/ferryhinardi/Project/supertool/[39mnode_modules/[4m.pnpm[24m/react-dom@19.2.0_react@19.2.0/node_modules/[4mreact-dom[24m/cjs/react-dom-client.development.js:13336:11[90m)[39m
    at reconnectPassiveEffects [90m(/Users/ferryhinardi/Project/supertool/[39mnode_modules/[4m.pnpm[24m/react-dom@19.2.0_react@19.2.0/node_modules/[4mreact-dom[24m/cjs/react-dom-client.development.js:15832:11[90m)[39m
    at recursivelyTraverseReconnectPassiveEffects [90m(/Users/ferryhinardi/Project/supertool/[39mnode_modules/[4m.pnpm[24m/react-dom@19.2.0_react@19.2.0/node_modules/[4mreact-dom[24m/cjs/react-dom-client.development.js:15784:9[90m)[39m
Failed to add recent tool: TypeError: indexedDB.open is not a function
    at openDB [90m(file:///Users/ferryhinardi/Project/supertool/[39mnode_modules/[4m.pnpm[24m/idb@8.0.3/node_modules/[4midb[24m/build/index.js:168:31[90m)[39m
    at getDB [90m(/Users/ferryhinardi/Project/supertool/[39mlib/services/recent-tools.ts:35:22[90m)[39m
    at addRecentTool [90m(/Users/ferryhinardi/Project/supertool/[39mlib/services/recent-tools.ts:53:22[90m)[39m
    at [90m/Users/ferryhinardi/Project/supertool/[39mhooks/tools/useRecentTools.ts:69:7
    at Object.react_stack_bottom_frame [90m(/Users/ferryhinardi/Project/supertool/[39mnode_modules/[4m.pnpm[24m/react-dom@19.2.0_react@19.2.0/node_modules/[4mreact-dom[24m/cjs/react-dom-client.development.js:25989:20[90m)[39m
    at runWithFiberInDEV [90m(/Users/ferryhinardi/Project/supertool/[39mnode_modules/[4m.pnpm[24m/react-dom@19.2.0_react@19.2.0/node_modules/[4mreact-dom[24m/cjs/react-dom-client.development.js:874:13[90m)[39m
    at commitHookEffectListMount [90m(/Users/ferryhinardi/Project/supertool/[39mnode_modules/[4m.pnpm[24m/react-dom@19.2.0_react@19.2.0/node_modules/[4mreact-dom[24m/cjs/react-dom-client.development.js:13249:29[90m)[39m
    at commitHookPassiveMountEffects [90m(/Users/ferryhinardi/Project/supertool/[39mnode_modules/[4m.pnpm[24m/react-dom@19.2.0_react@19.2.0/node_modules/[4mreact-dom[24m/cjs/react-dom-client.development.js:13336:11[90m)[39m
    at commitPassiveMountOnFiber [90m(/Users/ferryhinardi/Project/supertool/[39mnode_modules/[4m.pnpm[24m/react-dom@19.2.0_react@19.2.0/node_modules/[4mreact-dom[24m/cjs/react-dom-client.development.js:15484:13[90m)[39m
    at recursivelyTraversePassiveMountEffects [90m(/Users/ferryhinardi/Project/supertool/[39mnode_modules/[4m.pnpm[24m/react-dom@19.2.0_react@19.2.0/node_modules/[4mreact-dom[24m/cjs/react-dom-client.development.js:15439:11[90m)[39m
An update to ToolRating inside a test was not wrapped in act(...).

When testing, code that causes React state updates should be wrapped into act(...):

act(() => {
  /* fire events that update state */
});
/* assert on the output */

This ensures that you're testing the behavior the user would see in the browser. Learn more at https://react.dev/link/wrap-tests-with-act

[90mstderr[2m | app/tools/data/json-beautify/__tests__/page.test.tsx[2m > [22m[2mJSON Beautifier Page[2m > [22m[2mAction Buttons[2m > [22m[2mshould render Minify button
[22m[39mFailed to add recent tool: TypeError: indexedDB.open is not a function
    at openDB [90m(file:///Users/ferryhinardi/Project/supertool/[39mnode_modules/[4m.pnpm[24m/idb@8.0.3/node_modules/[4midb[24m/build/index.js:168:31[90m)[39m
    at getDB [90m(/Users/ferryhinardi/Project/supertool/[39mlib/services/recent-tools.ts:35:22[90m)[39m
    at addRecentTool [90m(/Users/ferryhinardi/Project/supertool/[39mlib/services/recent-tools.ts:53:22[90m)[39m
    at [90m/Users/ferryhinardi/Project/supertool/[39mhooks/tools/useRecentTools.ts:69:7
    at Object.react_stack_bottom_frame [90m(/Users/ferryhinardi/Project/supertool/[39mnode_modules/[4m.pnpm[24m/react-dom@19.2.0_react@19.2.0/node_modules/[4mreact-dom[24m/cjs/react-dom-client.development.js:25989:20[90m)[39m
    at runWithFiberInDEV [90m(/Users/ferryhinardi/Project/supertool/[39mnode_modules/[4m.pnpm[24m/react-dom@19.2.0_react@19.2.0/node_modules/[4mreact-dom[24m/cjs/react-dom-client.development.js:874:13[90m)[39m
    at commitHookEffectListMount [90m(/Users/ferryhinardi/Project/supertool/[39mnode_modules/[4m.pnpm[24m/react-dom@19.2.0_react@19.2.0/node_modules/[4mreact-dom[24m/cjs/react-dom-client.development.js:13249:29[90m)[39m
    at commitHookPassiveMountEffects [90m(/Users/ferryhinardi/Project/supertool/[39mnode_modules/[4m.pnpm[24m/react-dom@19.2.0_react@19.2.0/node_modules/[4mreact-dom[24m/cjs/react-dom-client.development.js:13336:11[90m)[39m
    at reconnectPassiveEffects [90m(/Users/ferryhinardi/Project/supertool/[39mnode_modules/[4m.pnpm[24m/react-dom@19.2.0_react@19.2.0/node_modules/[4mreact-dom[24m/cjs/react-dom-client.development.js:15832:11[90m)[39m
    at recursivelyTraverseReconnectPassiveEffects [90m(/Users/ferryhinardi/Project/supertool/[39mnode_modules/[4m.pnpm[24m/react-dom@19.2.0_react@19.2.0/node_modules/[4mreact-dom[24m/cjs/react-dom-client.development.js:15784:9[90m)[39m
Failed to add recent tool: TypeError: indexedDB.open is not a function
    at openDB [90m(file:///Users/ferryhinardi/Project/supertool/[39mnode_modules/[4m.pnpm[24m/idb@8.0.3/node_modules/[4midb[24m/build/index.js:168:31[90m)[39m
    at getDB [90m(/Users/ferryhinardi/Project/supertool/[39mlib/services/recent-tools.ts:35:22[90m)[39m
    at addRecentTool [90m(/Users/ferryhinardi/Project/supertool/[39mlib/services/recent-tools.ts:53:22[90m)[39m
    at [90m/Users/ferryhinardi/Project/supertool/[39mhooks/tools/useRecentTools.ts:69:7
    at Object.react_stack_bottom_frame [90m(/Users/ferryhinardi/Project/supertool/[39mnode_modules/[4m.pnpm[24m/react-dom@19.2.0_react@19.2.0/node_modules/[4mreact-dom[24m/cjs/react-dom-client.development.js:25989:20[90m)[39m
    at runWithFiberInDEV [90m(/Users/ferryhinardi/Project/supertool/[39mnode_modules/[4m.pnpm[24m/react-dom@19.2.0_react@19.2.0/node_modules/[4mreact-dom[24m/cjs/react-dom-client.development.js:874:13[90m)[39m
    at commitHookEffectListMount [90m(/Users/ferryhinardi/Project/supertool/[39mnode_modules/[4m.pnpm[24m/react-dom@19.2.0_react@19.2.0/node_modules/[4mreact-dom[24m/cjs/react-dom-client.development.js:13249:29[90m)[39m
    at commitHookPassiveMountEffects [90m(/Users/ferryhinardi/Project/supertool/[39mnode_modules/[4m.pnpm[24m/react-dom@19.2.0_react@19.2.0/node_modules/[4mreact-dom[24m/cjs/react-dom-client.development.js:13336:11[90m)[39m
    at commitPassiveMountOnFiber [90m(/Users/ferryhinardi/Project/supertool/[39mnode_modules/[4m.pnpm[24m/react-dom@19.2.0_react@19.2.0/node_modules/[4mreact-dom[24m/cjs/react-dom-client.development.js:15484:13[90m)[39m
    at recursivelyTraversePassiveMountEffects [90m(/Users/ferryhinardi/Project/supertool/[39mnode_modules/[4m.pnpm[24m/react-dom@19.2.0_react@19.2.0/node_modules/[4mreact-dom[24m/cjs/react-dom-client.development.js:15439:11[90m)[39m
An update to ToolRating inside a test was not wrapped in act(...).

When testing, code that causes React state updates should be wrapped into act(...):

act(() => {
  /* fire events that update state */
});
/* assert on the output */

This ensures that you're testing the behavior the user would see in the browser. Learn more at https://react.dev/link/wrap-tests-with-act

[90mstderr[2m | app/tools/data/json-beautify/__tests__/page.test.tsx[2m > [22m[2mJSON Beautifier Page[2m > [22m[2mAction Buttons[2m > [22m[2mshould render Copy button
[22m[39mFailed to add recent tool: TypeError: indexedDB.open is not a function
    at openDB [90m(file:///Users/ferryhinardi/Project/supertool/[39mnode_modules/[4m.pnpm[24m/idb@8.0.3/node_modules/[4midb[24m/build/index.js:168:31[90m)[39m
    at getDB [90m(/Users/ferryhinardi/Project/supertool/[39mlib/services/recent-tools.ts:35:22[90m)[39m
    at addRecentTool [90m(/Users/ferryhinardi/Project/supertool/[39mlib/services/recent-tools.ts:53:22[90m)[39m
    at [90m/Users/ferryhinardi/Project/supertool/[39mhooks/tools/useRecentTools.ts:69:7
    at Object.react_stack_bottom_frame [90m(/Users/ferryhinardi/Project/supertool/[39mnode_modules/[4m.pnpm[24m/react-dom@19.2.0_react@19.2.0/node_modules/[4mreact-dom[24m/cjs/react-dom-client.development.js:25989:20[90m)[39m
    at runWithFiberInDEV [90m(/Users/ferryhinardi/Project/supertool/[39mnode_modules/[4m.pnpm[24m/react-dom@19.2.0_react@19.2.0/node_modules/[4mreact-dom[24m/cjs/react-dom-client.development.js:874:13[90m)[39m
    at commitHookEffectListMount [90m(/Users/ferryhinardi/Project/supertool/[39mnode_modules/[4m.pnpm[24m/react-dom@19.2.0_react@19.2.0/node_modules/[4mreact-dom[24m/cjs/react-dom-client.development.js:13249:29[90m)[39m
    at commitHookPassiveMountEffects [90m(/Users/ferryhinardi/Project/supertool/[39mnode_modules/[4m.pnpm[24m/react-dom@19.2.0_react@19.2.0/node_modules/[4mreact-dom[24m/cjs/react-dom-client.development.js:13336:11[90m)[39m
    at reconnectPassiveEffects [90m(/Users/ferryhinardi/Project/supertool/[39mnode_modules/[4m.pnpm[24m/react-dom@19.2.0_react@19.2.0/node_modules/[4mreact-dom[24m/cjs/react-dom-client.development.js:15832:11[90m)[39m
    at recursivelyTraverseReconnectPassiveEffects [90m(/Users/ferryhinardi/Project/supertool/[39mnode_modules/[4m.pnpm[24m/react-dom@19.2.0_react@19.2.0/node_modules/[4mreact-dom[24m/cjs/react-dom-client.development.js:15784:9[90m)[39m
Failed to add recent tool: TypeError: indexedDB.open is not a function
    at openDB [90m(file:///Users/ferryhinardi/Project/supertool/[39mnode_modules/[4m.pnpm[24m/idb@8.0.3/node_modules/[4midb[24m/build/index.js:168:31[90m)[39m
    at getDB [90m(/Users/ferryhinardi/Project/supertool/[39mlib/services/recent-tools.ts:35:22[90m)[39m
    at addRecentTool [90m(/Users/ferryhinardi/Project/supertool/[39mlib/services/recent-tools.ts:53:22[90m)[39m
    at [90m/Users/ferryhinardi/Project/supertool/[39mhooks/tools/useRecentTools.ts:69:7
    at Object.react_stack_bottom_frame [90m(/Users/ferryhinardi/Project/supertool/[39mnode_modules/[4m.pnpm[24m/react-dom@19.2.0_react@19.2.0/node_modules/[4mreact-dom[24m/cjs/react-dom-client.development.js:25989:20[90m)[39m
    at runWithFiberInDEV [90m(/Users/ferryhinardi/Project/supertool/[39mnode_modules/[4m.pnpm[24m/react-dom@19.2.0_react@19.2.0/node_modules/[4mreact-dom[24m/cjs/react-dom-client.development.js:874:13[90m)[39m
    at commitHookEffectListMount [90m(/Users/ferryhinardi/Project/supertool/[39mnode_modules/[4m.pnpm[24m/react-dom@19.2.0_react@19.2.0/node_modules/[4mreact-dom[24m/cjs/react-dom-client.development.js:13249:29[90m)[39m
    at commitHookPassiveMountEffects [90m(/Users/ferryhinardi/Project/supertool/[39mnode_modules/[4m.pnpm[24m/react-dom@19.2.0_react@19.2.0/node_modules/[4mreact-dom[24m/cjs/react-dom-client.development.js:13336:11[90m)[39m
    at commitPassiveMountOnFiber [90m(/Users/ferryhinardi/Project/supertool/[39mnode_modules/[4m.pnpm[24m/react-dom@19.2.0_react@19.2.0/node_modules/[4mreact-dom[24m/cjs/react-dom-client.development.js:15484:13[90m)[39m
    at recursivelyTraversePassiveMountEffects [90m(/Users/ferryhinardi/Project/supertool/[39mnode_modules/[4m.pnpm[24m/react-dom@19.2.0_react@19.2.0/node_modules/[4mreact-dom[24m/cjs/react-dom-client.development.js:15439:11[90m)[39m
An update to ToolRating inside a test was not wrapped in act(...).

When testing, code that causes React state updates should be wrapped into act(...):

act(() => {
  /* fire events that update state */
});
/* assert on the output */

This ensures that you're testing the behavior the user would see in the browser. Learn more at https://react.dev/link/wrap-tests-with-act

[90mstderr[2m | app/tools/data/json-beautify/__tests__/page.test.tsx[2m > [22m[2mJSON Beautifier Page[2m > [22m[2mAction Buttons[2m > [22m[2mshould render Clear button
[22m[39mFailed to add recent tool: TypeError: indexedDB.open is not a function
    at openDB [90m(file:///Users/ferryhinardi/Project/supertool/[39mnode_modules/[4m.pnpm[24m/idb@8.0.3/node_modules/[4midb[24m/build/index.js:168:31[90m)[39m
    at getDB [90m(/Users/ferryhinardi/Project/supertool/[39mlib/services/recent-tools.ts:35:22[90m)[39m
    at addRecentTool [90m(/Users/ferryhinardi/Project/supertool/[39mlib/services/recent-tools.ts:53:22[90m)[39m
    at [90m/Users/ferryhinardi/Project/supertool/[39mhooks/tools/useRecentTools.ts:69:7
    at Object.react_stack_bottom_frame [90m(/Users/ferryhinardi/Project/supertool/[39mnode_modules/[4m.pnpm[24m/react-dom@19.2.0_react@19.2.0/node_modules/[4mreact-dom[24m/cjs/react-dom-client.development.js:25989:20[90m)[39m
    at runWithFiberInDEV [90m(/Users/ferryhinardi/Project/supertool/[39mnode_modules/[4m.pnpm[24m/react-dom@19.2.0_react@19.2.0/node_modules/[4mreact-dom[24m/cjs/react-dom-client.development.js:874:13[90m)[39m
    at commitHookEffectListMount [90m(/Users/ferryhinardi/Project/supertool/[39mnode_modules/[4m.pnpm[24m/react-dom@19.2.0_react@19.2.0/node_modules/[4mreact-dom[24m/cjs/react-dom-client.development.js:13249:29[90m)[39m
    at commitHookPassiveMountEffects [90m(/Users/ferryhinardi/Project/supertool/[39mnode_modules/[4m.pnpm[24m/react-dom@19.2.0_react@19.2.0/node_modules/[4mreact-dom[24m/cjs/react-dom-client.development.js:13336:11[90m)[39m
    at reconnectPassiveEffects [90m(/Users/ferryhinardi/Project/supertool/[39mnode_modules/[4m.pnpm[24m/react-dom@19.2.0_react@19.2.0/node_modules/[4mreact-dom[24m/cjs/react-dom-client.development.js:15832:11[90m)[39m
    at recursivelyTraverseReconnectPassiveEffects [90m(/Users/ferryhinardi/Project/supertool/[39mnode_modules/[4m.pnpm[24m/react-dom@19.2.0_react@19.2.0/node_modules/[4mreact-dom[24m/cjs/react-dom-client.development.js:15784:9[90m)[39m
Failed to add recent tool: TypeError: indexedDB.open is not a function
    at openDB [90m(file:///Users/ferryhinardi/Project/supertool/[39mnode_modules/[4m.pnpm[24m/idb@8.0.3/node_modules/[4midb[24m/build/index.js:168:31[90m)[39m
    at getDB [90m(/Users/ferryhinardi/Project/supertool/[39mlib/services/recent-tools.ts:35:22[90m)[39m
    at addRecentTool [90m(/Users/ferryhinardi/Project/supertool/[39mlib/services/recent-tools.ts:53:22[90m)[39m
    at [90m/Users/ferryhinardi/Project/supertool/[39mhooks/tools/useRecentTools.ts:69:7
    at Object.react_stack_bottom_frame [90m(/Users/ferryhinardi/Project/supertool/[39mnode_modules/[4m.pnpm[24m/react-dom@19.2.0_react@19.2.0/node_modules/[4mreact-dom[24m/cjs/react-dom-client.development.js:25989:20[90m)[39m
    at runWithFiberInDEV [90m(/Users/ferryhinardi/Project/supertool/[39mnode_modules/[4m.pnpm[24m/react-dom@19.2.0_react@19.2.0/node_modules/[4mreact-dom[24m/cjs/react-dom-client.development.js:874:13[90m)[39m
    at commitHookEffectListMount [90m(/Users/ferryhinardi/Project/supertool/[39mnode_modules/[4m.pnpm[24m/react-dom@19.2.0_react@19.2.0/node_modules/[4mreact-dom[24m/cjs/react-dom-client.development.js:13249:29[90m)[39m
    at commitHookPassiveMountEffects [90m(/Users/ferryhinardi/Project/supertool/[39mnode_modules/[4m.pnpm[24m/react-dom@19.2.0_react@19.2.0/node_modules/[4mreact-dom[24m/cjs/react-dom-client.development.js:13336:11[90m)[39m
    at commitPassiveMountOnFiber [90m(/Users/ferryhinardi/Project/supertool/[39mnode_modules/[4m.pnpm[24m/react-dom@19.2.0_react@19.2.0/node_modules/[4mreact-dom[24m/cjs/react-dom-client.development.js:15484:13[90m)[39m
    at recursivelyTraversePassiveMountEffects [90m(/Users/ferryhinardi/Project/supertool/[39mnode_modules/[4m.pnpm[24m/react-dom@19.2.0_react@19.2.0/node_modules/[4mreact-dom[24m/cjs/react-dom-client.development.js:15439:11[90m)[39m
An update to ToolRating inside a test was not wrapped in act(...).

When testing, code that causes React state updates should be wrapped into act(...):

act(() => {
  /* fire events that update state */
});
/* assert on the output */

This ensures that you're testing the behavior the user would see in the browser. Learn more at https://react.dev/link/wrap-tests-with-act

[90mstderr[2m | app/tools/data/json-beautify/__tests__/page.test.tsx[2m > [22m[2mJSON Beautifier Page[2m > [22m[2mAction Buttons[2m > [22m[2mshould render Validate button
[22m[39mFailed to add recent tool: TypeError: indexedDB.open is not a function
    at openDB [90m(file:///Users/ferryhinardi/Project/supertool/[39mnode_modules/[4m.pnpm[24m/idb@8.0.3/node_modules/[4midb[24m/build/index.js:168:31[90m)[39m
    at getDB [90m(/Users/ferryhinardi/Project/supertool/[39mlib/services/recent-tools.ts:35:22[90m)[39m
    at addRecentTool [90m(/Users/ferryhinardi/Project/supertool/[39mlib/services/recent-tools.ts:53:22[90m)[39m
    at [90m/Users/ferryhinardi/Project/supertool/[39mhooks/tools/useRecentTools.ts:69:7
    at Object.react_stack_bottom_frame [90m(/Users/ferryhinardi/Project/supertool/[39mnode_modules/[4m.pnpm[24m/react-dom@19.2.0_react@19.2.0/node_modules/[4mreact-dom[24m/cjs/react-dom-client.development.js:25989:20[90m)[39m
    at runWithFiberInDEV [90m(/Users/ferryhinardi/Project/supertool/[39mnode_modules/[4m.pnpm[24m/react-dom@19.2.0_react@19.2.0/node_modules/[4mreact-dom[24m/cjs/react-dom-client.development.js:874:13[90m)[39m
    at commitHookEffectListMount [90m(/Users/ferryhinardi/Project/supertool/[39mnode_modules/[4m.pnpm[24m/react-dom@19.2.0_react@19.2.0/node_modules/[4mreact-dom[24m/cjs/react-dom-client.development.js:13249:29[90m)[39m
    at commitHookPassiveMountEffects [90m(/Users/ferryhinardi/Project/supertool/[39mnode_modules/[4m.pnpm[24m/react-dom@19.2.0_react@19.2.0/node_modules/[4mreact-dom[24m/cjs/react-dom-client.development.js:13336:11[90m)[39m
    at reconnectPassiveEffects [90m(/Users/ferryhinardi/Project/supertool/[39mnode_modules/[4m.pnpm[24m/react-dom@19.2.0_react@19.2.0/node_modules/[4mreact-dom[24m/cjs/react-dom-client.development.js:15832:11[90m)[39m
    at recursivelyTraverseReconnectPassiveEffects [90m(/Users/ferryhinardi/Project/supertool/[39mnode_modules/[4m.pnpm[24m/react-dom@19.2.0_react@19.2.0/node_modules/[4mreact-dom[24m/cjs/react-dom-client.development.js:15784:9[90m)[39m
Failed to add recent tool: TypeError: indexedDB.open is not a function
    at openDB [90m(file:///Users/ferryhinardi/Project/supertool/[39mnode_modules/[4m.pnpm[24m/idb@8.0.3/node_modules/[4midb[24m/build/index.js:168:31[90m)[39m
    at getDB [90m(/Users/ferryhinardi/Project/supertool/[39mlib/services/recent-tools.ts:35:22[90m)[39m
    at addRecentTool [90m(/Users/ferryhinardi/Project/supertool/[39mlib/services/recent-tools.ts:53:22[90m)[39m
    at [90m/Users/ferryhinardi/Project/supertool/[39mhooks/tools/useRecentTools.ts:69:7
    at Object.react_stack_bottom_frame [90m(/Users/ferryhinardi/Project/supertool/[39mnode_modules/[4m.pnpm[24m/react-dom@19.2.0_react@19.2.0/node_modules/[4mreact-dom[24m/cjs/react-dom-client.development.js:25989:20[90m)[39m
    at runWithFiberInDEV [90m(/Users/ferryhinardi/Project/supertool/[39mnode_modules/[4m.pnpm[24m/react-dom@19.2.0_react@19.2.0/node_modules/[4mreact-dom[24m/cjs/react-dom-client.development.js:874:13[90m)[39m
    at commitHookEffectListMount [90m(/Users/ferryhinardi/Project/supertool/[39mnode_modules/[4m.pnpm[24m/react-dom@19.2.0_react@19.2.0/node_modules/[4mreact-dom[24m/cjs/react-dom-client.development.js:13249:29[90m)[39m
    at commitHookPassiveMountEffects [90m(/Users/ferryhinardi/Project/supertool/[39mnode_modules/[4m.pnpm[24m/react-dom@19.2.0_react@19.2.0/node_modules/[4mreact-dom[24m/cjs/react-dom-client.development.js:13336:11[90m)[39m
    at commitPassiveMountOnFiber [90m(/Users/ferryhinardi/Project/supertool/[39mnode_modules/[4m.pnpm[24m/react-dom@19.2.0_react@19.2.0/node_modules/[4mreact-dom[24m/cjs/react-dom-client.development.js:15484:13[90m)[39m
    at recursivelyTraversePassiveMountEffects [90m(/Users/ferryhinardi/Project/supertool/[39mnode_modules/[4m.pnpm[24m/react-dom@19.2.0_react@19.2.0/node_modules/[4mreact-dom[24m/cjs/react-dom-client.development.js:15439:11[90m)[39m
An update to ToolRating inside a test was not wrapped in act(...).

When testing, code that causes React state updates should be wrapped into act(...):

act(() => {
  /* fire events that update state */
});
/* assert on the output */

This ensures that you're testing the behavior the user would see in the browser. Learn more at https://react.dev/link/wrap-tests-with-act

[90mstderr[2m | app/tools/data/json-beautify/__tests__/page.test.tsx[2m > [22m[2mJSON Beautifier Page[2m > [22m[2mJSON Beautify[2m > [22m[2mshould beautify valid JSON
[22m[39mFailed to add recent tool: TypeError: indexedDB.open is not a function
    at openDB [90m(file:///Users/ferryhinardi/Project/supertool/[39mnode_modules/[4m.pnpm[24m/idb@8.0.3/node_modules/[4midb[24m/build/index.js:168:31[90m)[39m
    at getDB [90m(/Users/ferryhinardi/Project/supertool/[39mlib/services/recent-tools.ts:35:22[90m)[39m
    at addRecentTool [90m(/Users/ferryhinardi/Project/supertool/[39mlib/services/recent-tools.ts:53:22[90m)[39m
    at [90m/Users/ferryhinardi/Project/supertool/[39mhooks/tools/useRecentTools.ts:69:7
    at Object.react_stack_bottom_frame [90m(/Users/ferryhinardi/Project/supertool/[39mnode_modules/[4m.pnpm[24m/react-dom@19.2.0_react@19.2.0/node_modules/[4mreact-dom[24m/cjs/react-dom-client.development.js:25989:20[90m)[39m
    at runWithFiberInDEV [90m(/Users/ferryhinardi/Project/supertool/[39mnode_modules/[4m.pnpm[24m/react-dom@19.2.0_react@19.2.0/node_modules/[4mreact-dom[24m/cjs/react-dom-client.development.js:874:13[90m)[39m
    at commitHookEffectListMount [90m(/Users/ferryhinardi/Project/supertool/[39mnode_modules/[4m.pnpm[24m/react-dom@19.2.0_react@19.2.0/node_modules/[4mreact-dom[24m/cjs/react-dom-client.development.js:13249:29[90m)[39m
    at commitHookPassiveMountEffects [90m(/Users/ferryhinardi/Project/supertool/[39mnode_modules/[4m.pnpm[24m/react-dom@19.2.0_react@19.2.0/node_modules/[4mreact-dom[24m/cjs/react-dom-client.development.js:13336:11[90m)[39m
    at reconnectPassiveEffects [90m(/Users/ferryhinardi/Project/supertool/[39mnode_modules/[4m.pnpm[24m/react-dom@19.2.0_react@19.2.0/node_modules/[4mreact-dom[24m/cjs/react-dom-client.development.js:15832:11[90m)[39m
    at recursivelyTraverseReconnectPassiveEffects [90m(/Users/ferryhinardi/Project/supertool/[39mnode_modules/[4m.pnpm[24m/react-dom@19.2.0_react@19.2.0/node_modules/[4mreact-dom[24m/cjs/react-dom-client.development.js:15784:9[90m)[39m
Failed to add recent tool: TypeError: indexedDB.open is not a function
    at openDB [90m(file:///Users/ferryhinardi/Project/supertool/[39mnode_modules/[4m.pnpm[24m/idb@8.0.3/node_modules/[4midb[24m/build/index.js:168:31[90m)[39m
    at getDB [90m(/Users/ferryhinardi/Project/supertool/[39mlib/services/recent-tools.ts:35:22[90m)[39m
    at addRecentTool [90m(/Users/ferryhinardi/Project/supertool/[39mlib/services/recent-tools.ts:53:22[90m)[39m
    at [90m/Users/ferryhinardi/Project/supertool/[39mhooks/tools/useRecentTools.ts:69:7
    at Object.react_stack_bottom_frame [90m(/Users/ferryhinardi/Project/supertool/[39mnode_modules/[4m.pnpm[24m/react-dom@19.2.0_react@19.2.0/node_modules/[4mreact-dom[24m/cjs/react-dom-client.development.js:25989:20[90m)[39m
    at runWithFiberInDEV [90m(/Users/ferryhinardi/Project/supertool/[39mnode_modules/[4m.pnpm[24m/react-dom@19.2.0_react@19.2.0/node_modules/[4mreact-dom[24m/cjs/react-dom-client.development.js:874:13[90m)[39m
    at commitHookEffectListMount [90m(/Users/ferryhinardi/Project/supertool/[39mnode_modules/[4m.pnpm[24m/react-dom@19.2.0_react@19.2.0/node_modules/[4mreact-dom[24m/cjs/react-dom-client.development.js:13249:29[90m)[39m
    at commitHookPassiveMountEffects [90m(/Users/ferryhinardi/Project/supertool/[39mnode_modules/[4m.pnpm[24m/react-dom@19.2.0_react@19.2.0/node_modules/[4mreact-dom[24m/cjs/react-dom-client.development.js:13336:11[90m)[39m
    at commitPassiveMountOnFiber [90m(/Users/ferryhinardi/Project/supertool/[39mnode_modules/[4m.pnpm[24m/react-dom@19.2.0_react@19.2.0/node_modules/[4mreact-dom[24m/cjs/react-dom-client.development.js:15484:13[90m)[39m
    at recursivelyTraversePassiveMountEffects [90m(/Users/ferryhinardi/Project/supertool/[39mnode_modules/[4m.pnpm[24m/react-dom@19.2.0_react@19.2.0/node_modules/[4mreact-dom[24m/cjs/react-dom-client.development.js:15439:11[90m)[39m
An update to ToolRating inside a test was not wrapped in act(...).

When testing, code that causes React state updates should be wrapped into act(...):

act(() => {
  /* fire events that update state */
});
/* assert on the output */

This ensures that you're testing the behavior the user would see in the browser. Learn more at https://react.dev/link/wrap-tests-with-act

[90mstderr[2m | app/tools/media/image-optimizer/__tests__/page.test.tsx[2m > [22m[2mImage Optimizer Page[2m > [22m[2mSettings Panel[2m > [22m[2mshould render maintain aspect ratio checkbox
[22m[39mAn update to ToolRating inside a test was not wrapped in act(...).

When testing, code that causes React state updates should be wrapped into act(...):

act(() => {
  /* fire events that update state */
});
/* assert on the output */

This ensures that you're testing the behavior the user would see in the browser. Learn more at https://react.dev/link/wrap-tests-with-act

[90mstderr[2m | app/tools/media/image-optimizer/__tests__/page.test.tsx[2m > [22m[2mImage Optimizer Page[2m > [22m[2mSettings Panel[2m > [22m[2mshould render Optimize All Images button
[22m[39mAn update to ToolRating inside a test was not wrapped in act(...).

When testing, code that causes React state updates should be wrapped into act(...):

act(() => {
  /* fire events that update state */
});
/* assert on the output */

This ensures that you're testing the behavior the user would see in the browser. Learn more at https://react.dev/link/wrap-tests-with-act

[90mstderr[2m | app/tools/media/image-optimizer/__tests__/page.test.tsx[2m > [22m[2mImage Optimizer Page[2m > [22m[2mSettings Panel[2m > [22m[2mshould render Download All button
[22m[39mAn update to ToolRating inside a test was not wrapped in act(...).

When testing, code that causes React state updates should be wrapped into act(...):

act(() => {
  /* fire events that update state */
});
/* assert on the output */

This ensures that you're testing the behavior the user would see in the browser. Learn more at https://react.dev/link/wrap-tests-with-act

[90mstderr[2m | app/tools/data/json-beautify/__tests__/page.test.tsx[2m > [22m[2mJSON Beautifier Page[2m > [22m[2mJSON Beautify[2m > [22m[2mshould format nested JSON objects
[22m[39mFailed to add recent tool: TypeError: indexedDB.open is not a function
    at openDB [90m(file:///Users/ferryhinardi/Project/supertool/[39mnode_modules/[4m.pnpm[24m/idb@8.0.3/node_modules/[4midb[24m/build/index.js:168:31[90m)[39m
    at getDB [90m(/Users/ferryhinardi/Project/supertool/[39mlib/services/recent-tools.ts:35:22[90m)[39m
    at addRecentTool [90m(/Users/ferryhinardi/Project/supertool/[39mlib/services/recent-tools.ts:53:22[90m)[39m
    at [90m/Users/ferryhinardi/Project/supertool/[39mhooks/tools/useRecentTools.ts:69:7
    at Object.react_stack_bottom_frame [90m(/Users/ferryhinardi/Project/supertool/[39mnode_modules/[4m.pnpm[24m/react-dom@19.2.0_react@19.2.0/node_modules/[4mreact-dom[24m/cjs/react-dom-client.development.js:25989:20[90m)[39m
    at runWithFiberInDEV [90m(/Users/ferryhinardi/Project/supertool/[39mnode_modules/[4m.pnpm[24m/react-dom@19.2.0_react@19.2.0/node_modules/[4mreact-dom[24m/cjs/react-dom-client.development.js:874:13[90m)[39m
    at commitHookEffectListMount [90m(/Users/ferryhinardi/Project/supertool/[39mnode_modules/[4m.pnpm[24m/react-dom@19.2.0_react@19.2.0/node_modules/[4mreact-dom[24m/cjs/react-dom-client.development.js:13249:29[90m)[39m
    at commitHookPassiveMountEffects [90m(/Users/ferryhinardi/Project/supertool/[39mnode_modules/[4m.pnpm[24m/react-dom@19.2.0_react@19.2.0/node_modules/[4mreact-dom[24m/cjs/react-dom-client.development.js:13336:11[90m)[39m
    at reconnectPassiveEffects [90m(/Users/ferryhinardi/Project/supertool/[39mnode_modules/[4m.pnpm[24m/react-dom@19.2.0_react@19.2.0/node_modules/[4mreact-dom[24m/cjs/react-dom-client.development.js:15832:11[90m)[39m
    at recursivelyTraverseReconnectPassiveEffects [90m(/Users/ferryhinardi/Project/supertool/[39mnode_modules/[4m.pnpm[24m/react-dom@19.2.0_react@19.2.0/node_modules/[4mreact-dom[24m/cjs/react-dom-client.development.js:15784:9[90m)[39m
Failed to add recent tool: TypeError: indexedDB.open is not a function
    at openDB [90m(file:///Users/ferryhinardi/Project/supertool/[39mnode_modules/[4m.pnpm[24m/idb@8.0.3/node_modules/[4midb[24m/build/index.js:168:31[90m)[39m
    at getDB [90m(/Users/ferryhinardi/Project/supertool/[39mlib/services/recent-tools.ts:35:22[90m)[39m
    at addRecentTool [90m(/Users/ferryhinardi/Project/supertool/[39mlib/services/recent-tools.ts:53:22[90m)[39m
    at [90m/Users/ferryhinardi/Project/supertool/[39mhooks/tools/useRecentTools.ts:69:7
    at Object.react_stack_bottom_frame [90m(/Users/ferryhinardi/Project/supertool/[39mnode_modules/[4m.pnpm[24m/react-dom@19.2.0_react@19.2.0/node_modules/[4mreact-dom[24m/cjs/react-dom-client.development.js:25989:20[90m)[39m
    at runWithFiberInDEV [90m(/Users/ferryhinardi/Project/supertool/[39mnode_modules/[4m.pnpm[24m/react-dom@19.2.0_react@19.2.0/node_modules/[4mreact-dom[24m/cjs/react-dom-client.development.js:874:13[90m)[39m
    at commitHookEffectListMount [90m(/Users/ferryhinardi/Project/supertool/[39mnode_modules/[4m.pnpm[24m/react-dom@19.2.0_react@19.2.0/node_modules/[4mreact-dom[24m/cjs/react-dom-client.development.js:13249:29[90m)[39m
    at commitHookPassiveMountEffects [90m(/Users/ferryhinardi/Project/supertool/[39mnode_modules/[4m.pnpm[24m/react-dom@19.2.0_react@19.2.0/node_modules/[4mreact-dom[24m/cjs/react-dom-client.development.js:13336:11[90m)[39m
    at commitPassiveMountOnFiber [90m(/Users/ferryhinardi/Project/supertool/[39mnode_modules/[4m.pnpm[24m/react-dom@19.2.0_react@19.2.0/node_modules/[4mreact-dom[24m/cjs/react-dom-client.development.js:15484:13[90m)[39m
    at recursivelyTraversePassiveMountEffects [90m(/Users/ferryhinardi/Project/supertool/[39mnode_modules/[4m.pnpm[24m/react-dom@19.2.0_react@19.2.0/node_modules/[4mreact-dom[24m/cjs/react-dom-client.development.js:15439:11[90m)[39m
An update to ToolRating inside a test was not wrapped in act(...).

When testing, code that causes React state updates should be wrapped into act(...):

act(() => {
  /* fire events that update state */
});
/* assert on the output */

This ensures that you're testing the behavior the user would see in the browser. Learn more at https://react.dev/link/wrap-tests-with-act

[90mstderr[2m | app/tools/media/image-optimizer/__tests__/page.test.tsx[2m > [22m[2mImage Optimizer Page[2m > [22m[2mSettings Panel[2m > [22m[2mshould render Clear All button
[22m[39mAn update to ToolRating inside a test was not wrapped in act(...).

When testing, code that causes React state updates should be wrapped into act(...):

act(() => {
  /* fire events that update state */
});
/* assert on the output */

This ensures that you're testing the behavior the user would see in the browser. Learn more at https://react.dev/link/wrap-tests-with-act

[90mstderr[2m | app/tools/data/json-beautify/__tests__/page.test.tsx[2m > [22m[2mJSON Beautifier Page[2m > [22m[2mJSON Beautify[2m > [22m[2mshould format JSON arrays
[22m[39mFailed to add recent tool: TypeError: indexedDB.open is not a function
    at openDB [90m(file:///Users/ferryhinardi/Project/supertool/[39mnode_modules/[4m.pnpm[24m/idb@8.0.3/node_modules/[4midb[24m/build/index.js:168:31[90m)[39m
    at getDB [90m(/Users/ferryhinardi/Project/supertool/[39mlib/services/recent-tools.ts:35:22[90m)[39m
    at addRecentTool [90m(/Users/ferryhinardi/Project/supertool/[39mlib/services/recent-tools.ts:53:22[90m)[39m
    at [90m/Users/ferryhinardi/Project/supertool/[39mhooks/tools/useRecentTools.ts:69:7
    at Object.react_stack_bottom_frame [90m(/Users/ferryhinardi/Project/supertool/[39mnode_modules/[4m.pnpm[24m/react-dom@19.2.0_react@19.2.0/node_modules/[4mreact-dom[24m/cjs/react-dom-client.development.js:25989:20[90m)[39m
    at runWithFiberInDEV [90m(/Users/ferryhinardi/Project/supertool/[39mnode_modules/[4m.pnpm[24m/react-dom@19.2.0_react@19.2.0/node_modules/[4mreact-dom[24m/cjs/react-dom-client.development.js:874:13[90m)[39m
    at commitHookEffectListMount [90m(/Users/ferryhinardi/Project/supertool/[39mnode_modules/[4m.pnpm[24m/react-dom@19.2.0_react@19.2.0/node_modules/[4mreact-dom[24m/cjs/react-dom-client.development.js:13249:29[90m)[39m
    at commitHookPassiveMountEffects [90m(/Users/ferryhinardi/Project/supertool/[39mnode_modules/[4m.pnpm[24m/react-dom@19.2.0_react@19.2.0/node_modules/[4mreact-dom[24m/cjs/react-dom-client.development.js:13336:11[90m)[39m
    at reconnectPassiveEffects [90m(/Users/ferryhinardi/Project/supertool/[39mnode_modules/[4m.pnpm[24m/react-dom@19.2.0_react@19.2.0/node_modules/[4mreact-dom[24m/cjs/react-dom-client.development.js:15832:11[90m)[39m
    at recursivelyTraverseReconnectPassiveEffects [90m(/Users/ferryhinardi/Project/supertool/[39mnode_modules/[4m.pnpm[24m/react-dom@19.2.0_react@19.2.0/node_modules/[4mreact-dom[24m/cjs/react-dom-client.development.js:15784:9[90m)[39m
Failed to add recent tool: TypeError: indexedDB.open is not a function
    at openDB [90m(file:///Users/ferryhinardi/Project/supertool/[39mnode_modules/[4m.pnpm[24m/idb@8.0.3/node_modules/[4midb[24m/build/index.js:168:31[90m)[39m
    at getDB [90m(/Users/ferryhinardi/Project/supertool/[39mlib/services/recent-tools.ts:35:22[90m)[39m
    at addRecentTool [90m(/Users/ferryhinardi/Project/supertool/[39mlib/services/recent-tools.ts:53:22[90m)[39m
    at [90m/Users/ferryhinardi/Project/supertool/[39mhooks/tools/useRecentTools.ts:69:7
    at Object.react_stack_bottom_frame [90m(/Users/ferryhinardi/Project/supertool/[39mnode_modules/[4m.pnpm[24m/react-dom@19.2.0_react@19.2.0/node_modules/[4mreact-dom[24m/cjs/react-dom-client.development.js:25989:20[90m)[39m
    at runWithFiberInDEV [90m(/Users/ferryhinardi/Project/supertool/[39mnode_modules/[4m.pnpm[24m/react-dom@19.2.0_react@19.2.0/node_modules/[4mreact-dom[24m/cjs/react-dom-client.development.js:874:13[90m)[39m
    at commitHookEffectListMount [90m(/Users/ferryhinardi/Project/supertool/[39mnode_modules/[4m.pnpm[24m/react-dom@19.2.0_react@19.2.0/node_modules/[4mreact-dom[24m/cjs/react-dom-client.development.js:13249:29[90m)[39m
    at commitHookPassiveMountEffects [90m(/Users/ferryhinardi/Project/supertool/[39mnode_modules/[4m.pnpm[24m/react-dom@19.2.0_react@19.2.0/node_modules/[4mreact-dom[24m/cjs/react-dom-client.development.js:13336:11[90m)[39m
    at commitPassiveMountOnFiber [90m(/Users/ferryhinardi/Project/supertool/[39mnode_modules/[4m.pnpm[24m/react-dom@19.2.0_react@19.2.0/node_modules/[4mreact-dom[24m/cjs/react-dom-client.development.js:15484:13[90m)[39m
    at recursivelyTraversePassiveMountEffects [90m(/Users/ferryhinardi/Project/supertool/[39mnode_modules/[4m.pnpm[24m/react-dom@19.2.0_react@19.2.0/node_modules/[4mreact-dom[24m/cjs/react-dom-client.development.js:15439:11[90m)[39m
An update to ToolRating inside a test was not wrapped in act(...).

When testing, code that causes React state updates should be wrapped into act(...):

act(() => {
  /* fire events that update state */
});
/* assert on the output */

This ensures that you're testing the behavior the user would see in the browser. Learn more at https://react.dev/link/wrap-tests-with-act

[90mstderr[2m | app/tools/data/json-beautify/__tests__/page.test.tsx[2m > [22m[2mJSON Beautifier Page[2m > [22m[2mJSON Minify[2m > [22m[2mshould minify JSON
[22m[39mFailed to add recent tool: TypeError: indexedDB.open is not a function
    at openDB [90m(file:///Users/ferryhinardi/Project/supertool/[39mnode_modules/[4m.pnpm[24m/idb@8.0.3/node_modules/[4midb[24m/build/index.js:168:31[90m)[39m
    at getDB [90m(/Users/ferryhinardi/Project/supertool/[39mlib/services/recent-tools.ts:35:22[90m)[39m
    at addRecentTool [90m(/Users/ferryhinardi/Project/supertool/[39mlib/services/recent-tools.ts:53:22[90m)[39m
    at [90m/Users/ferryhinardi/Project/supertool/[39mhooks/tools/useRecentTools.ts:69:7
    at Object.react_stack_bottom_frame [90m(/Users/ferryhinardi/Project/supertool/[39mnode_modules/[4m.pnpm[24m/react-dom@19.2.0_react@19.2.0/node_modules/[4mreact-dom[24m/cjs/react-dom-client.development.js:25989:20[90m)[39m
    at runWithFiberInDEV [90m(/Users/ferryhinardi/Project/supertool/[39mnode_modules/[4m.pnpm[24m/react-dom@19.2.0_react@19.2.0/node_modules/[4mreact-dom[24m/cjs/react-dom-client.development.js:874:13[90m)[39m
    at commitHookEffectListMount [90m(/Users/ferryhinardi/Project/supertool/[39mnode_modules/[4m.pnpm[24m/react-dom@19.2.0_react@19.2.0/node_modules/[4mreact-dom[24m/cjs/react-dom-client.development.js:13249:29[90m)[39m
    at commitHookPassiveMountEffects [90m(/Users/ferryhinardi/Project/supertool/[39mnode_modules/[4m.pnpm[24m/react-dom@19.2.0_react@19.2.0/node_modules/[4mreact-dom[24m/cjs/react-dom-client.development.js:13336:11[90m)[39m
    at reconnectPassiveEffects [90m(/Users/ferryhinardi/Project/supertool/[39mnode_modules/[4m.pnpm[24m/react-dom@19.2.0_react@19.2.0/node_modules/[4mreact-dom[24m/cjs/react-dom-client.development.js:15832:11[90m)[39m
    at recursivelyTraverseReconnectPassiveEffects [90m(/Users/ferryhinardi/Project/supertool/[39mnode_modules/[4m.pnpm[24m/react-dom@19.2.0_react@19.2.0/node_modules/[4mreact-dom[24m/cjs/react-dom-client.development.js:15784:9[90m)[39m
Failed to add recent tool: TypeError: indexedDB.open is not a function
    at openDB [90m(file:///Users/ferryhinardi/Project/supertool/[39mnode_modules/[4m.pnpm[24m/idb@8.0.3/node_modules/[4midb[24m/build/index.js:168:31[90m)[39m
    at getDB [90m(/Users/ferryhinardi/Project/supertool/[39mlib/services/recent-tools.ts:35:22[90m)[39m
    at addRecentTool [90m(/Users/ferryhinardi/Project/supertool/[39mlib/services/recent-tools.ts:53:22[90m)[39m
    at [90m/Users/ferryhinardi/Project/supertool/[39mhooks/tools/useRecentTools.ts:69:7
    at Object.react_stack_bottom_frame [90m(/Users/ferryhinardi/Project/supertool/[39mnode_modules/[4m.pnpm[24m/react-dom@19.2.0_react@19.2.0/node_modules/[4mreact-dom[24m/cjs/react-dom-client.development.js:25989:20[90m)[39m
    at runWithFiberInDEV [90m(/Users/ferryhinardi/Project/supertool/[39mnode_modules/[4m.pnpm[24m/react-dom@19.2.0_react@19.2.0/node_modules/[4mreact-dom[24m/cjs/react-dom-client.development.js:874:13[90m)[39m
    at commitHookEffectListMount [90m(/Users/ferryhinardi/Project/supertool/[39mnode_modules/[4m.pnpm[24m/react-dom@19.2.0_react@19.2.0/node_modules/[4mreact-dom[24m/cjs/react-dom-client.development.js:13249:29[90m)[39m
    at commitHookPassiveMountEffects [90m(/Users/ferryhinardi/Project/supertool/[39mnode_modules/[4m.pnpm[24m/react-dom@19.2.0_react@19.2.0/node_modules/[4mreact-dom[24m/cjs/react-dom-client.development.js:13336:11[90m)[39m
    at commitPassiveMountOnFiber [90m(/Users/ferryhinardi/Project/supertool/[39mnode_modules/[4m.pnpm[24m/react-dom@19.2.0_react@19.2.0/node_modules/[4mreact-dom[24m/cjs/react-dom-client.development.js:15484:13[90m)[39m
    at recursivelyTraversePassiveMountEffects [90m(/Users/ferryhinardi/Project/supertool/[39mnode_modules/[4m.pnpm[24m/react-dom@19.2.0_react@19.2.0/node_modules/[4mreact-dom[24m/cjs/react-dom-client.development.js:15439:11[90m)[39m
An update to ToolRating inside a test was not wrapped in act(...).

When testing, code that causes React state updates should be wrapped into act(...):

act(() => {
  /* fire events that update state */
});
/* assert on the output */

This ensures that you're testing the behavior the user would see in the browser. Learn more at https://react.dev/link/wrap-tests-with-act

[90mstderr[2m | app/tools/data/json-beautify/__tests__/page.test.tsx[2m > [22m[2mJSON Beautifier Page[2m > [22m[2mJSON Minify[2m > [22m[2mshould remove whitespace when minifying
[22m[39mFailed to add recent tool: TypeError: indexedDB.open is not a function
    at openDB [90m(file:///Users/ferryhinardi/Project/supertool/[39mnode_modules/[4m.pnpm[24m/idb@8.0.3/node_modules/[4midb[24m/build/index.js:168:31[90m)[39m
    at getDB [90m(/Users/ferryhinardi/Project/supertool/[39mlib/services/recent-tools.ts:35:22[90m)[39m
    at addRecentTool [90m(/Users/ferryhinardi/Project/supertool/[39mlib/services/recent-tools.ts:53:22[90m)[39m
    at [90m/Users/ferryhinardi/Project/supertool/[39mhooks/tools/useRecentTools.ts:69:7
    at Object.react_stack_bottom_frame [90m(/Users/ferryhinardi/Project/supertool/[39mnode_modules/[4m.pnpm[24m/react-dom@19.2.0_react@19.2.0/node_modules/[4mreact-dom[24m/cjs/react-dom-client.development.js:25989:20[90m)[39m
    at runWithFiberInDEV [90m(/Users/ferryhinardi/Project/supertool/[39mnode_modules/[4m.pnpm[24m/react-dom@19.2.0_react@19.2.0/node_modules/[4mreact-dom[24m/cjs/react-dom-client.development.js:874:13[90m)[39m
    at commitHookEffectListMount [90m(/Users/ferryhinardi/Project/supertool/[39mnode_modules/[4m.pnpm[24m/react-dom@19.2.0_react@19.2.0/node_modules/[4mreact-dom[24m/cjs/react-dom-client.development.js:13249:29[90m)[39m
    at commitHookPassiveMountEffects [90m(/Users/ferryhinardi/Project/supertool/[39mnode_modules/[4m.pnpm[24m/react-dom@19.2.0_react@19.2.0/node_modules/[4mreact-dom[24m/cjs/react-dom-client.development.js:13336:11[90m)[39m
    at reconnectPassiveEffects [90m(/Users/ferryhinardi/Project/supertool/[39mnode_modules/[4m.pnpm[24m/react-dom@19.2.0_react@19.2.0/node_modules/[4mreact-dom[24m/cjs/react-dom-client.development.js:15832:11[90m)[39m
    at recursivelyTraverseReconnectPassiveEffects [90m(/Users/ferryhinardi/Project/supertool/[39mnode_modules/[4m.pnpm[24m/react-dom@19.2.0_react@19.2.0/node_modules/[4mreact-dom[24m/cjs/react-dom-client.development.js:15784:9[90m)[39m
Failed to add recent tool: TypeError: indexedDB.open is not a function
    at openDB [90m(file:///Users/ferryhinardi/Project/supertool/[39mnode_modules/[4m.pnpm[24m/idb@8.0.3/node_modules/[4midb[24m/build/index.js:168:31[90m)[39m
    at getDB [90m(/Users/ferryhinardi/Project/supertool/[39mlib/services/recent-tools.ts:35:22[90m)[39m
    at addRecentTool [90m(/Users/ferryhinardi/Project/supertool/[39mlib/services/recent-tools.ts:53:22[90m)[39m
    at [90m/Users/ferryhinardi/Project/supertool/[39mhooks/tools/useRecentTools.ts:69:7
    at Object.react_stack_bottom_frame [90m(/Users/ferryhinardi/Project/supertool/[39mnode_modules/[4m.pnpm[24m/react-dom@19.2.0_react@19.2.0/node_modules/[4mreact-dom[24m/cjs/react-dom-client.development.js:25989:20[90m)[39m
    at runWithFiberInDEV [90m(/Users/ferryhinardi/Project/supertool/[39mnode_modules/[4m.pnpm[24m/react-dom@19.2.0_react@19.2.0/node_modules/[4mreact-dom[24m/cjs/react-dom-client.development.js:874:13[90m)[39m
    at commitHookEffectListMount [90m(/Users/ferryhinardi/Project/supertool/[39mnode_modules/[4m.pnpm[24m/react-dom@19.2.0_react@19.2.0/node_modules/[4mreact-dom[24m/cjs/react-dom-client.development.js:13249:29[90m)[39m
    at commitHookPassiveMountEffects [90m(/Users/ferryhinardi/Project/supertool/[39mnode_modules/[4m.pnpm[24m/react-dom@19.2.0_react@19.2.0/node_modules/[4mreact-dom[24m/cjs/react-dom-client.development.js:13336:11[90m)[39m
    at commitPassiveMountOnFiber [90m(/Users/ferryhinardi/Project/supertool/[39mnode_modules/[4m.pnpm[24m/react-dom@19.2.0_react@19.2.0/node_modules/[4mreact-dom[24m/cjs/react-dom-client.development.js:15484:13[90m)[39m
    at recursivelyTraversePassiveMountEffects [90m(/Users/ferryhinardi/Project/supertool/[39mnode_modules/[4m.pnpm[24m/react-dom@19.2.0_react@19.2.0/node_modules/[4mreact-dom[24m/cjs/react-dom-client.development.js:15439:11[90m)[39m
An update to ToolRating inside a test was not wrapped in act(...).

When testing, code that causes React state updates should be wrapped into act(...):

act(() => {
  /* fire events that update state */
});
/* assert on the output */

This ensures that you're testing the behavior the user would see in the browser. Learn more at https://react.dev/link/wrap-tests-with-act

[90mstderr[2m | app/tools/data/json-beautify/__tests__/page.test.tsx[2m > [22m[2mJSON Beautifier Page[2m > [22m[2mJSON Validation[2m > [22m[2mshould validate correct JSON
[22m[39mFailed to add recent tool: TypeError: indexedDB.open is not a function
    at openDB [90m(file:///Users/ferryhinardi/Project/supertool/[39mnode_modules/[4m.pnpm[24m/idb@8.0.3/node_modules/[4midb[24m/build/index.js:168:31[90m)[39m
    at getDB [90m(/Users/ferryhinardi/Project/supertool/[39mlib/services/recent-tools.ts:35:22[90m)[39m
    at addRecentTool [90m(/Users/ferryhinardi/Project/supertool/[39mlib/services/recent-tools.ts:53:22[90m)[39m
    at [90m/Users/ferryhinardi/Project/supertool/[39mhooks/tools/useRecentTools.ts:69:7
    at Object.react_stack_bottom_frame [90m(/Users/ferryhinardi/Project/supertool/[39mnode_modules/[4m.pnpm[24m/react-dom@19.2.0_react@19.2.0/node_modules/[4mreact-dom[24m/cjs/react-dom-client.development.js:25989:20[90m)[39m
    at runWithFiberInDEV [90m(/Users/ferryhinardi/Project/supertool/[39mnode_modules/[4m.pnpm[24m/react-dom@19.2.0_react@19.2.0/node_modules/[4mreact-dom[24m/cjs/react-dom-client.development.js:874:13[90m)[39m
    at commitHookEffectListMount [90m(/Users/ferryhinardi/Project/supertool/[39mnode_modules/[4m.pnpm[24m/react-dom@19.2.0_react@19.2.0/node_modules/[4mreact-dom[24m/cjs/react-dom-client.development.js:13249:29[90m)[39m
    at commitHookPassiveMountEffects [90m(/Users/ferryhinardi/Project/supertool/[39mnode_modules/[4m.pnpm[24m/react-dom@19.2.0_react@19.2.0/node_modules/[4mreact-dom[24m/cjs/react-dom-client.development.js:13336:11[90m)[39m
    at reconnectPassiveEffects [90m(/Users/ferryhinardi/Project/supertool/[39mnode_modules/[4m.pnpm[24m/react-dom@19.2.0_react@19.2.0/node_modules/[4mreact-dom[24m/cjs/react-dom-client.development.js:15832:11[90m)[39m
    at recursivelyTraverseReconnectPassiveEffects [90m(/Users/ferryhinardi/Project/supertool/[39mnode_modules/[4m.pnpm[24m/react-dom@19.2.0_react@19.2.0/node_modules/[4mreact-dom[24m/cjs/react-dom-client.development.js:15784:9[90m)[39m
Failed to add recent tool: TypeError: indexedDB.open is not a function
    at openDB [90m(file:///Users/ferryhinardi/Project/supertool/[39mnode_modules/[4m.pnpm[24m/idb@8.0.3/node_modules/[4midb[24m/build/index.js:168:31[90m)[39m
    at getDB [90m(/Users/ferryhinardi/Project/supertool/[39mlib/services/recent-tools.ts:35:22[90m)[39m
    at addRecentTool [90m(/Users/ferryhinardi/Project/supertool/[39mlib/services/recent-tools.ts:53:22[90m)[39m
    at [90m/Users/ferryhinardi/Project/supertool/[39mhooks/tools/useRecentTools.ts:69:7
    at Object.react_stack_bottom_frame [90m(/Users/ferryhinardi/Project/supertool/[39mnode_modules/[4m.pnpm[24m/react-dom@19.2.0_react@19.2.0/node_modules/[4mreact-dom[24m/cjs/react-dom-client.development.js:25989:20[90m)[39m
    at runWithFiberInDEV [90m(/Users/ferryhinardi/Project/supertool/[39mnode_modules/[4m.pnpm[24m/react-dom@19.2.0_react@19.2.0/node_modules/[4mreact-dom[24m/cjs/react-dom-client.development.js:874:13[90m)[39m
    at commitHookEffectListMount [90m(/Users/ferryhinardi/Project/supertool/[39mnode_modules/[4m.pnpm[24m/react-dom@19.2.0_react@19.2.0/node_modules/[4mreact-dom[24m/cjs/react-dom-client.development.js:13249:29[90m)[39m
    at commitHookPassiveMountEffects [90m(/Users/ferryhinardi/Project/supertool/[39mnode_modules/[4m.pnpm[24m/react-dom@19.2.0_react@19.2.0/node_modules/[4mreact-dom[24m/cjs/react-dom-client.development.js:13336:11[90m)[39m
    at commitPassiveMountOnFiber [90m(/Users/ferryhinardi/Project/supertool/[39mnode_modules/[4m.pnpm[24m/react-dom@19.2.0_react@19.2.0/node_modules/[4mreact-dom[24m/cjs/react-dom-client.development.js:15484:13[90m)[39m
    at recursivelyTraversePassiveMountEffects [90m(/Users/ferryhinardi/Project/supertool/[39mnode_modules/[4m.pnpm[24m/react-dom@19.2.0_react@19.2.0/node_modules/[4mreact-dom[24m/cjs/react-dom-client.development.js:15439:11[90m)[39m
An update to ToolRating inside a test was not wrapped in act(...).

When testing, code that causes React state updates should be wrapped into act(...):

act(() => {
  /* fire events that update state */
});
/* assert on the output */

This ensures that you're testing the behavior the user would see in the browser. Learn more at https://react.dev/link/wrap-tests-with-act

[90mstderr[2m | app/tools/data/json-beautify/__tests__/page.test.tsx[2m > [22m[2mJSON Beautifier Page[2m > [22m[2mJSON Validation[2m > [22m[2mshould detect invalid JSON
[22m[39mFailed to add recent tool: TypeError: indexedDB.open is not a function
    at openDB [90m(file:///Users/ferryhinardi/Project/supertool/[39mnode_modules/[4m.pnpm[24m/idb@8.0.3/node_modules/[4midb[24m/build/index.js:168:31[90m)[39m
    at getDB [90m(/Users/ferryhinardi/Project/supertool/[39mlib/services/recent-tools.ts:35:22[90m)[39m
    at addRecentTool [90m(/Users/ferryhinardi/Project/supertool/[39mlib/services/recent-tools.ts:53:22[90m)[39m
    at [90m/Users/ferryhinardi/Project/supertool/[39mhooks/tools/useRecentTools.ts:69:7
    at Object.react_stack_bottom_frame [90m(/Users/ferryhinardi/Project/supertool/[39mnode_modules/[4m.pnpm[24m/react-dom@19.2.0_react@19.2.0/node_modules/[4mreact-dom[24m/cjs/react-dom-client.development.js:25989:20[90m)[39m
    at runWithFiberInDEV [90m(/Users/ferryhinardi/Project/supertool/[39mnode_modules/[4m.pnpm[24m/react-dom@19.2.0_react@19.2.0/node_modules/[4mreact-dom[24m/cjs/react-dom-client.development.js:874:13[90m)[39m
    at commitHookEffectListMount [90m(/Users/ferryhinardi/Project/supertool/[39mnode_modules/[4m.pnpm[24m/react-dom@19.2.0_react@19.2.0/node_modules/[4mreact-dom[24m/cjs/react-dom-client.development.js:13249:29[90m)[39m
    at commitHookPassiveMountEffects [90m(/Users/ferryhinardi/Project/supertool/[39mnode_modules/[4m.pnpm[24m/react-dom@19.2.0_react@19.2.0/node_modules/[4mreact-dom[24m/cjs/react-dom-client.development.js:13336:11[90m)[39m
    at reconnectPassiveEffects [90m(/Users/ferryhinardi/Project/supertool/[39mnode_modules/[4m.pnpm[24m/react-dom@19.2.0_react@19.2.0/node_modules/[4mreact-dom[24m/cjs/react-dom-client.development.js:15832:11[90m)[39m
    at recursivelyTraverseReconnectPassiveEffects [90m(/Users/ferryhinardi/Project/supertool/[39mnode_modules/[4m.pnpm[24m/react-dom@19.2.0_react@19.2.0/node_modules/[4mreact-dom[24m/cjs/react-dom-client.development.js:15784:9[90m)[39m
Failed to add recent tool: TypeError: indexedDB.open is not a function
    at openDB [90m(file:///Users/ferryhinardi/Project/supertool/[39mnode_modules/[4m.pnpm[24m/idb@8.0.3/node_modules/[4midb[24m/build/index.js:168:31[90m)[39m
    at getDB [90m(/Users/ferryhinardi/Project/supertool/[39mlib/services/recent-tools.ts:35:22[90m)[39m
    at addRecentTool [90m(/Users/ferryhinardi/Project/supertool/[39mlib/services/recent-tools.ts:53:22[90m)[39m
    at [90m/Users/ferryhinardi/Project/supertool/[39mhooks/tools/useRecentTools.ts:69:7
    at Object.react_stack_bottom_frame [90m(/Users/ferryhinardi/Project/supertool/[39mnode_modules/[4m.pnpm[24m/react-dom@19.2.0_react@19.2.0/node_modules/[4mreact-dom[24m/cjs/react-dom-client.development.js:25989:20[90m)[39m
    at runWithFiberInDEV [90m(/Users/ferryhinardi/Project/supertool/[39mnode_modules/[4m.pnpm[24m/react-dom@19.2.0_react@19.2.0/node_modules/[4mreact-dom[24m/cjs/react-dom-client.development.js:874:13[90m)[39m
    at commitHookEffectListMount [90m(/Users/ferryhinardi/Project/supertool/[39mnode_modules/[4m.pnpm[24m/react-dom@19.2.0_react@19.2.0/node_modules/[4mreact-dom[24m/cjs/react-dom-client.development.js:13249:29[90m)[39m
    at commitHookPassiveMountEffects [90m(/Users/ferryhinardi/Project/supertool/[39mnode_modules/[4m.pnpm[24m/react-dom@19.2.0_react@19.2.0/node_modules/[4mreact-dom[24m/cjs/react-dom-client.development.js:13336:11[90m)[39m
    at commitPassiveMountOnFiber [90m(/Users/ferryhinardi/Project/supertool/[39mnode_modules/[4m.pnpm[24m/react-dom@19.2.0_react@19.2.0/node_modules/[4mreact-dom[24m/cjs/react-dom-client.development.js:15484:13[90m)[39m
    at recursivelyTraversePassiveMountEffects [90m(/Users/ferryhinardi/Project/supertool/[39mnode_modules/[4m.pnpm[24m/react-dom@19.2.0_react@19.2.0/node_modules/[4mreact-dom[24m/cjs/react-dom-client.development.js:15439:11[90m)[39m
An update to ToolRating inside a test was not wrapped in act(...).

When testing, code that causes React state updates should be wrapped into act(...):

act(() => {
  /* fire events that update state */
});
/* assert on the output */

This ensures that you're testing the behavior the user would see in the browser. Learn more at https://react.dev/link/wrap-tests-with-act

[90mstderr[2m | app/tools/data/json-beautify/__tests__/page.test.tsx[2m > [22m[2mJSON Beautifier Page[2m > [22m[2mJSON Validation[2m > [22m[2mshould show error for malformed JSON
[22m[39mFailed to add recent tool: TypeError: indexedDB.open is not a function
    at openDB [90m(file:///Users/ferryhinardi/Project/supertool/[39mnode_modules/[4m.pnpm[24m/idb@8.0.3/node_modules/[4midb[24m/build/index.js:168:31[90m)[39m
    at getDB [90m(/Users/ferryhinardi/Project/supertool/[39mlib/services/recent-tools.ts:35:22[90m)[39m
    at addRecentTool [90m(/Users/ferryhinardi/Project/supertool/[39mlib/services/recent-tools.ts:53:22[90m)[39m
    at [90m/Users/ferryhinardi/Project/supertool/[39mhooks/tools/useRecentTools.ts:69:7
    at Object.react_stack_bottom_frame [90m(/Users/ferryhinardi/Project/supertool/[39mnode_modules/[4m.pnpm[24m/react-dom@19.2.0_react@19.2.0/node_modules/[4mreact-dom[24m/cjs/react-dom-client.development.js:25989:20[90m)[39m
    at runWithFiberInDEV [90m(/Users/ferryhinardi/Project/supertool/[39mnode_modules/[4m.pnpm[24m/react-dom@19.2.0_react@19.2.0/node_modules/[4mreact-dom[24m/cjs/react-dom-client.development.js:874:13[90m)[39m
    at commitHookEffectListMount [90m(/Users/ferryhinardi/Project/supertool/[39mnode_modules/[4m.pnpm[24m/react-dom@19.2.0_react@19.2.0/node_modules/[4mreact-dom[24m/cjs/react-dom-client.development.js:13249:29[90m)[39m
    at commitHookPassiveMountEffects [90m(/Users/ferryhinardi/Project/supertool/[39mnode_modules/[4m.pnpm[24m/react-dom@19.2.0_react@19.2.0/node_modules/[4mreact-dom[24m/cjs/react-dom-client.development.js:13336:11[90m)[39m
    at reconnectPassiveEffects [90m(/Users/ferryhinardi/Project/supertool/[39mnode_modules/[4m.pnpm[24m/react-dom@19.2.0_react@19.2.0/node_modules/[4mreact-dom[24m/cjs/react-dom-client.development.js:15832:11[90m)[39m
    at recursivelyTraverseReconnectPassiveEffects [90m(/Users/ferryhinardi/Project/supertool/[39mnode_modules/[4m.pnpm[24m/react-dom@19.2.0_react@19.2.0/node_modules/[4mreact-dom[24m/cjs/react-dom-client.development.js:15784:9[90m)[39m
Failed to add recent tool: TypeError: indexedDB.open is not a function
    at openDB [90m(file:///Users/ferryhinardi/Project/supertool/[39mnode_modules/[4m.pnpm[24m/idb@8.0.3/node_modules/[4midb[24m/build/index.js:168:31[90m)[39m
    at getDB [90m(/Users/ferryhinardi/Project/supertool/[39mlib/services/recent-tools.ts:35:22[90m)[39m
    at addRecentTool [90m(/Users/ferryhinardi/Project/supertool/[39mlib/services/recent-tools.ts:53:22[90m)[39m
    at [90m/Users/ferryhinardi/Project/supertool/[39mhooks/tools/useRecentTools.ts:69:7
    at Object.react_stack_bottom_frame [90m(/Users/ferryhinardi/Project/supertool/[39mnode_modules/[4m.pnpm[24m/react-dom@19.2.0_react@19.2.0/node_modules/[4mreact-dom[24m/cjs/react-dom-client.development.js:25989:20[90m)[39m
    at runWithFiberInDEV [90m(/Users/ferryhinardi/Project/supertool/[39mnode_modules/[4m.pnpm[24m/react-dom@19.2.0_react@19.2.0/node_modules/[4mreact-dom[24m/cjs/react-dom-client.development.js:874:13[90m)[39m
    at commitHookEffectListMount [90m(/Users/ferryhinardi/Project/supertool/[39mnode_modules/[4m.pnpm[24m/react-dom@19.2.0_react@19.2.0/node_modules/[4mreact-dom[24m/cjs/react-dom-client.development.js:13249:29[90m)[39m
    at commitHookPassiveMountEffects [90m(/Users/ferryhinardi/Project/supertool/[39mnode_modules/[4m.pnpm[24m/react-dom@19.2.0_react@19.2.0/node_modules/[4mreact-dom[24m/cjs/react-dom-client.development.js:13336:11[90m)[39m
    at commitPassiveMountOnFiber [90m(/Users/ferryhinardi/Project/supertool/[39mnode_modules/[4m.pnpm[24m/react-dom@19.2.0_react@19.2.0/node_modules/[4mreact-dom[24m/cjs/react-dom-client.development.js:15484:13[90m)[39m
    at recursivelyTraversePassiveMountEffects [90m(/Users/ferryhinardi/Project/supertool/[39mnode_modules/[4m.pnpm[24m/react-dom@19.2.0_react@19.2.0/node_modules/[4mreact-dom[24m/cjs/react-dom-client.development.js:15439:11[90m)[39m
An update to ToolRating inside a test was not wrapped in act(...).

When testing, code that causes React state updates should be wrapped into act(...):

act(() => {
  /* fire events that update state */
});
/* assert on the output */

This ensures that you're testing the behavior the user would see in the browser. Learn more at https://react.dev/link/wrap-tests-with-act

[90mstderr[2m | app/tools/data/json-beautify/__tests__/page.test.tsx[2m > [22m[2mJSON Beautifier Page[2m > [22m[2mIndentation Settings[2m > [22m[2mshould render indent size selector
[22m[39mFailed to add recent tool: TypeError: indexedDB.open is not a function
    at openDB [90m(file:///Users/ferryhinardi/Project/supertool/[39mnode_modules/[4m.pnpm[24m/idb@8.0.3/node_modules/[4midb[24m/build/index.js:168:31[90m)[39m
    at getDB [90m(/Users/ferryhinardi/Project/supertool/[39mlib/services/recent-tools.ts:35:22[90m)[39m
    at addRecentTool [90m(/Users/ferryhinardi/Project/supertool/[39mlib/services/recent-tools.ts:53:22[90m)[39m
    at [90m/Users/ferryhinardi/Project/supertool/[39mhooks/tools/useRecentTools.ts:69:7
    at Object.react_stack_bottom_frame [90m(/Users/ferryhinardi/Project/supertool/[39mnode_modules/[4m.pnpm[24m/react-dom@19.2.0_react@19.2.0/node_modules/[4mreact-dom[24m/cjs/react-dom-client.development.js:25989:20[90m)[39m
    at runWithFiberInDEV [90m(/Users/ferryhinardi/Project/supertool/[39mnode_modules/[4m.pnpm[24m/react-dom@19.2.0_react@19.2.0/node_modules/[4mreact-dom[24m/cjs/react-dom-client.development.js:874:13[90m)[39m
    at commitHookEffectListMount [90m(/Users/ferryhinardi/Project/supertool/[39mnode_modules/[4m.pnpm[24m/react-dom@19.2.0_react@19.2.0/node_modules/[4mreact-dom[24m/cjs/react-dom-client.development.js:13249:29[90m)[39m
    at commitHookPassiveMountEffects [90m(/Users/ferryhinardi/Project/supertool/[39mnode_modules/[4m.pnpm[24m/react-dom@19.2.0_react@19.2.0/node_modules/[4mreact-dom[24m/cjs/react-dom-client.development.js:13336:11[90m)[39m
    at reconnectPassiveEffects [90m(/Users/ferryhinardi/Project/supertool/[39mnode_modules/[4m.pnpm[24m/react-dom@19.2.0_react@19.2.0/node_modules/[4mreact-dom[24m/cjs/react-dom-client.development.js:15832:11[90m)[39m
    at recursivelyTraverseReconnectPassiveEffects [90m(/Users/ferryhinardi/Project/supertool/[39mnode_modules/[4m.pnpm[24m/react-dom@19.2.0_react@19.2.0/node_modules/[4mreact-dom[24m/cjs/react-dom-client.development.js:15784:9[90m)[39m
Failed to add recent tool: TypeError: indexedDB.open is not a function
    at openDB [90m(file:///Users/ferryhinardi/Project/supertool/[39mnode_modules/[4m.pnpm[24m/idb@8.0.3/node_modules/[4midb[24m/build/index.js:168:31[90m)[39m
    at getDB [90m(/Users/ferryhinardi/Project/supertool/[39mlib/services/recent-tools.ts:35:22[90m)[39m
    at addRecentTool [90m(/Users/ferryhinardi/Project/supertool/[39mlib/services/recent-tools.ts:53:22[90m)[39m
    at [90m/Users/ferryhinardi/Project/supertool/[39mhooks/tools/useRecentTools.ts:69:7
    at Object.react_stack_bottom_frame [90m(/Users/ferryhinardi/Project/supertool/[39mnode_modules/[4m.pnpm[24m/react-dom@19.2.0_react@19.2.0/node_modules/[4mreact-dom[24m/cjs/react-dom-client.development.js:25989:20[90m)[39m
    at runWithFiberInDEV [90m(/Users/ferryhinardi/Project/supertool/[39mnode_modules/[4m.pnpm[24m/react-dom@19.2.0_react@19.2.0/node_modules/[4mreact-dom[24m/cjs/react-dom-client.development.js:874:13[90m)[39m
    at commitHookEffectListMount [90m(/Users/ferryhinardi/Project/supertool/[39mnode_modules/[4m.pnpm[24m/react-dom@19.2.0_react@19.2.0/node_modules/[4mreact-dom[24m/cjs/react-dom-client.development.js:13249:29[90m)[39m
    at commitHookPassiveMountEffects [90m(/Users/ferryhinardi/Project/supertool/[39mnode_modules/[4m.pnpm[24m/react-dom@19.2.0_react@19.2.0/node_modules/[4mreact-dom[24m/cjs/react-dom-client.development.js:13336:11[90m)[39m
    at commitPassiveMountOnFiber [90m(/Users/ferryhinardi/Project/supertool/[39mnode_modules/[4m.pnpm[24m/react-dom@19.2.0_react@19.2.0/node_modules/[4mreact-dom[24m/cjs/react-dom-client.development.js:15484:13[90m)[39m
    at recursivelyTraversePassiveMountEffects [90m(/Users/ferryhinardi/Project/supertool/[39mnode_modules/[4m.pnpm[24m/react-dom@19.2.0_react@19.2.0/node_modules/[4mreact-dom[24m/cjs/react-dom-client.development.js:15439:11[90m)[39m
An update to ToolRating inside a test was not wrapped in act(...).

When testing, code that causes React state updates should be wrapped into act(...):

act(() => {
  /* fire events that update state */
});
/* assert on the output */

This ensures that you're testing the behavior the user would see in the browser. Learn more at https://react.dev/link/wrap-tests-with-act

[90mstderr[2m | app/tools/media/image-optimizer/__tests__/page.test.tsx[2m > [22m[2mImage Optimizer Page[2m > [22m[2mUser Interactions - Settings[2m > [22m[2mshould update quality when slider is changed
[22m[39mAn update to ToolRating inside a test was not wrapped in act(...).

When testing, code that causes React state updates should be wrapped into act(...):

act(() => {
  /* fire events that update state */
});
/* assert on the output */

This ensures that you're testing the behavior the user would see in the browser. Learn more at https://react.dev/link/wrap-tests-with-act

[90mstderr[2m | app/tools/data/json-beautify/__tests__/page.test.tsx[2m > [22m[2mJSON Beautifier Page[2m > [22m[2mIndentation Settings[2m > [22m[2mshould display indent options
[22m[39mFailed to add recent tool: TypeError: indexedDB.open is not a function
    at openDB [90m(file:///Users/ferryhinardi/Project/supertool/[39mnode_modules/[4m.pnpm[24m/idb@8.0.3/node_modules/[4midb[24m/build/index.js:168:31[90m)[39m
    at getDB [90m(/Users/ferryhinardi/Project/supertool/[39mlib/services/recent-tools.ts:35:22[90m)[39m
    at addRecentTool [90m(/Users/ferryhinardi/Project/supertool/[39mlib/services/recent-tools.ts:53:22[90m)[39m
    at [90m/Users/ferryhinardi/Project/supertool/[39mhooks/tools/useRecentTools.ts:69:7
    at Object.react_stack_bottom_frame [90m(/Users/ferryhinardi/Project/supertool/[39mnode_modules/[4m.pnpm[24m/react-dom@19.2.0_react@19.2.0/node_modules/[4mreact-dom[24m/cjs/react-dom-client.development.js:25989:20[90m)[39m
    at runWithFiberInDEV [90m(/Users/ferryhinardi/Project/supertool/[39mnode_modules/[4m.pnpm[24m/react-dom@19.2.0_react@19.2.0/node_modules/[4mreact-dom[24m/cjs/react-dom-client.development.js:874:13[90m)[39m
    at commitHookEffectListMount [90m(/Users/ferryhinardi/Project/supertool/[39mnode_modules/[4m.pnpm[24m/react-dom@19.2.0_react@19.2.0/node_modules/[4mreact-dom[24m/cjs/react-dom-client.development.js:13249:29[90m)[39m
    at commitHookPassiveMountEffects [90m(/Users/ferryhinardi/Project/supertool/[39mnode_modules/[4m.pnpm[24m/react-dom@19.2.0_react@19.2.0/node_modules/[4mreact-dom[24m/cjs/react-dom-client.development.js:13336:11[90m)[39m
    at reconnectPassiveEffects [90m(/Users/ferryhinardi/Project/supertool/[39mnode_modules/[4m.pnpm[24m/react-dom@19.2.0_react@19.2.0/node_modules/[4mreact-dom[24m/cjs/react-dom-client.development.js:15832:11[90m)[39m
    at recursivelyTraverseReconnectPassiveEffects [90m(/Users/ferryhinardi/Project/supertool/[39mnode_modules/[4m.pnpm[24m/react-dom@19.2.0_react@19.2.0/node_modules/[4mreact-dom[24m/cjs/react-dom-client.development.js:15784:9[90m)[39m
Failed to add recent tool: TypeError: indexedDB.open is not a function
    at openDB [90m(file:///Users/ferryhinardi/Project/supertool/[39mnode_modules/[4m.pnpm[24m/idb@8.0.3/node_modules/[4midb[24m/build/index.js:168:31[90m)[39m
    at getDB [90m(/Users/ferryhinardi/Project/supertool/[39mlib/services/recent-tools.ts:35:22[90m)[39m
    at addRecentTool [90m(/Users/ferryhinardi/Project/supertool/[39mlib/services/recent-tools.ts:53:22[90m)[39m
    at [90m/Users/ferryhinardi/Project/supertool/[39mhooks/tools/useRecentTools.ts:69:7
    at Object.react_stack_bottom_frame [90m(/Users/ferryhinardi/Project/supertool/[39mnode_modules/[4m.pnpm[24m/react-dom@19.2.0_react@19.2.0/node_modules/[4mreact-dom[24m/cjs/react-dom-client.development.js:25989:20[90m)[39m
    at runWithFiberInDEV [90m(/Users/ferryhinardi/Project/supertool/[39mnode_modules/[4m.pnpm[24m/react-dom@19.2.0_react@19.2.0/node_modules/[4mreact-dom[24m/cjs/react-dom-client.development.js:874:13[90m)[39m
    at commitHookEffectListMount [90m(/Users/ferryhinardi/Project/supertool/[39mnode_modules/[4m.pnpm[24m/react-dom@19.2.0_react@19.2.0/node_modules/[4mreact-dom[24m/cjs/react-dom-client.development.js:13249:29[90m)[39m
    at commitHookPassiveMountEffects [90m(/Users/ferryhinardi/Project/supertool/[39mnode_modules/[4m.pnpm[24m/react-dom@19.2.0_react@19.2.0/node_modules/[4mreact-dom[24m/cjs/react-dom-client.development.js:13336:11[90m)[39m
    at commitPassiveMountOnFiber [90m(/Users/ferryhinardi/Project/supertool/[39mnode_modules/[4m.pnpm[24m/react-dom@19.2.0_react@19.2.0/node_modules/[4mreact-dom[24m/cjs/react-dom-client.development.js:15484:13[90m)[39m
    at recursivelyTraversePassiveMountEffects [90m(/Users/ferryhinardi/Project/supertool/[39mnode_modules/[4m.pnpm[24m/react-dom@19.2.0_react@19.2.0/node_modules/[4mreact-dom[24m/cjs/react-dom-client.development.js:15439:11[90m)[39m
An update to ToolRating inside a test was not wrapped in act(...).

When testing, code that causes React state updates should be wrapped into act(...):

act(() => {
  /* fire events that update state */
});
/* assert on the output */

This ensures that you're testing the behavior the user would see in the browser. Learn more at https://react.dev/link/wrap-tests-with-act

[90mstderr[2m | app/tools/data/json-beautify/__tests__/page.test.tsx[2m > [22m[2mJSON Beautifier Page[2m > [22m[2mIndentation Settings[2m > [22m[2mshould allow selecting 2 spaces
[22m[39mFailed to add recent tool: TypeError: indexedDB.open is not a function
    at openDB [90m(file:///Users/ferryhinardi/Project/supertool/[39mnode_modules/[4m.pnpm[24m/idb@8.0.3/node_modules/[4midb[24m/build/index.js:168:31[90m)[39m
    at getDB [90m(/Users/ferryhinardi/Project/supertool/[39mlib/services/recent-tools.ts:35:22[90m)[39m
    at addRecentTool [90m(/Users/ferryhinardi/Project/supertool/[39mlib/services/recent-tools.ts:53:22[90m)[39m
    at [90m/Users/ferryhinardi/Project/supertool/[39mhooks/tools/useRecentTools.ts:69:7
    at Object.react_stack_bottom_frame [90m(/Users/ferryhinardi/Project/supertool/[39mnode_modules/[4m.pnpm[24m/react-dom@19.2.0_react@19.2.0/node_modules/[4mreact-dom[24m/cjs/react-dom-client.development.js:25989:20[90m)[39m
    at runWithFiberInDEV [90m(/Users/ferryhinardi/Project/supertool/[39mnode_modules/[4m.pnpm[24m/react-dom@19.2.0_react@19.2.0/node_modules/[4mreact-dom[24m/cjs/react-dom-client.development.js:874:13[90m)[39m
    at commitHookEffectListMount [90m(/Users/ferryhinardi/Project/supertool/[39mnode_modules/[4m.pnpm[24m/react-dom@19.2.0_react@19.2.0/node_modules/[4mreact-dom[24m/cjs/react-dom-client.development.js:13249:29[90m)[39m
    at commitHookPassiveMountEffects [90m(/Users/ferryhinardi/Project/supertool/[39mnode_modules/[4m.pnpm[24m/react-dom@19.2.0_react@19.2.0/node_modules/[4mreact-dom[24m/cjs/react-dom-client.development.js:13336:11[90m)[39m
    at reconnectPassiveEffects [90m(/Users/ferryhinardi/Project/supertool/[39mnode_modules/[4m.pnpm[24m/react-dom@19.2.0_react@19.2.0/node_modules/[4mreact-dom[24m/cjs/react-dom-client.development.js:15832:11[90m)[39m
    at recursivelyTraverseReconnectPassiveEffects [90m(/Users/ferryhinardi/Project/supertool/[39mnode_modules/[4m.pnpm[24m/react-dom@19.2.0_react@19.2.0/node_modules/[4mreact-dom[24m/cjs/react-dom-client.development.js:15784:9[90m)[39m
Failed to add recent tool: TypeError: indexedDB.open is not a function
    at openDB [90m(file:///Users/ferryhinardi/Project/supertool/[39mnode_modules/[4m.pnpm[24m/idb@8.0.3/node_modules/[4midb[24m/build/index.js:168:31[90m)[39m
    at getDB [90m(/Users/ferryhinardi/Project/supertool/[39mlib/services/recent-tools.ts:35:22[90m)[39m
    at addRecentTool [90m(/Users/ferryhinardi/Project/supertool/[39mlib/services/recent-tools.ts:53:22[90m)[39m
    at [90m/Users/ferryhinardi/Project/supertool/[39mhooks/tools/useRecentTools.ts:69:7
    at Object.react_stack_bottom_frame [90m(/Users/ferryhinardi/Project/supertool/[39mnode_modules/[4m.pnpm[24m/react-dom@19.2.0_react@19.2.0/node_modules/[4mreact-dom[24m/cjs/react-dom-client.development.js:25989:20[90m)[39m
    at runWithFiberInDEV [90m(/Users/ferryhinardi/Project/supertool/[39mnode_modules/[4m.pnpm[24m/react-dom@19.2.0_react@19.2.0/node_modules/[4mreact-dom[24m/cjs/react-dom-client.development.js:874:13[90m)[39m
    at commitHookEffectListMount [90m(/Users/ferryhinardi/Project/supertool/[39mnode_modules/[4m.pnpm[24m/react-dom@19.2.0_react@19.2.0/node_modules/[4mreact-dom[24m/cjs/react-dom-client.development.js:13249:29[90m)[39m
    at commitHookPassiveMountEffects [90m(/Users/ferryhinardi/Project/supertool/[39mnode_modules/[4m.pnpm[24m/react-dom@19.2.0_react@19.2.0/node_modules/[4mreact-dom[24m/cjs/react-dom-client.development.js:13336:11[90m)[39m
    at commitPassiveMountOnFiber [90m(/Users/ferryhinardi/Project/supertool/[39mnode_modules/[4m.pnpm[24m/react-dom@19.2.0_react@19.2.0/node_modules/[4mreact-dom[24m/cjs/react-dom-client.development.js:15484:13[90m)[39m
    at recursivelyTraversePassiveMountEffects [90m(/Users/ferryhinardi/Project/supertool/[39mnode_modules/[4m.pnpm[24m/react-dom@19.2.0_react@19.2.0/node_modules/[4mreact-dom[24m/cjs/react-dom-client.development.js:15439:11[90m)[39m

[90mstderr[2m | app/tools/data/json-beautify/__tests__/page.test.tsx[2m > [22m[2mJSON Beautifier Page[2m > [22m[2mIndentation Settings[2m > [22m[2mshould allow selecting 4 spaces
[22m[39mFailed to add recent tool: TypeError: indexedDB.open is not a function
    at openDB [90m(file:///Users/ferryhinardi/Project/supertool/[39mnode_modules/[4m.pnpm[24m/idb@8.0.3/node_modules/[4midb[24m/build/index.js:168:31[90m)[39m
    at getDB [90m(/Users/ferryhinardi/Project/supertool/[39mlib/services/recent-tools.ts:35:22[90m)[39m
    at addRecentTool [90m(/Users/ferryhinardi/Project/supertool/[39mlib/services/recent-tools.ts:53:22[90m)[39m
    at [90m/Users/ferryhinardi/Project/supertool/[39mhooks/tools/useRecentTools.ts:69:7
    at Object.react_stack_bottom_frame [90m(/Users/ferryhinardi/Project/supertool/[39mnode_modules/[4m.pnpm[24m/react-dom@19.2.0_react@19.2.0/node_modules/[4mreact-dom[24m/cjs/react-dom-client.development.js:25989:20[90m)[39m
    at runWithFiberInDEV [90m(/Users/ferryhinardi/Project/supertool/[39mnode_modules/[4m.pnpm[24m/react-dom@19.2.0_react@19.2.0/node_modules/[4mreact-dom[24m/cjs/react-dom-client.development.js:874:13[90m)[39m
    at commitHookEffectListMount [90m(/Users/ferryhinardi/Project/supertool/[39mnode_modules/[4m.pnpm[24m/react-dom@19.2.0_react@19.2.0/node_modules/[4mreact-dom[24m/cjs/react-dom-client.development.js:13249:29[90m)[39m
    at commitHookPassiveMountEffects [90m(/Users/ferryhinardi/Project/supertool/[39mnode_modules/[4m.pnpm[24m/react-dom@19.2.0_react@19.2.0/node_modules/[4mreact-dom[24m/cjs/react-dom-client.development.js:13336:11[90m)[39m
    at reconnectPassiveEffects [90m(/Users/ferryhinardi/Project/supertool/[39mnode_modules/[4m.pnpm[24m/react-dom@19.2.0_react@19.2.0/node_modules/[4mreact-dom[24m/cjs/react-dom-client.development.js:15832:11[90m)[39m
    at recursivelyTraverseReconnectPassiveEffects [90m(/Users/ferryhinardi/Project/supertool/[39mnode_modules/[4m.pnpm[24m/react-dom@19.2.0_react@19.2.0/node_modules/[4mreact-dom[24m/cjs/react-dom-client.development.js:15784:9[90m)[39m
Failed to add recent tool: TypeError: indexedDB.open is not a function
    at openDB [90m(file:///Users/ferryhinardi/Project/supertool/[39mnode_modules/[4m.pnpm[24m/idb@8.0.3/node_modules/[4midb[24m/build/index.js:168:31[90m)[39m
    at getDB [90m(/Users/ferryhinardi/Project/supertool/[39mlib/services/recent-tools.ts:35:22[90m)[39m
    at addRecentTool [90m(/Users/ferryhinardi/Project/supertool/[39mlib/services/recent-tools.ts:53:22[90m)[39m
    at [90m/Users/ferryhinardi/Project/supertool/[39mhooks/tools/useRecentTools.ts:69:7
    at Object.react_stack_bottom_frame [90m(/Users/ferryhinardi/Project/supertool/[39mnode_modules/[4m.pnpm[24m/react-dom@19.2.0_react@19.2.0/node_modules/[4mreact-dom[24m/cjs/react-dom-client.development.js:25989:20[90m)[39m
    at runWithFiberInDEV [90m(/Users/ferryhinardi/Project/supertool/[39mnode_modules/[4m.pnpm[24m/react-dom@19.2.0_react@19.2.0/node_modules/[4mreact-dom[24m/cjs/react-dom-client.development.js:874:13[90m)[39m
    at commitHookEffectListMount [90m(/Users/ferryhinardi/Project/supertool/[39mnode_modules/[4m.pnpm[24m/react-dom@19.2.0_react@19.2.0/node_modules/[4mreact-dom[24m/cjs/react-dom-client.development.js:13249:29[90m)[39m
    at commitHookPassiveMountEffects [90m(/Users/ferryhinardi/Project/supertool/[39mnode_modules/[4m.pnpm[24m/react-dom@19.2.0_react@19.2.0/node_modules/[4mreact-dom[24m/cjs/react-dom-client.development.js:13336:11[90m)[39m
    at commitPassiveMountOnFiber [90m(/Users/ferryhinardi/Project/supertool/[39mnode_modules/[4m.pnpm[24m/react-dom@19.2.0_react@19.2.0/node_modules/[4mreact-dom[24m/cjs/react-dom-client.development.js:15484:13[90m)[39m
    at recursivelyTraversePassiveMountEffects [90m(/Users/ferryhinardi/Project/supertool/[39mnode_modules/[4m.pnpm[24m/react-dom@19.2.0_react@19.2.0/node_modules/[4mreact-dom[24m/cjs/react-dom-client.development.js:15439:11[90m)[39m
An update to ToolRating inside a test was not wrapped in act(...).

When testing, code that causes React state updates should be wrapped into act(...):

act(() => {
  /* fire events that update state */
});
/* assert on the output */

This ensures that you're testing the behavior the user would see in the browser. Learn more at https://react.dev/link/wrap-tests-with-act

[90mstderr[2m | app/tools/data/json-beautify/__tests__/page.test.tsx[2m > [22m[2mJSON Beautifier Page[2m > [22m[2mCopy Functionality[2m > [22m[2mshould copy formatted JSON to clipboard
[22m[39mFailed to add recent tool: TypeError: indexedDB.open is not a function
    at openDB [90m(file:///Users/ferryhinardi/Project/supertool/[39mnode_modules/[4m.pnpm[24m/idb@8.0.3/node_modules/[4midb[24m/build/index.js:168:31[90m)[39m
    at getDB [90m(/Users/ferryhinardi/Project/supertool/[39mlib/services/recent-tools.ts:35:22[90m)[39m
    at addRecentTool [90m(/Users/ferryhinardi/Project/supertool/[39mlib/services/recent-tools.ts:53:22[90m)[39m
    at [90m/Users/ferryhinardi/Project/supertool/[39mhooks/tools/useRecentTools.ts:69:7
    at Object.react_stack_bottom_frame [90m(/Users/ferryhinardi/Project/supertool/[39mnode_modules/[4m.pnpm[24m/react-dom@19.2.0_react@19.2.0/node_modules/[4mreact-dom[24m/cjs/react-dom-client.development.js:25989:20[90m)[39m
    at runWithFiberInDEV [90m(/Users/ferryhinardi/Project/supertool/[39mnode_modules/[4m.pnpm[24m/react-dom@19.2.0_react@19.2.0/node_modules/[4mreact-dom[24m/cjs/react-dom-client.development.js:874:13[90m)[39m
    at commitHookEffectListMount [90m(/Users/ferryhinardi/Project/supertool/[39mnode_modules/[4m.pnpm[24m/react-dom@19.2.0_react@19.2.0/node_modules/[4mreact-dom[24m/cjs/react-dom-client.development.js:13249:29[90m)[39m
    at commitHookPassiveMountEffects [90m(/Users/ferryhinardi/Project/supertool/[39mnode_modules/[4m.pnpm[24m/react-dom@19.2.0_react@19.2.0/node_modules/[4mreact-dom[24m/cjs/react-dom-client.development.js:13336:11[90m)[39m
    at reconnectPassiveEffects [90m(/Users/ferryhinardi/Project/supertool/[39mnode_modules/[4m.pnpm[24m/react-dom@19.2.0_react@19.2.0/node_modules/[4mreact-dom[24m/cjs/react-dom-client.development.js:15832:11[90m)[39m
    at recursivelyTraverseReconnectPassiveEffects [90m(/Users/ferryhinardi/Project/supertool/[39mnode_modules/[4m.pnpm[24m/react-dom@19.2.0_react@19.2.0/node_modules/[4mreact-dom[24m/cjs/react-dom-client.development.js:15784:9[90m)[39m
Failed to add recent tool: TypeError: indexedDB.open is not a function
    at openDB [90m(file:///Users/ferryhinardi/Project/supertool/[39mnode_modules/[4m.pnpm[24m/idb@8.0.3/node_modules/[4midb[24m/build/index.js:168:31[90m)[39m
    at getDB [90m(/Users/ferryhinardi/Project/supertool/[39mlib/services/recent-tools.ts:35:22[90m)[39m
    at addRecentTool [90m(/Users/ferryhinardi/Project/supertool/[39mlib/services/recent-tools.ts:53:22[90m)[39m
    at [90m/Users/ferryhinardi/Project/supertool/[39mhooks/tools/useRecentTools.ts:69:7
    at Object.react_stack_bottom_frame [90m(/Users/ferryhinardi/Project/supertool/[39mnode_modules/[4m.pnpm[24m/react-dom@19.2.0_react@19.2.0/node_modules/[4mreact-dom[24m/cjs/react-dom-client.development.js:25989:20[90m)[39m
    at runWithFiberInDEV [90m(/Users/ferryhinardi/Project/supertool/[39mnode_modules/[4m.pnpm[24m/react-dom@19.2.0_react@19.2.0/node_modules/[4mreact-dom[24m/cjs/react-dom-client.development.js:874:13[90m)[39m
    at commitHookEffectListMount [90m(/Users/ferryhinardi/Project/supertool/[39mnode_modules/[4m.pnpm[24m/react-dom@19.2.0_react@19.2.0/node_modules/[4mreact-dom[24m/cjs/react-dom-client.development.js:13249:29[90m)[39m
    at commitHookPassiveMountEffects [90m(/Users/ferryhinardi/Project/supertool/[39mnode_modules/[4m.pnpm[24m/react-dom@19.2.0_react@19.2.0/node_modules/[4mreact-dom[24m/cjs/react-dom-client.development.js:13336:11[90m)[39m
    at commitPassiveMountOnFiber [90m(/Users/ferryhinardi/Project/supertool/[39mnode_modules/[4m.pnpm[24m/react-dom@19.2.0_react@19.2.0/node_modules/[4mreact-dom[24m/cjs/react-dom-client.development.js:15484:13[90m)[39m
    at recursivelyTraversePassiveMountEffects [90m(/Users/ferryhinardi/Project/supertool/[39mnode_modules/[4m.pnpm[24m/react-dom@19.2.0_react@19.2.0/node_modules/[4mreact-dom[24m/cjs/react-dom-client.development.js:15439:11[90m)[39m
An update to ToolRating inside a test was not wrapped in act(...).

When testing, code that causes React state updates should be wrapped into act(...):

act(() => {
  /* fire events that update state */
});
/* assert on the output */

This ensures that you're testing the behavior the user would see in the browser. Learn more at https://react.dev/link/wrap-tests-with-act

[90mstderr[2m | app/tools/data/json-beautify/__tests__/page.test.tsx[2m > [22m[2mJSON Beautifier Page[2m > [22m[2mClear Functionality[2m > [22m[2mshould clear input when Clear is clicked
[22m[39mFailed to add recent tool: TypeError: indexedDB.open is not a function
    at openDB [90m(file:///Users/ferryhinardi/Project/supertool/[39mnode_modules/[4m.pnpm[24m/idb@8.0.3/node_modules/[4midb[24m/build/index.js:168:31[90m)[39m
    at getDB [90m(/Users/ferryhinardi/Project/supertool/[39mlib/services/recent-tools.ts:35:22[90m)[39m
    at addRecentTool [90m(/Users/ferryhinardi/Project/supertool/[39mlib/services/recent-tools.ts:53:22[90m)[39m
    at [90m/Users/ferryhinardi/Project/supertool/[39mhooks/tools/useRecentTools.ts:69:7
    at Object.react_stack_bottom_frame [90m(/Users/ferryhinardi/Project/supertool/[39mnode_modules/[4m.pnpm[24m/react-dom@19.2.0_react@19.2.0/node_modules/[4mreact-dom[24m/cjs/react-dom-client.development.js:25989:20[90m)[39m
    at runWithFiberInDEV [90m(/Users/ferryhinardi/Project/supertool/[39mnode_modules/[4m.pnpm[24m/react-dom@19.2.0_react@19.2.0/node_modules/[4mreact-dom[24m/cjs/react-dom-client.development.js:874:13[90m)[39m
    at commitHookEffectListMount [90m(/Users/ferryhinardi/Project/supertool/[39mnode_modules/[4m.pnpm[24m/react-dom@19.2.0_react@19.2.0/node_modules/[4mreact-dom[24m/cjs/react-dom-client.development.js:13249:29[90m)[39m
    at commitHookPassiveMountEffects [90m(/Users/ferryhinardi/Project/supertool/[39mnode_modules/[4m.pnpm[24m/react-dom@19.2.0_react@19.2.0/node_modules/[4mreact-dom[24m/cjs/react-dom-client.development.js:13336:11[90m)[39m
    at reconnectPassiveEffects [90m(/Users/ferryhinardi/Project/supertool/[39mnode_modules/[4m.pnpm[24m/react-dom@19.2.0_react@19.2.0/node_modules/[4mreact-dom[24m/cjs/react-dom-client.development.js:15832:11[90m)[39m
    at recursivelyTraverseReconnectPassiveEffects [90m(/Users/ferryhinardi/Project/supertool/[39mnode_modules/[4m.pnpm[24m/react-dom@19.2.0_react@19.2.0/node_modules/[4mreact-dom[24m/cjs/react-dom-client.development.js:15784:9[90m)[39m
Failed to add recent tool: TypeError: indexedDB.open is not a function
    at openDB [90m(file:///Users/ferryhinardi/Project/supertool/[39mnode_modules/[4m.pnpm[24m/idb@8.0.3/node_modules/[4midb[24m/build/index.js:168:31[90m)[39m
    at getDB [90m(/Users/ferryhinardi/Project/supertool/[39mlib/services/recent-tools.ts:35:22[90m)[39m
    at addRecentTool [90m(/Users/ferryhinardi/Project/supertool/[39mlib/services/recent-tools.ts:53:22[90m)[39m
    at [90m/Users/ferryhinardi/Project/supertool/[39mhooks/tools/useRecentTools.ts:69:7
    at Object.react_stack_bottom_frame [90m(/Users/ferryhinardi/Project/supertool/[39mnode_modules/[4m.pnpm[24m/react-dom@19.2.0_react@19.2.0/node_modules/[4mreact-dom[24m/cjs/react-dom-client.development.js:25989:20[90m)[39m
    at runWithFiberInDEV [90m(/Users/ferryhinardi/Project/supertool/[39mnode_modules/[4m.pnpm[24m/react-dom@19.2.0_react@19.2.0/node_modules/[4mreact-dom[24m/cjs/react-dom-client.development.js:874:13[90m)[39m
    at commitHookEffectListMount [90m(/Users/ferryhinardi/Project/supertool/[39mnode_modules/[4m.pnpm[24m/react-dom@19.2.0_react@19.2.0/node_modules/[4mreact-dom[24m/cjs/react-dom-client.development.js:13249:29[90m)[39m
    at commitHookPassiveMountEffects [90m(/Users/ferryhinardi/Project/supertool/[39mnode_modules/[4m.pnpm[24m/react-dom@19.2.0_react@19.2.0/node_modules/[4mreact-dom[24m/cjs/react-dom-client.development.js:13336:11[90m)[39m
    at commitPassiveMountOnFiber [90m(/Users/ferryhinardi/Project/supertool/[39mnode_modules/[4m.pnpm[24m/react-dom@19.2.0_react@19.2.0/node_modules/[4mreact-dom[24m/cjs/react-dom-client.development.js:15484:13[90m)[39m
    at recursivelyTraversePassiveMountEffects [90m(/Users/ferryhinardi/Project/supertool/[39mnode_modules/[4m.pnpm[24m/react-dom@19.2.0_react@19.2.0/node_modules/[4mreact-dom[24m/cjs/react-dom-client.development.js:15439:11[90m)[39m
An update to ToolRating inside a test was not wrapped in act(...).

When testing, code that causes React state updates should be wrapped into act(...):

act(() => {
  /* fire events that update state */
});
/* assert on the output */

This ensures that you're testing the behavior the user would see in the browser. Learn more at https://react.dev/link/wrap-tests-with-act

[90mstderr[2m | app/tools/data/json-beautify/__tests__/page.test.tsx[2m > [22m[2mJSON Beautifier Page[2m > [22m[2mClear Functionality[2m > [22m[2mshould clear output when clearing input
[22m[39mFailed to add recent tool: TypeError: indexedDB.open is not a function
    at openDB [90m(file:///Users/ferryhinardi/Project/supertool/[39mnode_modules/[4m.pnpm[24m/idb@8.0.3/node_modules/[4midb[24m/build/index.js:168:31[90m)[39m
    at getDB [90m(/Users/ferryhinardi/Project/supertool/[39mlib/services/recent-tools.ts:35:22[90m)[39m
    at addRecentTool [90m(/Users/ferryhinardi/Project/supertool/[39mlib/services/recent-tools.ts:53:22[90m)[39m
    at [90m/Users/ferryhinardi/Project/supertool/[39mhooks/tools/useRecentTools.ts:69:7
    at Object.react_stack_bottom_frame [90m(/Users/ferryhinardi/Project/supertool/[39mnode_modules/[4m.pnpm[24m/react-dom@19.2.0_react@19.2.0/node_modules/[4mreact-dom[24m/cjs/react-dom-client.development.js:25989:20[90m)[39m
    at runWithFiberInDEV [90m(/Users/ferryhinardi/Project/supertool/[39mnode_modules/[4m.pnpm[24m/react-dom@19.2.0_react@19.2.0/node_modules/[4mreact-dom[24m/cjs/react-dom-client.development.js:874:13[90m)[39m
    at commitHookEffectListMount [90m(/Users/ferryhinardi/Project/supertool/[39mnode_modules/[4m.pnpm[24m/react-dom@19.2.0_react@19.2.0/node_modules/[4mreact-dom[24m/cjs/react-dom-client.development.js:13249:29[90m)[39m
    at commitHookPassiveMountEffects [90m(/Users/ferryhinardi/Project/supertool/[39mnode_modules/[4m.pnpm[24m/react-dom@19.2.0_react@19.2.0/node_modules/[4mreact-dom[24m/cjs/react-dom-client.development.js:13336:11[90m)[39m
    at reconnectPassiveEffects [90m(/Users/ferryhinardi/Project/supertool/[39mnode_modules/[4m.pnpm[24m/react-dom@19.2.0_react@19.2.0/node_modules/[4mreact-dom[24m/cjs/react-dom-client.development.js:15832:11[90m)[39m
    at recursivelyTraverseReconnectPassiveEffects [90m(/Users/ferryhinardi/Project/supertool/[39mnode_modules/[4m.pnpm[24m/react-dom@19.2.0_react@19.2.0/node_modules/[4mreact-dom[24m/cjs/react-dom-client.development.js:15784:9[90m)[39m
Failed to add recent tool: TypeError: indexedDB.open is not a function
    at openDB [90m(file:///Users/ferryhinardi/Project/supertool/[39mnode_modules/[4m.pnpm[24m/idb@8.0.3/node_modules/[4midb[24m/build/index.js:168:31[90m)[39m
    at getDB [90m(/Users/ferryhinardi/Project/supertool/[39mlib/services/recent-tools.ts:35:22[90m)[39m
    at addRecentTool [90m(/Users/ferryhinardi/Project/supertool/[39mlib/services/recent-tools.ts:53:22[90m)[39m
    at [90m/Users/ferryhinardi/Project/supertool/[39mhooks/tools/useRecentTools.ts:69:7
    at Object.react_stack_bottom_frame [90m(/Users/ferryhinardi/Project/supertool/[39mnode_modules/[4m.pnpm[24m/react-dom@19.2.0_react@19.2.0/node_modules/[4mreact-dom[24m/cjs/react-dom-client.development.js:25989:20[90m)[39m
    at runWithFiberInDEV [90m(/Users/ferryhinardi/Project/supertool/[39mnode_modules/[4m.pnpm[24m/react-dom@19.2.0_react@19.2.0/node_modules/[4mreact-dom[24m/cjs/react-dom-client.development.js:874:13[90m)[39m
    at commitHookEffectListMount [90m(/Users/ferryhinardi/Project/supertool/[39mnode_modules/[4m.pnpm[24m/react-dom@19.2.0_react@19.2.0/node_modules/[4mreact-dom[24m/cjs/react-dom-client.development.js:13249:29[90m)[39m
    at commitHookPassiveMountEffects [90m(/Users/ferryhinardi/Project/supertool/[39mnode_modules/[4m.pnpm[24m/react-dom@19.2.0_react@19.2.0/node_modules/[4mreact-dom[24m/cjs/react-dom-client.development.js:13336:11[90m)[39m
    at commitPassiveMountOnFiber [90m(/Users/ferryhinardi/Project/supertool/[39mnode_modules/[4m.pnpm[24m/react-dom@19.2.0_react@19.2.0/node_modules/[4mreact-dom[24m/cjs/react-dom-client.development.js:15484:13[90m)[39m
    at recursivelyTraversePassiveMountEffects [90m(/Users/ferryhinardi/Project/supertool/[39mnode_modules/[4m.pnpm[24m/react-dom@19.2.0_react@19.2.0/node_modules/[4mreact-dom[24m/cjs/react-dom-client.development.js:15439:11[90m)[39m
An update to ToolRating inside a test was not wrapped in act(...).

When testing, code that causes React state updates should be wrapped into act(...):

act(() => {
  /* fire events that update state */
});
/* assert on the output */

This ensures that you're testing the behavior the user would see in the browser. Learn more at https://react.dev/link/wrap-tests-with-act

[90mstderr[2m | app/tools/media/image-optimizer/__tests__/page.test.tsx[2m > [22m[2mImage Optimizer Page[2m > [22m[2mFile Upload[2m > [22m[2mshould render upload zone initially
[22m[39mAn update to ToolRating inside a test was not wrapped in act(...).

When testing, code that causes React state updates should be wrapped into act(...):

act(() => {
  /* fire events that update state */
});
/* assert on the output */

This ensures that you're testing the behavior the user would see in the browser. Learn more at https://react.dev/link/wrap-tests-with-act

[90mstderr[2m | app/tools/media/image-optimizer/__tests__/page.test.tsx[2m > [22m[2mImage Optimizer Page[2m > [22m[2mFile Upload[2m > [22m[2mshould display Images section header
[22m[39mAn update to ToolRating inside a test was not wrapped in act(...).

When testing, code that causes React state updates should be wrapped into act(...):

act(() => {
  /* fire events that update state */
});
/* assert on the output */

This ensures that you're testing the behavior the user would see in the browser. Learn more at https://react.dev/link/wrap-tests-with-act

[90mstderr[2m | app/tools/media/image-optimizer/__tests__/page.test.tsx[2m > [22m[2mImage Optimizer Page[2m > [22m[2mFile Upload[2m > [22m[2mshould show supported formats in description
[22m[39mAn update to ToolRating inside a test was not wrapped in act(...).

When testing, code that causes React state updates should be wrapped into act(...):

act(() => {
  /* fire events that update state */
});
/* assert on the output */

This ensures that you're testing the behavior the user would see in the browser. Learn more at https://react.dev/link/wrap-tests-with-act

[90mstderr[2m | app/tools/media/image-optimizer/__tests__/page.test.tsx[2m > [22m[2mImage Optimizer Page[2m > [22m[2mFeatures Section[2m > [22m[2mshould render Smart Compression feature
[22m[39mAn update to ToolRating inside a test was not wrapped in act(...).

When testing, code that causes React state updates should be wrapped into act(...):

act(() => {
  /* fire events that update state */
});
/* assert on the output */

This ensures that you're testing the behavior the user would see in the browser. Learn more at https://react.dev/link/wrap-tests-with-act

[90mstderr[2m | app/tools/media/image-optimizer/__tests__/page.test.tsx[2m > [22m[2mImage Optimizer Page[2m > [22m[2mFeatures Section[2m > [22m[2mshould render Batch Processing feature
[22m[39mAn update to ToolRating inside a test was not wrapped in act(...).

When testing, code that causes React state updates should be wrapped into act(...):

act(() => {
  /* fire events that update state */
});
/* assert on the output */

This ensures that you're testing the behavior the user would see in the browser. Learn more at https://react.dev/link/wrap-tests-with-act

[90mstderr[2m | app/tools/media/image-optimizer/__tests__/page.test.tsx[2m > [22m[2mImage Optimizer Page[2m > [22m[2mFeatures Section[2m > [22m[2mshould render Resize & Convert feature
[22m[39mAn update to ToolRating inside a test was not wrapped in act(...).

When testing, code that causes React state updates should be wrapped into act(...):

act(() => {
  /* fire events that update state */
});
/* assert on the output */

This ensures that you're testing the behavior the user would see in the browser. Learn more at https://react.dev/link/wrap-tests-with-act

[90mstderr[2m | app/tools/data/json-beautify/__tests__/page.test.tsx[2m > [22m[2mJSON Beautifier Page[2m > [22m[2mSyntax Highlighting[2m > [22m[2mshould display syntax highlighted output
[22m[39mFailed to add recent tool: TypeError: indexedDB.open is not a function
    at openDB [90m(file:///Users/ferryhinardi/Project/supertool/[39mnode_modules/[4m.pnpm[24m/idb@8.0.3/node_modules/[4midb[24m/build/index.js:168:31[90m)[39m
    at getDB [90m(/Users/ferryhinardi/Project/supertool/[39mlib/services/recent-tools.ts:35:22[90m)[39m
    at addRecentTool [90m(/Users/ferryhinardi/Project/supertool/[39mlib/services/recent-tools.ts:53:22[90m)[39m
    at [90m/Users/ferryhinardi/Project/supertool/[39mhooks/tools/useRecentTools.ts:69:7
    at Object.react_stack_bottom_frame [90m(/Users/ferryhinardi/Project/supertool/[39mnode_modules/[4m.pnpm[24m/react-dom@19.2.0_react@19.2.0/node_modules/[4mreact-dom[24m/cjs/react-dom-client.development.js:25989:20[90m)[39m
    at runWithFiberInDEV [90m(/Users/ferryhinardi/Project/supertool/[39mnode_modules/[4m.pnpm[24m/react-dom@19.2.0_react@19.2.0/node_modules/[4mreact-dom[24m/cjs/react-dom-client.development.js:874:13[90m)[39m
    at commitHookEffectListMount [90m(/Users/ferryhinardi/Project/supertool/[39mnode_modules/[4m.pnpm[24m/react-dom@19.2.0_react@19.2.0/node_modules/[4mreact-dom[24m/cjs/react-dom-client.development.js:13249:29[90m)[39m
    at commitHookPassiveMountEffects [90m(/Users/ferryhinardi/Project/supertool/[39mnode_modules/[4m.pnpm[24m/react-dom@19.2.0_react@19.2.0/node_modules/[4mreact-dom[24m/cjs/react-dom-client.development.js:13336:11[90m)[39m
    at reconnectPassiveEffects [90m(/Users/ferryhinardi/Project/supertool/[39mnode_modules/[4m.pnpm[24m/react-dom@19.2.0_react@19.2.0/node_modules/[4mreact-dom[24m/cjs/react-dom-client.development.js:15832:11[90m)[39m
    at recursivelyTraverseReconnectPassiveEffects [90m(/Users/ferryhinardi/Project/supertool/[39mnode_modules/[4m.pnpm[24m/react-dom@19.2.0_react@19.2.0/node_modules/[4mreact-dom[24m/cjs/react-dom-client.development.js:15784:9[90m)[39m
Failed to add recent tool: TypeError: indexedDB.open is not a function
    at openDB [90m(file:///Users/ferryhinardi/Project/supertool/[39mnode_modules/[4m.pnpm[24m/idb@8.0.3/node_modules/[4midb[24m/build/index.js:168:31[90m)[39m
    at getDB [90m(/Users/ferryhinardi/Project/supertool/[39mlib/services/recent-tools.ts:35:22[90m)[39m
    at addRecentTool [90m(/Users/ferryhinardi/Project/supertool/[39mlib/services/recent-tools.ts:53:22[90m)[39m
    at [90m/Users/ferryhinardi/Project/supertool/[39mhooks/tools/useRecentTools.ts:69:7
    at Object.react_stack_bottom_frame [90m(/Users/ferryhinardi/Project/supertool/[39mnode_modules/[4m.pnpm[24m/react-dom@19.2.0_react@19.2.0/node_modules/[4mreact-dom[24m/cjs/react-dom-client.development.js:25989:20[90m)[39m
    at runWithFiberInDEV [90m(/Users/ferryhinardi/Project/supertool/[39mnode_modules/[4m.pnpm[24m/react-dom@19.2.0_react@19.2.0/node_modules/[4mreact-dom[24m/cjs/react-dom-client.development.js:874:13[90m)[39m
    at commitHookEffectListMount [90m(/Users/ferryhinardi/Project/supertool/[39mnode_modules/[4m.pnpm[24m/react-dom@19.2.0_react@19.2.0/node_modules/[4mreact-dom[24m/cjs/react-dom-client.development.js:13249:29[90m)[39m
    at commitHookPassiveMountEffects [90m(/Users/ferryhinardi/Project/supertool/[39mnode_modules/[4m.pnpm[24m/react-dom@19.2.0_react@19.2.0/node_modules/[4mreact-dom[24m/cjs/react-dom-client.development.js:13336:11[90m)[39m
    at commitPassiveMountOnFiber [90m(/Users/ferryhinardi/Project/supertool/[39mnode_modules/[4m.pnpm[24m/react-dom@19.2.0_react@19.2.0/node_modules/[4mreact-dom[24m/cjs/react-dom-client.development.js:15484:13[90m)[39m
    at recursivelyTraversePassiveMountEffects [90m(/Users/ferryhinardi/Project/supertool/[39mnode_modules/[4m.pnpm[24m/react-dom@19.2.0_react@19.2.0/node_modules/[4mreact-dom[24m/cjs/react-dom-client.development.js:15439:11[90m)[39m
An update to ToolRating inside a test was not wrapped in act(...).

When testing, code that causes React state updates should be wrapped into act(...):

act(() => {
  /* fire events that update state */
});
/* assert on the output */

This ensures that you're testing the behavior the user would see in the browser. Learn more at https://react.dev/link/wrap-tests-with-act

[90mstderr[2m | app/tools/data/json-beautify/__tests__/page.test.tsx[2m > [22m[2mJSON Beautifier Page[2m > [22m[2mJSON Examples[2m > [22m[2mshould display example JSON button
[22m[39mFailed to add recent tool: TypeError: indexedDB.open is not a function
    at openDB [90m(file:///Users/ferryhinardi/Project/supertool/[39mnode_modules/[4m.pnpm[24m/idb@8.0.3/node_modules/[4midb[24m/build/index.js:168:31[90m)[39m
    at getDB [90m(/Users/ferryhinardi/Project/supertool/[39mlib/services/recent-tools.ts:35:22[90m)[39m
    at addRecentTool [90m(/Users/ferryhinardi/Project/supertool/[39mlib/services/recent-tools.ts:53:22[90m)[39m
    at [90m/Users/ferryhinardi/Project/supertool/[39mhooks/tools/useRecentTools.ts:69:7
    at Object.react_stack_bottom_frame [90m(/Users/ferryhinardi/Project/supertool/[39mnode_modules/[4m.pnpm[24m/react-dom@19.2.0_react@19.2.0/node_modules/[4mreact-dom[24m/cjs/react-dom-client.development.js:25989:20[90m)[39m
    at runWithFiberInDEV [90m(/Users/ferryhinardi/Project/supertool/[39mnode_modules/[4m.pnpm[24m/react-dom@19.2.0_react@19.2.0/node_modules/[4mreact-dom[24m/cjs/react-dom-client.development.js:874:13[90m)[39m
    at commitHookEffectListMount [90m(/Users/ferryhinardi/Project/supertool/[39mnode_modules/[4m.pnpm[24m/react-dom@19.2.0_react@19.2.0/node_modules/[4mreact-dom[24m/cjs/react-dom-client.development.js:13249:29[90m)[39m
    at commitHookPassiveMountEffects [90m(/Users/ferryhinardi/Project/supertool/[39mnode_modules/[4m.pnpm[24m/react-dom@19.2.0_react@19.2.0/node_modules/[4mreact-dom[24m/cjs/react-dom-client.development.js:13336:11[90m)[39m
    at reconnectPassiveEffects [90m(/Users/ferryhinardi/Project/supertool/[39mnode_modules/[4m.pnpm[24m/react-dom@19.2.0_react@19.2.0/node_modules/[4mreact-dom[24m/cjs/react-dom-client.development.js:15832:11[90m)[39m
    at recursivelyTraverseReconnectPassiveEffects [90m(/Users/ferryhinardi/Project/supertool/[39mnode_modules/[4m.pnpm[24m/react-dom@19.2.0_react@19.2.0/node_modules/[4mreact-dom[24m/cjs/react-dom-client.development.js:15784:9[90m)[39m
Failed to add recent tool: TypeError: indexedDB.open is not a function
    at openDB [90m(file:///Users/ferryhinardi/Project/supertool/[39mnode_modules/[4m.pnpm[24m/idb@8.0.3/node_modules/[4midb[24m/build/index.js:168:31[90m)[39m
    at getDB [90m(/Users/ferryhinardi/Project/supertool/[39mlib/services/recent-tools.ts:35:22[90m)[39m
    at addRecentTool [90m(/Users/ferryhinardi/Project/supertool/[39mlib/services/recent-tools.ts:53:22[90m)[39m
    at [90m/Users/ferryhinardi/Project/supertool/[39mhooks/tools/useRecentTools.ts:69:7
    at Object.react_stack_bottom_frame [90m(/Users/ferryhinardi/Project/supertool/[39mnode_modules/[4m.pnpm[24m/react-dom@19.2.0_react@19.2.0/node_modules/[4mreact-dom[24m/cjs/react-dom-client.development.js:25989:20[90m)[39m
    at runWithFiberInDEV [90m(/Users/ferryhinardi/Project/supertool/[39mnode_modules/[4m.pnpm[24m/react-dom@19.2.0_react@19.2.0/node_modules/[4mreact-dom[24m/cjs/react-dom-client.development.js:874:13[90m)[39m
    at commitHookEffectListMount [90m(/Users/ferryhinardi/Project/supertool/[39mnode_modules/[4m.pnpm[24m/react-dom@19.2.0_react@19.2.0/node_modules/[4mreact-dom[24m/cjs/react-dom-client.development.js:13249:29[90m)[39m
    at commitHookPassiveMountEffects [90m(/Users/ferryhinardi/Project/supertool/[39mnode_modules/[4m.pnpm[24m/react-dom@19.2.0_react@19.2.0/node_modules/[4mreact-dom[24m/cjs/react-dom-client.development.js:13336:11[90m)[39m
    at commitPassiveMountOnFiber [90m(/Users/ferryhinardi/Project/supertool/[39mnode_modules/[4m.pnpm[24m/react-dom@19.2.0_react@19.2.0/node_modules/[4mreact-dom[24m/cjs/react-dom-client.development.js:15484:13[90m)[39m
    at recursivelyTraversePassiveMountEffects [90m(/Users/ferryhinardi/Project/supertool/[39mnode_modules/[4m.pnpm[24m/react-dom@19.2.0_react@19.2.0/node_modules/[4mreact-dom[24m/cjs/react-dom-client.development.js:15439:11[90m)[39m
An update to ToolRating inside a test was not wrapped in act(...).

When testing, code that causes React state updates should be wrapped into act(...):

act(() => {
  /* fire events that update state */
});
/* assert on the output */

This ensures that you're testing the behavior the user would see in the browser. Learn more at https://react.dev/link/wrap-tests-with-act

[90mstderr[2m | app/tools/data/json-beautify/__tests__/page.test.tsx[2m > [22m[2mJSON Beautifier Page[2m > [22m[2mJSON Examples[2m > [22m[2mshould load example when clicked
[22m[39mFailed to add recent tool: TypeError: indexedDB.open is not a function
    at openDB [90m(file:///Users/ferryhinardi/Project/supertool/[39mnode_modules/[4m.pnpm[24m/idb@8.0.3/node_modules/[4midb[24m/build/index.js:168:31[90m)[39m
    at getDB [90m(/Users/ferryhinardi/Project/supertool/[39mlib/services/recent-tools.ts:35:22[90m)[39m
    at addRecentTool [90m(/Users/ferryhinardi/Project/supertool/[39mlib/services/recent-tools.ts:53:22[90m)[39m
    at [90m/Users/ferryhinardi/Project/supertool/[39mhooks/tools/useRecentTools.ts:69:7
    at Object.react_stack_bottom_frame [90m(/Users/ferryhinardi/Project/supertool/[39mnode_modules/[4m.pnpm[24m/react-dom@19.2.0_react@19.2.0/node_modules/[4mreact-dom[24m/cjs/react-dom-client.development.js:25989:20[90m)[39m
    at runWithFiberInDEV [90m(/Users/ferryhinardi/Project/supertool/[39mnode_modules/[4m.pnpm[24m/react-dom@19.2.0_react@19.2.0/node_modules/[4mreact-dom[24m/cjs/react-dom-client.development.js:874:13[90m)[39m
    at commitHookEffectListMount [90m(/Users/ferryhinardi/Project/supertool/[39mnode_modules/[4m.pnpm[24m/react-dom@19.2.0_react@19.2.0/node_modules/[4mreact-dom[24m/cjs/react-dom-client.development.js:13249:29[90m)[39m
    at commitHookPassiveMountEffects [90m(/Users/ferryhinardi/Project/supertool/[39mnode_modules/[4m.pnpm[24m/react-dom@19.2.0_react@19.2.0/node_modules/[4mreact-dom[24m/cjs/react-dom-client.development.js:13336:11[90m)[39m
    at reconnectPassiveEffects [90m(/Users/ferryhinardi/Project/supertool/[39mnode_modules/[4m.pnpm[24m/react-dom@19.2.0_react@19.2.0/node_modules/[4mreact-dom[24m/cjs/react-dom-client.development.js:15832:11[90m)[39m
    at recursivelyTraverseReconnectPassiveEffects [90m(/Users/ferryhinardi/Project/supertool/[39mnode_modules/[4m.pnpm[24m/react-dom@19.2.0_react@19.2.0/node_modules/[4mreact-dom[24m/cjs/react-dom-client.development.js:15784:9[90m)[39m
Failed to add recent tool: TypeError: indexedDB.open is not a function
    at openDB [90m(file:///Users/ferryhinardi/Project/supertool/[39mnode_modules/[4m.pnpm[24m/idb@8.0.3/node_modules/[4midb[24m/build/index.js:168:31[90m)[39m
    at getDB [90m(/Users/ferryhinardi/Project/supertool/[39mlib/services/recent-tools.ts:35:22[90m)[39m
    at addRecentTool [90m(/Users/ferryhinardi/Project/supertool/[39mlib/services/recent-tools.ts:53:22[90m)[39m
    at [90m/Users/ferryhinardi/Project/supertool/[39mhooks/tools/useRecentTools.ts:69:7
    at Object.react_stack_bottom_frame [90m(/Users/ferryhinardi/Project/supertool/[39mnode_modules/[4m.pnpm[24m/react-dom@19.2.0_react@19.2.0/node_modules/[4mreact-dom[24m/cjs/react-dom-client.development.js:25989:20[90m)[39m
    at runWithFiberInDEV [90m(/Users/ferryhinardi/Project/supertool/[39mnode_modules/[4m.pnpm[24m/react-dom@19.2.0_react@19.2.0/node_modules/[4mreact-dom[24m/cjs/react-dom-client.development.js:874:13[90m)[39m
    at commitHookEffectListMount [90m(/Users/ferryhinardi/Project/supertool/[39mnode_modules/[4m.pnpm[24m/react-dom@19.2.0_react@19.2.0/node_modules/[4mreact-dom[24m/cjs/react-dom-client.development.js:13249:29[90m)[39m
    at commitHookPassiveMountEffects [90m(/Users/ferryhinardi/Project/supertool/[39mnode_modules/[4m.pnpm[24m/react-dom@19.2.0_react@19.2.0/node_modules/[4mreact-dom[24m/cjs/react-dom-client.development.js:13336:11[90m)[39m
    at commitPassiveMountOnFiber [90m(/Users/ferryhinardi/Project/supertool/[39mnode_modules/[4m.pnpm[24m/react-dom@19.2.0_react@19.2.0/node_modules/[4mreact-dom[24m/cjs/react-dom-client.development.js:15484:13[90m)[39m
    at recursivelyTraversePassiveMountEffects [90m(/Users/ferryhinardi/Project/supertool/[39mnode_modules/[4m.pnpm[24m/react-dom@19.2.0_react@19.2.0/node_modules/[4mreact-dom[24m/cjs/react-dom-client.development.js:15439:11[90m)[39m

[90mstderr[2m | app/tools/media/image-optimizer/__tests__/page.test.tsx[2m > [22m[2mImage Optimizer Page[2m > [22m[2mFeatures Section[2m > [22m[2mshould render Multiple Formats feature
[22m[39mAn update to ToolRating inside a test was not wrapped in act(...).

When testing, code that causes React state updates should be wrapped into act(...):

act(() => {
  /* fire events that update state */
});
/* assert on the output */

This ensures that you're testing the behavior the user would see in the browser. Learn more at https://react.dev/link/wrap-tests-with-act

[90mstderr[2m | app/tools/media/image-optimizer/__tests__/page.test.tsx[2m > [22m[2mImage Optimizer Page[2m > [22m[2mHow to Use Section[2m > [22m[2mshould render How to Use heading
[22m[39mAn update to ToolRating inside a test was not wrapped in act(...).

When testing, code that causes React state updates should be wrapped into act(...):

act(() => {
  /* fire events that update state */
});
/* assert on the output */

This ensures that you're testing the behavior the user would see in the browser. Learn more at https://react.dev/link/wrap-tests-with-act

[90mstderr[2m | app/tools/media/image-optimizer/__tests__/page.test.tsx[2m > [22m[2mImage Optimizer Page[2m > [22m[2mHow to Use Section[2m > [22m[2mshould render step 1: Upload Your Images
[22m[39mAn update to ToolRating inside a test was not wrapped in act(...).

When testing, code that causes React state updates should be wrapped into act(...):

act(() => {
  /* fire events that update state */
});
/* assert on the output */

This ensures that you're testing the behavior the user would see in the browser. Learn more at https://react.dev/link/wrap-tests-with-act

[90mstderr[2m | app/tools/media/image-optimizer/__tests__/page.test.tsx[2m > [22m[2mImage Optimizer Page[2m > [22m[2mHow to Use Section[2m > [22m[2mshould render step 2: Configure Settings
[22m[39mAn update to ToolRating inside a test was not wrapped in act(...).

When testing, code that causes React state updates should be wrapped into act(...):

act(() => {
  /* fire events that update state */
});
/* assert on the output */

This ensures that you're testing the behavior the user would see in the browser. Learn more at https://react.dev/link/wrap-tests-with-act

[90mstderr[2m | app/tools/data/json-beautify/__tests__/page.test.tsx[2m > [22m[2mJSON Beautifier Page[2m > [22m[2mJSON Examples[2m > [22m[2mshould load example when clicked
[22m[39mFailed to add recent tool: TypeError: indexedDB.open is not a function
    at openDB [90m(file:///Users/ferryhinardi/Project/supertool/[39mnode_modules/[4m.pnpm[24m/idb@8.0.3/node_modules/[4midb[24m/build/index.js:168:31[90m)[39m
    at getDB [90m(/Users/ferryhinardi/Project/supertool/[39mlib/services/recent-tools.ts:35:22[90m)[39m
    at addRecentTool [90m(/Users/ferryhinardi/Project/supertool/[39mlib/services/recent-tools.ts:53:22[90m)[39m
    at [90m/Users/ferryhinardi/Project/supertool/[39mhooks/tools/useRecentTools.ts:69:7
    at Object.react_stack_bottom_frame [90m(/Users/ferryhinardi/Project/supertool/[39mnode_modules/[4m.pnpm[24m/react-dom@19.2.0_react@19.2.0/node_modules/[4mreact-dom[24m/cjs/react-dom-client.development.js:25989:20[90m)[39m
    at runWithFiberInDEV [90m(/Users/ferryhinardi/Project/supertool/[39mnode_modules/[4m.pnpm[24m/react-dom@19.2.0_react@19.2.0/node_modules/[4mreact-dom[24m/cjs/react-dom-client.development.js:874:13[90m)[39m
    at commitHookEffectListMount [90m(/Users/ferryhinardi/Project/supertool/[39mnode_modules/[4m.pnpm[24m/react-dom@19.2.0_react@19.2.0/node_modules/[4mreact-dom[24m/cjs/react-dom-client.development.js:13249:29[90m)[39m
    at commitHookPassiveMountEffects [90m(/Users/ferryhinardi/Project/supertool/[39mnode_modules/[4m.pnpm[24m/react-dom@19.2.0_react@19.2.0/node_modules/[4mreact-dom[24m/cjs/react-dom-client.development.js:13336:11[90m)[39m
    at commitPassiveMountOnFiber [90m(/Users/ferryhinardi/Project/supertool/[39mnode_modules/[4m.pnpm[24m/react-dom@19.2.0_react@19.2.0/node_modules/[4mreact-dom[24m/cjs/react-dom-client.development.js:15484:13[90m)[39m
    at recursivelyTraversePassiveMountEffects [90m(/Users/ferryhinardi/Project/supertool/[39mnode_modules/[4m.pnpm[24m/react-dom@19.2.0_react@19.2.0/node_modules/[4mreact-dom[24m/cjs/react-dom-client.development.js:15439:11[90m)[39m

[90mstderr[2m | app/tools/media/image-optimizer/__tests__/page.test.tsx[2m > [22m[2mImage Optimizer Page[2m > [22m[2mHow to Use Section[2m > [22m[2mshould render step 3: Optimize Images
[22m[39mAn update to ToolRating inside a test was not wrapped in act(...).

When testing, code that causes React state updates should be wrapped into act(...):

act(() => {
  /* fire events that update state */
});
/* assert on the output */

This ensures that you're testing the behavior the user would see in the browser. Learn more at https://react.dev/link/wrap-tests-with-act

[90mstderr[2m | app/tools/media/image-optimizer/__tests__/page.test.tsx[2m > [22m[2mImage Optimizer Page[2m > [22m[2mHow to Use Section[2m > [22m[2mshould render step 4: Download Optimized Files
[22m[39mAn update to ToolRating inside a test was not wrapped in act(...).

When testing, code that causes React state updates should be wrapped into act(...):

act(() => {
  /* fire events that update state */
});
/* assert on the output */

This ensures that you're testing the behavior the user would see in the browser. Learn more at https://react.dev/link/wrap-tests-with-act

[90mstderr[2m | app/tools/media/image-optimizer/__tests__/page.test.tsx[2m > [22m[2mImage Optimizer Page[2m > [22m[2mHow to Use Section[2m > [22m[2mshould render step badges (1, 2, 3, 4)
[22m[39mAn update to ToolRating inside a test was not wrapped in act(...).

When testing, code that causes React state updates should be wrapped into act(...):

act(() => {
  /* fire events that update state */
});
/* assert on the output */

This ensures that you're testing the behavior the user would see in the browser. Learn more at https://react.dev/link/wrap-tests-with-act

[90mstderr[2m | app/tools/media/image-optimizer/__tests__/page.test.tsx[2m > [22m[2mImage Optimizer Page[2m > [22m[2mFAQ Section[2m > [22m[2mshould render FAQ accordion
[22m[39mAn update to ToolRating inside a test was not wrapped in act(...).

When testing, code that causes React state updates should be wrapped into act(...):

act(() => {
  /* fire events that update state */
});
/* assert on the output */

This ensures that you're testing the behavior the user would see in the browser. Learn more at https://react.dev/link/wrap-tests-with-act

[90mstderr[2m | app/tools/media/image-optimizer/__tests__/page.test.tsx[2m > [22m[2mImage Optimizer Page[2m > [22m[2mFAQ Section[2m > [22m[2mshould render quality setting FAQ
[22m[39mAn update to ToolRating inside a test was not wrapped in act(...).

When testing, code that causes React state updates should be wrapped into act(...):

act(() => {
  /* fire events that update state */
});
/* assert on the output */

This ensures that you're testing the behavior the user would see in the browser. Learn more at https://react.dev/link/wrap-tests-with-act

[90mstderr[2m | app/tools/media/image-optimizer/__tests__/page.test.tsx[2m > [22m[2mImage Optimizer Page[2m > [22m[2mFAQ Section[2m > [22m[2mshould render batch processing FAQ
[22m[39mAn update to ToolRating inside a test was not wrapped in act(...).

When testing, code that causes React state updates should be wrapped into act(...):

act(() => {
  /* fire events that update state */
});
/* assert on the output */

This ensures that you're testing the behavior the user would see in the browser. Learn more at https://react.dev/link/wrap-tests-with-act

[90mstderr[2m | app/tools/media/image-optimizer/__tests__/page.test.tsx[2m > [22m[2mImage Optimizer Page[2m > [22m[2mFAQ Section[2m > [22m[2mshould render supported formats FAQ
[22m[39mAn update to ToolRating inside a test was not wrapped in act(...).

When testing, code that causes React state updates should be wrapped into act(...):

act(() => {
  /* fire events that update state */
});
/* assert on the output */

This ensures that you're testing the behavior the user would see in the browser. Learn more at https://react.dev/link/wrap-tests-with-act

[90mstderr[2m | app/tools/media/image-optimizer/__tests__/page.test.tsx[2m > [22m[2mImage Optimizer Page[2m > [22m[2mFAQ Section[2m > [22m[2mshould render WebP format FAQ
[22m[39mAn update to ToolRating inside a test was not wrapped in act(...).

When testing, code that causes React state updates should be wrapped into act(...):

act(() => {
  /* fire events that update state */
});
/* assert on the output */

This ensures that you're testing the behavior the user would see in the browser. Learn more at https://react.dev/link/wrap-tests-with-act

[90mstderr[2m | app/tools/media/image-optimizer/__tests__/page.test.tsx[2m > [22m[2mImage Optimizer Page[2m > [22m[2mFAQ Section[2m > [22m[2mshould render resize FAQ
[22m[39mAn update to ToolRating inside a test was not wrapped in act(...).

When testing, code that causes React state updates should be wrapped into act(...):

act(() => {
  /* fire events that update state */
});
/* assert on the output */

This ensures that you're testing the behavior the user would see in the browser. Learn more at https://react.dev/link/wrap-tests-with-act

[90mstderr[2m | app/tools/media/image-optimizer/__tests__/page.test.tsx[2m > [22m[2mImage Optimizer Page[2m > [22m[2mFAQ Section[2m > [22m[2mshould render file size reduction FAQ
[22m[39mAn update to ToolRating inside a test was not wrapped in act(...).

When testing, code that causes React state updates should be wrapped into act(...):

act(() => {
  /* fire events that update state */
});
/* assert on the output */

This ensures that you're testing the behavior the user would see in the browser. Learn more at https://react.dev/link/wrap-tests-with-act

[90mstderr[2m | app/tools/media/image-optimizer/__tests__/page.test.tsx[2m > [22m[2mImage Optimizer Page[2m > [22m[2mFAQ Section[2m > [22m[2mshould render privacy FAQ
[22m[39mAn update to ToolRating inside a test was not wrapped in act(...).

When testing, code that causes React state updates should be wrapped into act(...):

act(() => {
  /* fire events that update state */
});
/* assert on the output */

This ensures that you're testing the behavior the user would see in the browser. Learn more at https://react.dev/link/wrap-tests-with-act

[90mstderr[2m | app/tools/media/image-optimizer/__tests__/page.test.tsx[2m > [22m[2mImage Optimizer Page[2m > [22m[2mFAQ Section[2m > [22m[2mshould render download FAQ
[22m[39mAn update to ToolRating inside a test was not wrapped in act(...).

When testing, code that causes React state updates should be wrapped into act(...):

act(() => {
  /* fire events that update state */
});
/* assert on the output */

This ensures that you're testing the behavior the user would see in the browser. Learn more at https://react.dev/link/wrap-tests-with-act

[90mstderr[2m | app/tools/media/image-optimizer/__tests__/page.test.tsx[2m > [22m[2mImage Optimizer Page[2m > [22m[2mFAQ Section[2m > [22m[2mshould render file size limit FAQ
[22m[39mAn update to ToolRating inside a test was not wrapped in act(...).

When testing, code that causes React state updates should be wrapped into act(...):

act(() => {
  /* fire events that update state */
});
/* assert on the output */

This ensures that you're testing the behavior the user would see in the browser. Learn more at https://react.dev/link/wrap-tests-with-act

[90mstderr[2m | app/tools/media/image-optimizer/__tests__/page.test.tsx[2m > [22m[2mImage Optimizer Page[2m > [22m[2mSocial Share Section[2m > [22m[2mshould render SocialShare component
[22m[39mAn update to ToolRating inside a test was not wrapped in act(...).

When testing, code that causes React state updates should be wrapped into act(...):

act(() => {
  /* fire events that update state */
});
/* assert on the output */

This ensures that you're testing the behavior the user would see in the browser. Learn more at https://react.dev/link/wrap-tests-with-act

[90mstderr[2m | app/tools/media/image-optimizer/__tests__/page.test.tsx[2m > [22m[2mImage Optimizer Page[2m > [22m[2mRelated Tools Section[2m > [22m[2mshould render RelatedTools component
[22m[39mAn update to ToolRating inside a test was not wrapped in act(...).

When testing, code that causes React state updates should be wrapped into act(...):

act(() => {
  /* fire events that update state */
});
/* assert on the output */

This ensures that you're testing the behavior the user would see in the browser. Learn more at https://react.dev/link/wrap-tests-with-act

[90mstderr[2m | app/tools/media/image-optimizer/__tests__/page.test.tsx[2m > [22m[2mImage Optimizer Page[2m > [22m[2mTool Rating Section[2m > [22m[2mshould render ToolRating component
[22m[39mAn update to ToolRating inside a test was not wrapped in act(...).

When testing, code that causes React state updates should be wrapped into act(...):

act(() => {
  /* fire events that update state */
});
/* assert on the output */

This ensures that you're testing the behavior the user would see in the browser. Learn more at https://react.dev/link/wrap-tests-with-act

[90mstderr[2m | app/tools/media/image-optimizer/__tests__/page.test.tsx[2m > [22m[2mImage Optimizer Page[2m > [22m[2mAccessibility[2m > [22m[2mshould have proper labels for all inputs
[22m[39mAn update to ToolRating inside a test was not wrapped in act(...).

When testing, code that causes React state updates should be wrapped into act(...):

act(() => {
  /* fire events that update state */
});
/* assert on the output */

This ensures that you're testing the behavior the user would see in the browser. Learn more at https://react.dev/link/wrap-tests-with-act

[90mstderr[2m | app/tools/media/image-optimizer/__tests__/page.test.tsx[2m > [22m[2mImage Optimizer Page[2m > [22m[2mAccessibility[2m > [22m[2mshould have proper button text
[22m[39mAn update to ToolRating inside a test was not wrapped in act(...).

When testing, code that causes React state updates should be wrapped into act(...):

act(() => {
  /* fire events that update state */
});
/* assert on the output */

This ensures that you're testing the behavior the user would see in the browser. Learn more at https://react.dev/link/wrap-tests-with-act

[90mstderr[2m | app/tools/media/image-optimizer/__tests__/page.test.tsx[2m > [22m[2mImage Optimizer Page[2m > [22m[2mAccessibility[2m > [22m[2mshould have main landmark
[22m[39mAn update to ToolRating inside a test was not wrapped in act(...).

When testing, code that causes React state updates should be wrapped into act(...):

act(() => {
  /* fire events that update state */
});
/* assert on the output */

This ensures that you're testing the behavior the user would see in the browser. Learn more at https://react.dev/link/wrap-tests-with-act

[90mstderr[2m | app/tools/media/image-optimizer/__tests__/page.test.tsx[2m > [22m[2mImage Optimizer Page[2m > [22m[2mAccessibility[2m > [22m[2mshould have proper heading hierarchy
[22m[39mAn update to ToolRating inside a test was not wrapped in act(...).

When testing, code that causes React state updates should be wrapped into act(...):

act(() => {
  /* fire events that update state */
});
/* assert on the output */

This ensures that you're testing the behavior the user would see in the browser. Learn more at https://react.dev/link/wrap-tests-with-act

[90mstderr[2m | app/tools/media/image-optimizer/__tests__/page.test.tsx[2m > [22m[2mImage Optimizer Page[2m > [22m[2mButton States[2m > [22m[2mshould disable Optimize All button when no images
[22m[39mAn update to ToolRating inside a test was not wrapped in act(...).

When testing, code that causes React state updates should be wrapped into act(...):

act(() => {
  /* fire events that update state */
});
/* assert on the output */

This ensures that you're testing the behavior the user would see in the browser. Learn more at https://react.dev/link/wrap-tests-with-act

[90mstderr[2m | app/tools/media/image-optimizer/__tests__/page.test.tsx[2m > [22m[2mImage Optimizer Page[2m > [22m[2mButton States[2m > [22m[2mshould disable Download All button when no completed images
[22m[39mAn update to ToolRating inside a test was not wrapped in act(...).

When testing, code that causes React state updates should be wrapped into act(...):

act(() => {
  /* fire events that update state */
});
/* assert on the output */

This ensures that you're testing the behavior the user would see in the browser. Learn more at https://react.dev/link/wrap-tests-with-act

[90mstderr[2m | app/tools/media/image-optimizer/__tests__/page.test.tsx[2m > [22m[2mImage Optimizer Page[2m > [22m[2mButton States[2m > [22m[2mshould disable Clear All button when no images
[22m[39mAn update to ToolRating inside a test was not wrapped in act(...).

When testing, code that causes React state updates should be wrapped into act(...):

act(() => {
  /* fire events that update state */
});
/* assert on the output */

This ensures that you're testing the behavior the user would see in the browser. Learn more at https://react.dev/link/wrap-tests-with-act

[90mstderr[2m | app/tools/media/image-optimizer/__tests__/page.test.tsx[2m > [22m[2mImage Optimizer Page[2m > [22m[2mAnalytics Tracking[2m > [22m[2mshould track page view on component mount
[22m[39mAn update to ToolRating inside a test was not wrapped in act(...).

When testing, code that causes React state updates should be wrapped into act(...):

act(() => {
  /* fire events that update state */
});
/* assert on the output */

This ensures that you're testing the behavior the user would see in the browser. Learn more at https://react.dev/link/wrap-tests-with-act

[90mstderr[2m | app/tools/media/image-optimizer/__tests__/page.test.tsx[2m > [22m[2mImage Optimizer Page[2m > [22m[2mVisual Elements[2m > [22m[2mshould render icon elements
[22m[39mAn update to ToolRating inside a test was not wrapped in act(...).

When testing, code that causes React state updates should be wrapped into act(...):

act(() => {
  /* fire events that update state */
});
/* assert on the output */

This ensures that you're testing the behavior the user would see in the browser. Learn more at https://react.dev/link/wrap-tests-with-act

[90mstderr[2m | app/tools/media/image-optimizer/__tests__/page.test.tsx[2m > [22m[2mImage Optimizer Page[2m > [22m[2mVisual Elements[2m > [22m[2mshould render cards with proper styling
[22m[39mAn update to ToolRating inside a test was not wrapped in act(...).

When testing, code that causes React state updates should be wrapped into act(...):

act(() => {
  /* fire events that update state */
});
/* assert on the output */

This ensures that you're testing the behavior the user would see in the browser. Learn more at https://react.dev/link/wrap-tests-with-act

[90mstderr[2m | app/tools/media/image-optimizer/__tests__/page.test.tsx[2m > [22m[2mImage Optimizer Page[2m > [22m[2mResponsive Design[2m > [22m[2mshould render grid layouts
[22m[39mAn update to ToolRating inside a test was not wrapped in act(...).

When testing, code that causes React state updates should be wrapped into act(...):

act(() => {
  /* fire events that update state */
});
/* assert on the output */

This ensures that you're testing the behavior the user would see in the browser. Learn more at https://react.dev/link/wrap-tests-with-act

[90mstderr[2m | app/tools/media/image-optimizer/__tests__/page.test.tsx[2m > [22m[2mImage Optimizer Page[2m > [22m[2mResponsive Design[2m > [22m[2mshould have responsive padding classes
[22m[39mAn update to ToolRating inside a test was not wrapped in act(...).

When testing, code that causes React state updates should be wrapped into act(...):

act(() => {
  /* fire events that update state */
});
/* assert on the output */

This ensures that you're testing the behavior the user would see in the browser. Learn more at https://react.dev/link/wrap-tests-with-act

[90mstderr[2m | app/tools/media/image-optimizer/__tests__/page.test.tsx[2m > [22m[2mImage Optimizer Page[2m > [22m[2mFormat Helpers[2m > [22m[2mshould format bytes correctly in display
[22m[39mAn update to ToolRating inside a test was not wrapped in act(...).

When testing, code that causes React state updates should be wrapped into act(...):

act(() => {
  /* fire events that update state */
});
/* assert on the output */

This ensures that you're testing the behavior the user would see in the browser. Learn more at https://react.dev/link/wrap-tests-with-act

[90mstderr[2m | app/tools/media/image-optimizer/__tests__/page.test.tsx[2m > [22m[2mImage Optimizer Page[2m > [22m[2mError Handling[2m > [22m[2mshould handle missing elements gracefully
[22m[39mAn update to ToolRating inside a test was not wrapped in act(...).

When testing, code that causes React state updates should be wrapped into act(...):

act(() => {
  /* fire events that update state */
});
/* assert on the output */

This ensures that you're testing the behavior the user would see in the browser. Learn more at https://react.dev/link/wrap-tests-with-act

[90mstderr[2m | app/tools/media/image-optimizer/__tests__/page.test.tsx[2m > [22m[2mImage Optimizer Page[2m > [22m[2mInput Validation[2m > [22m[2mshould have min/max constraints on quality slider
[22m[39mAn update to ToolRating inside a test was not wrapped in act(...).

When testing, code that causes React state updates should be wrapped into act(...):

act(() => {
  /* fire events that update state */
});
/* assert on the output */

This ensures that you're testing the behavior the user would see in the browser. Learn more at https://react.dev/link/wrap-tests-with-act

[90mstderr[2m | app/tools/media/image-optimizer/__tests__/page.test.tsx[2m > [22m[2mImage Optimizer Page[2m > [22m[2mInput Validation[2m > [22m[2mshould have min/max constraints on width input
[22m[39mAn update to ToolRating inside a test was not wrapped in act(...).

When testing, code that causes React state updates should be wrapped into act(...):

act(() => {
  /* fire events that update state */
});
/* assert on the output */

This ensures that you're testing the behavior the user would see in the browser. Learn more at https://react.dev/link/wrap-tests-with-act

[90mstderr[2m | app/tools/media/image-optimizer/__tests__/page.test.tsx[2m > [22m[2mImage Optimizer Page[2m > [22m[2mInput Validation[2m > [22m[2mshould have min/max constraints on height input
[22m[39mAn update to ToolRating inside a test was not wrapped in act(...).

When testing, code that causes React state updates should be wrapped into act(...):

act(() => {
  /* fire events that update state */
});
/* assert on the output */

This ensures that you're testing the behavior the user would see in the browser. Learn more at https://react.dev/link/wrap-tests-with-act

[90mstderr[2m | app/tools/media/image-optimizer/__tests__/page.test.tsx[2m > [22m[2mImage Optimizer Page[2m > [22m[2mStats Display[2m > [22m[2mshould not show stats summary initially (no images)
[22m[39mAn update to ToolRating inside a test was not wrapped in act(...).

When testing, code that causes React state updates should be wrapped into act(...):

act(() => {
  /* fire events that update state */
});
/* assert on the output */

This ensures that you're testing the behavior the user would see in the browser. Learn more at https://react.dev/link/wrap-tests-with-act

[90mstderr[2m | app/tools/media/image-optimizer/__tests__/page.test.tsx[2m > [22m[2mImage Optimizer Page[2m > [22m[2mLayout Sections[2m > [22m[2mshould render settings panel card
[22m[39mAn update to ToolRating inside a test was not wrapped in act(...).

When testing, code that causes React state updates should be wrapped into act(...):

act(() => {
  /* fire events that update state */
});
/* assert on the output */

This ensures that you're testing the behavior the user would see in the browser. Learn more at https://react.dev/link/wrap-tests-with-act

[90mstderr[2m | app/tools/media/image-optimizer/__tests__/page.test.tsx[2m > [22m[2mImage Optimizer Page[2m > [22m[2mLayout Sections[2m > [22m[2mshould render upload panel card
[22m[39mAn update to ToolRating inside a test was not wrapped in act(...).

When testing, code that causes React state updates should be wrapped into act(...):

act(() => {
  /* fire events that update state */
});
/* assert on the output */

This ensures that you're testing the behavior the user would see in the browser. Learn more at https://react.dev/link/wrap-tests-with-act

[90mstderr[2m | app/tools/media/image-optimizer/__tests__/page.test.tsx[2m > [22m[2mImage Optimizer Page[2m > [22m[2mLayout Sections[2m > [22m[2mshould render features grid
[22m[39mAn update to ToolRating inside a test was not wrapped in act(...).

When testing, code that causes React state updates should be wrapped into act(...):

act(() => {
  /* fire events that update state */
});
/* assert on the output */

This ensures that you're testing the behavior the user would see in the browser. Learn more at https://react.dev/link/wrap-tests-with-act

 [31m❯[39m app/tools/media/image-optimizer/__tests__/page.test.tsx [2m([22m[2m68 tests[22m[2m | [22m[31m20 failed[39m[2m)[22m[33m 2613[2mms[22m[39m
[31m       [31m×[31m should render the page without crashing[39m[32m 158[2mms[22m[39m
[31m       [31m×[31m should render the main heading[39m[32m 75[2mms[22m[39m
       [32m✓[39m should render the description text[32m 62[2mms[22m[39m
       [32m✓[39m should render the Professional Image Optimization badge[32m 46[2mms[22m[39m
       [32m✓[39m should track page view on mount[32m 28[2mms[22m[39m
       [32m✓[39m should render optimization settings section[32m 29[2mms[22m[39m
       [32m✓[39m should render output format buttons[32m 41[2mms[22m[39m
[31m       [31m×[31m should render quality slider[39m[32m 68[2mms[22m[39m
       [32m✓[39m should display default quality value (80%)[32m 29[2mms[22m[39m
       [32m✓[39m should render max width input[32m 45[2mms[22m[39m
       [32m✓[39m should render max height input[32m 35[2mms[22m[39m
       [32m✓[39m should render maintain aspect ratio checkbox[32m 35[2mms[22m[39m
[31m       [31m×[31m should render Optimize All Images button[39m[32m 40[2mms[22m[39m
[31m       [31m×[31m should render Download All button[39m[32m 54[2mms[22m[39m
       [32m✓[39m should render Clear All button[32m 21[2mms[22m[39m
       [32m✓[39m should change output format to PNG when clicked[32m 78[2mms[22m[39m
       [32m✓[39m should change output format to WEBP when clicked[32m 55[2mms[22m[39m
[31m       [31m×[31m should update quality when slider is changed[39m[32m 51[2mms[22m[39m
       [32m✓[39m should update max width input[32m 72[2mms[22m[39m
       [32m✓[39m should update max height input[32m 97[2mms[22m[39m
       [32m✓[39m should toggle maintain aspect ratio checkbox[32m 87[2mms[22m[39m
       [32m✓[39m should render upload zone initially[32m 39[2mms[22m[39m
       [32m✓[39m should display Images section header[32m 39[2mms[22m[39m
       [32m✓[39m should show supported formats in description[32m 38[2mms[22m[39m
       [32m✓[39m should render Smart Compression feature[32m 40[2mms[22m[39m
[31m       [31m×[31m should render Batch Processing feature[39m[32m 38[2mms[22m[39m
       [32m✓[39m should render Resize & Convert feature[32m 33[2mms[22m[39m
[31m       [31m×[31m should render Multiple Formats feature[39m[32m 41[2mms[22m[39m
       [32m✓[39m should render How to Use heading[32m 21[2mms[22m[39m
       [32m✓[39m should render step 1: Upload Your Images[32m 25[2mms[22m[39m
       [32m✓[39m should render step 2: Configure Settings[32m 27[2mms[22m[39m
       [32m✓[39m should render step 3: Optimize Images[32m 24[2mms[22m[39m
       [32m✓[39m should render step 4: Download Optimized Files[32m 25[2mms[22m[39m
[31m       [31m×[31m should render step badges (1, 2, 3, 4)[39m[32m 23[2mms[22m[39m
       [32m✓[39m should render FAQ accordion[32m 21[2mms[22m[39m
       [32m✓[39m should render quality setting FAQ[32m 22[2mms[22m[39m
       [32m✓[39m should render batch processing FAQ[32m 20[2mms[22m[39m
       [32m✓[39m should render supported formats FAQ[32m 22[2mms[22m[39m
       [32m✓[39m should render WebP format FAQ[32m 20[2mms[22m[39m
       [32m✓[39m should render resize FAQ[32m 21[2mms[22m[39m
       [32m✓[39m should render file size reduction FAQ[32m 22[2mms[22m[39m
       [32m✓[39m should render privacy FAQ[32m 26[2mms[22m[39m
       [32m✓[39m should render download FAQ[32m 23[2mms[22m[39m
       [32m✓[39m should render file size limit FAQ[32m 22[2mms[22m[39m
[31m       [31m×[31m should render SocialShare component[39m[32m 27[2mms[22m[39m
[31m       [31m×[31m should render RelatedTools component[39m[32m 21[2mms[22m[39m
[31m       [31m×[31m should render ToolRating component[39m[32m 21[2mms[22m[39m
[31m       [31m×[31m should have proper labels for all inputs[39m[32m 47[2mms[22m[39m
[31m       [31m×[31m should have proper button text[39m[32m 29[2mms[22m[39m
       [32m✓[39m should have main landmark[32m 23[2mms[22m[39m
       [32m✓[39m should have proper heading hierarchy[32m 23[2mms[22m[39m
[31m       [31m×[31m should disable Optimize All button when no images[39m[32m 42[2mms[22m[39m
[31m       [31m×[31m should disable Download All button when no completed images[39m[32m 39[2mms[22m[39m
       [32m✓[39m should disable Clear All button when no images[32m 31[2mms[22m[39m
       [32m✓[39m should track page view on component mount[32m 30[2mms[22m[39m
       [32m✓[39m should render icon elements[32m 29[2mms[22m[39m
       [32m✓[39m should render cards with proper styling[32m 30[2mms[22m[39m
       [32m✓[39m should render grid layouts[32m 29[2mms[22m[39m
       [32m✓[39m should have responsive padding classes[32m 27[2mms[22m[39m
[31m       [31m×[31m should format bytes correctly in display[39m[32m 45[2mms[22m[39m
[31m       [31m×[31m should handle missing elements gracefully[39m[32m 40[2mms[22m[39m
[31m       [31m×[31m should have min/max constraints on quality slider[39m[32m 55[2mms[22m[39m
       [32m✓[39m should have min/max constraints on width input[32m 44[2mms[22m[39m
       [32m✓[39m should have min/max constraints on height input[32m 33[2mms[22m[39m
       [32m✓[39m should not show stats summary initially (no images)[32m 22[2mms[22m[39m
       [32m✓[39m should render settings panel card[32m 20[2mms[22m[39m
       [32m✓[39m should render upload panel card[32m 21[2mms[22m[39m
[31m       [31m×[31m should render features grid[39m[32m 36[2mms[22m[39m
[90mstderr[2m | app/tools/productivity/qr-code/__tests__/page.test.tsx[2m > [22m[2mQR Code Generator Page[2m > [22m[2mPage Rendering[2m > [22m[2mshould render the page without crashing
[22m[39mAn update to ToolRating inside a test was not wrapped in act(...).

When testing, code that causes React state updates should be wrapped into act(...):

act(() => {
  /* fire events that update state */
});
/* assert on the output */

This ensures that you're testing the behavior the user would see in the browser. Learn more at https://react.dev/link/wrap-tests-with-act

[90mstderr[2m | app/tools/productivity/url-shortener/__tests__/page.test.tsx[2m > [22m[2mURL Shortener Page[2m > [22m[2mRendering[2m > [22m[2mrenders the page without crashing
[22m[39mAn update to ToolRating inside a test was not wrapped in act(...).

When testing, code that causes React state updates should be wrapped into act(...):

act(() => {
  /* fire events that update state */
});
/* assert on the output */

This ensures that you're testing the behavior the user would see in the browser. Learn more at https://react.dev/link/wrap-tests-with-act
Failed to load shortened URLs: TypeError: Failed to parse URL from /api/urls
[90m    at node:internal/deps/undici/undici:13185:13[39m
[90m    at processTicksAndRejections (node:internal/process/task_queues:95:5)[39m
    at fetchUrls [90m(/Users/ferryhinardi/Project/supertool/[39mapp/tools/productivity/url-shortener/page.tsx:111:26[90m)[39m {
  [cause]: TypeError: Invalid URL
  [90m    at new URL (node:internal/url:806:29)[39m
      at new URL$1 [90m(file:///Users/ferryhinardi/Project/supertool/[39mnode_modules/[4m.pnpm[24m/vitest@4.0.13_@types+debug@4.1.12_@types+node@20.19.25_@vitest+browser-playwright@4.0.1_5f4fe68db18818f65b5f727c10b767b0/node_modules/[4mvitest[24m/dist/chunks/index.QWbK7rHY.js:556:9[90m)[39m
  [90m    at new Request (node:internal/deps/undici/undici:9276:25)[39m
  [90m    at fetch (node:internal/deps/undici/undici:10005:25)[39m
  [90m    at fetch (node:internal/deps/undici/undici:13183:10)[39m
  [90m    at fetch (node:internal/bootstrap/web/exposed-window-or-worker:72:12)[39m
      at fetchUrls [90m(/Users/ferryhinardi/Project/supertool/[39mapp/tools/productivity/url-shortener/page.tsx:111:32[90m)[39m
      at [90m/Users/ferryhinardi/Project/supertool/[39mapp/tools/productivity/url-shortener/page.tsx:140:5
      at Object.react_stack_bottom_frame [90m(/Users/ferryhinardi/Project/supertool/[39mnode_modules/[4m.pnpm[24m/react-dom@19.2.0_react@19.2.0/node_modules/[4mreact-dom[24m/cjs/react-dom-client.development.js:25989:20[90m)[39m
      at runWithFiberInDEV [90m(/Users/ferryhinardi/Project/supertool/[39mnode_modules/[4m.pnpm[24m/react-dom@19.2.0_react@19.2.0/node_modules/[4mreact-dom[24m/cjs/react-dom-client.development.js:874:13[90m)[39m {
    code: [32m'ERR_INVALID_URL'[39m,
    input: [32m'/api/urls'[39m
  }
}

[90mstderr[2m | app/tools/productivity/url-shortener/__tests__/page.test.tsx[2m > [22m[2mURL Shortener Page[2m > [22m[2mRendering[2m > [22m[2mdisplays URL input field
[22m[39mAn update to ToolRating inside a test was not wrapped in act(...).

When testing, code that causes React state updates should be wrapped into act(...):

act(() => {
  /* fire events that update state */
});
/* assert on the output */

This ensures that you're testing the behavior the user would see in the browser. Learn more at https://react.dev/link/wrap-tests-with-act
Failed to load shortened URLs: TypeError: Failed to parse URL from /api/urls
[90m    at node:internal/deps/undici/undici:13185:13[39m
[90m    at processTicksAndRejections (node:internal/process/task_queues:95:5)[39m
    at fetchUrls [90m(/Users/ferryhinardi/Project/supertool/[39mapp/tools/productivity/url-shortener/page.tsx:111:26[90m)[39m {
  [cause]: TypeError: Invalid URL
  [90m    at new URL (node:internal/url:806:29)[39m
      at new URL$1 [90m(file:///Users/ferryhinardi/Project/supertool/[39mnode_modules/[4m.pnpm[24m/vitest@4.0.13_@types+debug@4.1.12_@types+node@20.19.25_@vitest+browser-playwright@4.0.1_5f4fe68db18818f65b5f727c10b767b0/node_modules/[4mvitest[24m/dist/chunks/index.QWbK7rHY.js:556:9[90m)[39m
  [90m    at new Request (node:internal/deps/undici/undici:9276:25)[39m
  [90m    at fetch (node:internal/deps/undici/undici:10005:25)[39m
  [90m    at fetch (node:internal/deps/undici/undici:13183:10)[39m
  [90m    at fetch (node:internal/bootstrap/web/exposed-window-or-worker:72:12)[39m
      at fetchUrls [90m(/Users/ferryhinardi/Project/supertool/[39mapp/tools/productivity/url-shortener/page.tsx:111:32[90m)[39m
      at [90m/Users/ferryhinardi/Project/supertool/[39mapp/tools/productivity/url-shortener/page.tsx:140:5
      at Object.react_stack_bottom_frame [90m(/Users/ferryhinardi/Project/supertool/[39mnode_modules/[4m.pnpm[24m/react-dom@19.2.0_react@19.2.0/node_modules/[4mreact-dom[24m/cjs/react-dom-client.development.js:25989:20[90m)[39m
      at runWithFiberInDEV [90m(/Users/ferryhinardi/Project/supertool/[39mnode_modules/[4m.pnpm[24m/react-dom@19.2.0_react@19.2.0/node_modules/[4mreact-dom[24m/cjs/react-dom-client.development.js:874:13[90m)[39m {
    code: [32m'ERR_INVALID_URL'[39m,
    input: [32m'/api/urls'[39m
  }
}

[90mstderr[2m | app/tools/productivity/url-shortener/__tests__/page.test.tsx[2m > [22m[2mURL Shortener Page[2m > [22m[2mRendering[2m > [22m[2mrenders URL input textbox
[22m[39mAn update to ToolRating inside a test was not wrapped in act(...).

When testing, code that causes React state updates should be wrapped into act(...):

act(() => {
  /* fire events that update state */
});
/* assert on the output */

This ensures that you're testing the behavior the user would see in the browser. Learn more at https://react.dev/link/wrap-tests-with-act
Failed to load shortened URLs: TypeError: Failed to parse URL from /api/urls
[90m    at node:internal/deps/undici/undici:13185:13[39m
[90m    at processTicksAndRejections (node:internal/process/task_queues:95:5)[39m
    at fetchUrls [90m(/Users/ferryhinardi/Project/supertool/[39mapp/tools/productivity/url-shortener/page.tsx:111:26[90m)[39m {
  [cause]: TypeError: Invalid URL
  [90m    at new URL (node:internal/url:806:29)[39m
      at new URL$1 [90m(file:///Users/ferryhinardi/Project/supertool/[39mnode_modules/[4m.pnpm[24m/vitest@4.0.13_@types+debug@4.1.12_@types+node@20.19.25_@vitest+browser-playwright@4.0.1_5f4fe68db18818f65b5f727c10b767b0/node_modules/[4mvitest[24m/dist/chunks/index.QWbK7rHY.js:556:9[90m)[39m
  [90m    at new Request (node:internal/deps/undici/undici:9276:25)[39m
  [90m    at fetch (node:internal/deps/undici/undici:10005:25)[39m
  [90m    at fetch (node:internal/deps/undici/undici:13183:10)[39m
  [90m    at fetch (node:internal/bootstrap/web/exposed-window-or-worker:72:12)[39m
      at fetchUrls [90m(/Users/ferryhinardi/Project/supertool/[39mapp/tools/productivity/url-shortener/page.tsx:111:32[90m)[39m
      at [90m/Users/ferryhinardi/Project/supertool/[39mapp/tools/productivity/url-shortener/page.tsx:140:5
      at Object.react_stack_bottom_frame [90m(/Users/ferryhinardi/Project/supertool/[39mnode_modules/[4m.pnpm[24m/react-dom@19.2.0_react@19.2.0/node_modules/[4mreact-dom[24m/cjs/react-dom-client.development.js:25989:20[90m)[39m
      at runWithFiberInDEV [90m(/Users/ferryhinardi/Project/supertool/[39mnode_modules/[4m.pnpm[24m/react-dom@19.2.0_react@19.2.0/node_modules/[4mreact-dom[24m/cjs/react-dom-client.development.js:874:13[90m)[39m {
    code: [32m'ERR_INVALID_URL'[39m,
    input: [32m'/api/urls'[39m
  }
}

[90mstderr[2m | app/tools/productivity/url-shortener/__tests__/page.test.tsx[2m > [22m[2mURL Shortener Page[2m > [22m[2mRendering[2m > [22m[2mdisplays shorten button
[22m[39mAn update to ToolRating inside a test was not wrapped in act(...).

When testing, code that causes React state updates should be wrapped into act(...):

act(() => {
  /* fire events that update state */
});
/* assert on the output */

This ensures that you're testing the behavior the user would see in the browser. Learn more at https://react.dev/link/wrap-tests-with-act
Failed to load shortened URLs: TypeError: Failed to parse URL from /api/urls
[90m    at node:internal/deps/undici/undici:13185:13[39m
[90m    at processTicksAndRejections (node:internal/process/task_queues:95:5)[39m
    at fetchUrls [90m(/Users/ferryhinardi/Project/supertool/[39mapp/tools/productivity/url-shortener/page.tsx:111:26[90m)[39m {
  [cause]: TypeError: Invalid URL
  [90m    at new URL (node:internal/url:806:29)[39m
      at new URL$1 [90m(file:///Users/ferryhinardi/Project/supertool/[39mnode_modules/[4m.pnpm[24m/vitest@4.0.13_@types+debug@4.1.12_@types+node@20.19.25_@vitest+browser-playwright@4.0.1_5f4fe68db18818f65b5f727c10b767b0/node_modules/[4mvitest[24m/dist/chunks/index.QWbK7rHY.js:556:9[90m)[39m
  [90m    at new Request (node:internal/deps/undici/undici:9276:25)[39m
  [90m    at fetch (node:internal/deps/undici/undici:10005:25)[39m
  [90m    at fetch (node:internal/deps/undici/undici:13183:10)[39m
  [90m    at fetch (node:internal/bootstrap/web/exposed-window-or-worker:72:12)[39m
      at fetchUrls [90m(/Users/ferryhinardi/Project/supertool/[39mapp/tools/productivity/url-shortener/page.tsx:111:32[90m)[39m
      at [90m/Users/ferryhinardi/Project/supertool/[39mapp/tools/productivity/url-shortener/page.tsx:140:5
      at Object.react_stack_bottom_frame [90m(/Users/ferryhinardi/Project/supertool/[39mnode_modules/[4m.pnpm[24m/react-dom@19.2.0_react@19.2.0/node_modules/[4mreact-dom[24m/cjs/react-dom-client.development.js:25989:20[90m)[39m
      at runWithFiberInDEV [90m(/Users/ferryhinardi/Project/supertool/[39mnode_modules/[4m.pnpm[24m/react-dom@19.2.0_react@19.2.0/node_modules/[4mreact-dom[24m/cjs/react-dom-client.development.js:874:13[90m)[39m {
    code: [32m'ERR_INVALID_URL'[39m,
    input: [32m'/api/urls'[39m
  }
}

[90mstderr[2m | app/tools/development/ip-lookup/__tests__/page.test.tsx[2m > [22m[2mIPLookupPage[2m > [22m[2mError Handling[2m > [22m[2mhandles API errors gracefully
[22m[39mError: Network error
    at [90m/Users/ferryhinardi/Project/supertool/[39mapp/tools/development/ip-lookup/__tests__/page.test.tsx:723:46
    at [90mfile:///Users/ferryhinardi/Project/supertool/[39mnode_modules/[4m.pnpm[24m/@vitest+runner@4.0.13/node_modules/[4m@vitest[24m/runner/dist/index.js:145:11
    at [90mfile:///Users/ferryhinardi/Project/supertool/[39mnode_modules/[4m.pnpm[24m/@vitest+runner@4.0.13/node_modules/[4m@vitest[24m/runner/dist/index.js:912:26
    at [90mfile:///Users/ferryhinardi/Project/supertool/[39mnode_modules/[4m.pnpm[24m/@vitest+runner@4.0.13/node_modules/[4m@vitest[24m/runner/dist/index.js:1237:20
    at new Promise (<anonymous>)
    at runWithTimeout [90m(file:///Users/ferryhinardi/Project/supertool/[39mnode_modules/[4m.pnpm[24m/@vitest+runner@4.0.13/node_modules/[4m@vitest[24m/runner/dist/index.js:1203:10[90m)[39m
    at [90mfile:///Users/ferryhinardi/Project/supertool/[39mnode_modules/[4m.pnpm[24m/@vitest+runner@4.0.13/node_modules/[4m@vitest[24m/runner/dist/index.js:1647:37
    at Traces.$ [90m(file:///Users/ferryhinardi/Project/supertool/[39mnode_modules/[4m.pnpm[24m/vitest@4.0.13_@types+debug@4.1.12_@types+node@20.19.25_@vitest+browser-playwright@4.0.1_5f4fe68db18818f65b5f727c10b767b0/node_modules/[4mvitest[24m/dist/chunks/traces.U4xDYhzZ.js:115:27[90m)[39m
    at trace [90m(file:///Users/ferryhinardi/Project/supertool/[39mnode_modules/[4m.pnpm[24m/vitest@4.0.13_@types+debug@4.1.12_@types+node@20.19.25_@vitest+browser-playwright@4.0.1_5f4fe68db18818f65b5f727c10b767b0/node_modules/[4mvitest[24m/dist/chunks/test.DqQZzsWf.js:234:21[90m)[39m
    at runTest [90m(file:///Users/ferryhinardi/Project/supertool/[39mnode_modules/[4m.pnpm[24m/@vitest+runner@4.0.13/node_modules/[4m@vitest[24m/runner/dist/index.js:1647:12[90m)[39m

[90mstderr[2m | app/tools/productivity/url-shortener/__tests__/page.test.tsx[2m > [22m[2mURL Shortener Page[2m > [22m[2mURL Input[2m > [22m[2maccepts URL input
[22m[39mAn update to ToolRating inside a test was not wrapped in act(...).

When testing, code that causes React state updates should be wrapped into act(...):

act(() => {
  /* fire events that update state */
});
/* assert on the output */

This ensures that you're testing the behavior the user would see in the browser. Learn more at https://react.dev/link/wrap-tests-with-act
Failed to load shortened URLs: TypeError: Failed to parse URL from /api/urls
[90m    at node:internal/deps/undici/undici:13185:13[39m
[90m    at processTicksAndRejections (node:internal/process/task_queues:95:5)[39m
    at fetchUrls [90m(/Users/ferryhinardi/Project/supertool/[39mapp/tools/productivity/url-shortener/page.tsx:111:26[90m)[39m {
  [cause]: TypeError: Invalid URL
  [90m    at new URL (node:internal/url:806:29)[39m
      at new URL$1 [90m(file:///Users/ferryhinardi/Project/supertool/[39mnode_modules/[4m.pnpm[24m/vitest@4.0.13_@types+debug@4.1.12_@types+node@20.19.25_@vitest+browser-playwright@4.0.1_5f4fe68db18818f65b5f727c10b767b0/node_modules/[4mvitest[24m/dist/chunks/index.QWbK7rHY.js:556:9[90m)[39m
  [90m    at new Request (node:internal/deps/undici/undici:9276:25)[39m
  [90m    at fetch (node:internal/deps/undici/undici:10005:25)[39m
  [90m    at fetch (node:internal/deps/undici/undici:13183:10)[39m
  [90m    at fetch (node:internal/bootstrap/web/exposed-window-or-worker:72:12)[39m
      at fetchUrls [90m(/Users/ferryhinardi/Project/supertool/[39mapp/tools/productivity/url-shortener/page.tsx:111:32[90m)[39m
      at [90m/Users/ferryhinardi/Project/supertool/[39mapp/tools/productivity/url-shortener/page.tsx:140:5
      at Object.react_stack_bottom_frame [90m(/Users/ferryhinardi/Project/supertool/[39mnode_modules/[4m.pnpm[24m/react-dom@19.2.0_react@19.2.0/node_modules/[4mreact-dom[24m/cjs/react-dom-client.development.js:25989:20[90m)[39m
      at runWithFiberInDEV [90m(/Users/ferryhinardi/Project/supertool/[39mnode_modules/[4m.pnpm[24m/react-dom@19.2.0_react@19.2.0/node_modules/[4mreact-dom[24m/cjs/react-dom-client.development.js:874:13[90m)[39m {
    code: [32m'ERR_INVALID_URL'[39m,
    input: [32m'/api/urls'[39m
  }
}

[90mstderr[2m | app/tools/development/ip-lookup/__tests__/page.test.tsx[2m > [22m[2mIPLookupPage[2m > [22m[2mError Handling[2m > [22m[2mhandles network timeouts
[22m[39mError: Timeout
    at Timeout._onTimeout [90m(/Users/ferryhinardi/Project/supertool/[39mapp/tools/development/ip-lookup/__tests__/page.test.tsx:765:66[90m)[39m
[90m    at listOnTimeout (node:internal/timers:581:17)[39m
[90m    at processTimers (node:internal/timers:519:7)[39m

[90mstderr[2m | app/tools/productivity/url-shortener/__tests__/page.test.tsx[2m > [22m[2mURL Shortener Page[2m > [22m[2mURL Input[2m > [22m[2mvalidates URL format
[22m[39mFailed to load shortened URLs: TypeError: Failed to parse URL from /api/urls
[90m    at node:internal/deps/undici/undici:13185:13[39m
[90m    at processTicksAndRejections (node:internal/process/task_queues:95:5)[39m
    at fetchUrls [90m(/Users/ferryhinardi/Project/supertool/[39mapp/tools/productivity/url-shortener/page.tsx:111:26[90m)[39m {
  [cause]: TypeError: Invalid URL
  [90m    at new URL (node:internal/url:806:29)[39m
      at new URL$1 [90m(file:///Users/ferryhinardi/Project/supertool/[39mnode_modules/[4m.pnpm[24m/vitest@4.0.13_@types+debug@4.1.12_@types+node@20.19.25_@vitest+browser-playwright@4.0.1_5f4fe68db18818f65b5f727c10b767b0/node_modules/[4mvitest[24m/dist/chunks/index.QWbK7rHY.js:556:9[90m)[39m
  [90m    at new Request (node:internal/deps/undici/undici:9276:25)[39m
  [90m    at fetch (node:internal/deps/undici/undici:10005:25)[39m
  [90m    at fetch (node:internal/deps/undici/undici:13183:10)[39m
  [90m    at fetch (node:internal/bootstrap/web/exposed-window-or-worker:72:12)[39m
      at fetchUrls [90m(/Users/ferryhinardi/Project/supertool/[39mapp/tools/productivity/url-shortener/page.tsx:111:32[90m)[39m
      at [90m/Users/ferryhinardi/Project/supertool/[39mapp/tools/productivity/url-shortener/page.tsx:140:5
      at Object.react_stack_bottom_frame [90m(/Users/ferryhinardi/Project/supertool/[39mnode_modules/[4m.pnpm[24m/react-dom@19.2.0_react@19.2.0/node_modules/[4mreact-dom[24m/cjs/react-dom-client.development.js:25989:20[90m)[39m
      at runWithFiberInDEV [90m(/Users/ferryhinardi/Project/supertool/[39mnode_modules/[4m.pnpm[24m/react-dom@19.2.0_react@19.2.0/node_modules/[4mreact-dom[24m/cjs/react-dom-client.development.js:874:13[90m)[39m {
    code: [32m'ERR_INVALID_URL'[39m,
    input: [32m'/api/urls'[39m
  }
}

[90mstderr[2m | app/tools/development/ip-lookup/__tests__/page.test.tsx[2m > [22m[2mIPLookupPage[2m > [22m[2mError Handling[2m > [22m[2mhandles malformed API responses
[22m[39mA component is changing a controlled input to be uncontrolled. This is likely caused by the value changing from a defined to undefined, which should not happen. Decide between using a controlled or uncontrolled input element for the lifetime of the component. More info: https://react.dev/link/controlled-components

[90mstderr[2m | app/tools/development/ip-lookup/__tests__/page.test.tsx[2m > [22m[2mIPLookupPage[2m > [22m[2mError Handling[2m > [22m[2mhandles malformed API responses
[22m[39mA component is changing an uncontrolled input to be controlled. This is likely caused by the value changing from undefined to a defined value, which should not happen. Decide between using a controlled or uncontrolled input element for the lifetime of the component. More info: https://react.dev/link/controlled-components

[90mstderr[2m | app/tools/development/ip-lookup/__tests__/page.test.tsx[2m > [22m[2mIPLookupPage[2m > [22m[2mMy IP Functionality[2m > [22m[2mhandles My IP fetch failure
[22m[39mError: Network error
    at [90m/Users/ferryhinardi/Project/supertool/[39mapp/tools/development/ip-lookup/__tests__/page.test.tsx:876:42
    at [90mfile:///Users/ferryhinardi/Project/supertool/[39mnode_modules/[4m.pnpm[24m/@vitest+runner@4.0.13/node_modules/[4m@vitest[24m/runner/dist/index.js:145:11
    at [90mfile:///Users/ferryhinardi/Project/supertool/[39mnode_modules/[4m.pnpm[24m/@vitest+runner@4.0.13/node_modules/[4m@vitest[24m/runner/dist/index.js:912:26
    at [90mfile:///Users/ferryhinardi/Project/supertool/[39mnode_modules/[4m.pnpm[24m/@vitest+runner@4.0.13/node_modules/[4m@vitest[24m/runner/dist/index.js:1237:20
    at new Promise (<anonymous>)
    at runWithTimeout [90m(file:///Users/ferryhinardi/Project/supertool/[39mnode_modules/[4m.pnpm[24m/@vitest+runner@4.0.13/node_modules/[4m@vitest[24m/runner/dist/index.js:1203:10[90m)[39m
    at [90mfile:///Users/ferryhinardi/Project/supertool/[39mnode_modules/[4m.pnpm[24m/@vitest+runner@4.0.13/node_modules/[4m@vitest[24m/runner/dist/index.js:1647:37
    at Traces.$ [90m(file:///Users/ferryhinardi/Project/supertool/[39mnode_modules/[4m.pnpm[24m/vitest@4.0.13_@types+debug@4.1.12_@types+node@20.19.25_@vitest+browser-playwright@4.0.1_5f4fe68db18818f65b5f727c10b767b0/node_modules/[4mvitest[24m/dist/chunks/traces.U4xDYhzZ.js:115:27[90m)[39m
    at trace [90m(file:///Users/ferryhinardi/Project/supertool/[39mnode_modules/[4m.pnpm[24m/vitest@4.0.13_@types+debug@4.1.12_@types+node@20.19.25_@vitest+browser-playwright@4.0.1_5f4fe68db18818f65b5f727c10b767b0/node_modules/[4mvitest[24m/dist/chunks/test.DqQZzsWf.js:234:21[90m)[39m
    at runTest [90m(file:///Users/ferryhinardi/Project/supertool/[39mnode_modules/[4m.pnpm[24m/@vitest+runner@4.0.13/node_modules/[4m@vitest[24m/runner/dist/index.js:1647:12[90m)[39m

[90mstderr[2m | app/tools/development/ip-lookup/__tests__/page.test.tsx[2m > [22m[2mIPLookupPage[2m > [22m[2mAccessibility[2m > [22m[2mhas proper heading structure
[22m[39mAn update to IPLookupPage inside a test was not wrapped in act(...).

When testing, code that causes React state updates should be wrapped into act(...):

act(() => {
  /* fire events that update state */
});
/* assert on the output */

This ensures that you're testing the behavior the user would see in the browser. Learn more at https://react.dev/link/wrap-tests-with-act
An update to IPLookupPage inside a test was not wrapped in act(...).

When testing, code that causes React state updates should be wrapped into act(...):

act(() => {
  /* fire events that update state */
});
/* assert on the output */

This ensures that you're testing the behavior the user would see in the browser. Learn more at https://react.dev/link/wrap-tests-with-act

[90mstderr[2m | app/tools/development/ip-lookup/__tests__/page.test.tsx[2m > [22m[2mIPLookupPage[2m > [22m[2mAccessibility[2m > [22m[2mhas proper heading structure
[22m[39mAn update to IPLookupPage inside a test was not wrapped in act(...).

When testing, code that causes React state updates should be wrapped into act(...):

act(() => {
  /* fire events that update state */
});
/* assert on the output */

This ensures that you're testing the behavior the user would see in the browser. Learn more at https://react.dev/link/wrap-tests-with-act
An update to IPLookupPage inside a test was not wrapped in act(...).

When testing, code that causes React state updates should be wrapped into act(...):

act(() => {
  /* fire events that update state */
});
/* assert on the output */

This ensures that you're testing the behavior the user would see in the browser. Learn more at https://react.dev/link/wrap-tests-with-act

[90mstderr[2m | app/tools/development/ip-lookup/__tests__/page.test.tsx[2m > [22m[2mIPLookupPage[2m > [22m[2mAccessibility[2m > [22m[2mhas proper heading structure
[22m[39mAn update to IPLookupPage inside a test was not wrapped in act(...).

When testing, code that causes React state updates should be wrapped into act(...):

act(() => {
  /* fire events that update state */
});
/* assert on the output */

This ensures that you're testing the behavior the user would see in the browser. Learn more at https://react.dev/link/wrap-tests-with-act

[90mstderr[2m | app/tools/development/ip-lookup/__tests__/page.test.tsx[2m > [22m[2mIPLookupPage[2m > [22m[2mAccessibility[2m > [22m[2mhas accessible input field
[22m[39mAn update to IPLookupPage inside a test was not wrapped in act(...).

When testing, code that causes React state updates should be wrapped into act(...):

act(() => {
  /* fire events that update state */
});
/* assert on the output */

This ensures that you're testing the behavior the user would see in the browser. Learn more at https://react.dev/link/wrap-tests-with-act
An update to IPLookupPage inside a test was not wrapped in act(...).

When testing, code that causes React state updates should be wrapped into act(...):

act(() => {
  /* fire events that update state */
});
/* assert on the output */

This ensures that you're testing the behavior the user would see in the browser. Learn more at https://react.dev/link/wrap-tests-with-act

[90mstderr[2m | app/tools/development/ip-lookup/__tests__/page.test.tsx[2m > [22m[2mIPLookupPage[2m > [22m[2mAccessibility[2m > [22m[2mhas accessible input field
[22m[39mAn update to IPLookupPage inside a test was not wrapped in act(...).

When testing, code that causes React state updates should be wrapped into act(...):

act(() => {
  /* fire events that update state */
});
/* assert on the output */

This ensures that you're testing the behavior the user would see in the browser. Learn more at https://react.dev/link/wrap-tests-with-act
An update to IPLookupPage inside a test was not wrapped in act(...).

When testing, code that causes React state updates should be wrapped into act(...):

act(() => {
  /* fire events that update state */
});
/* assert on the output */

This ensures that you're testing the behavior the user would see in the browser. Learn more at https://react.dev/link/wrap-tests-with-act

[90mstderr[2m | app/tools/development/ip-lookup/__tests__/page.test.tsx[2m > [22m[2mIPLookupPage[2m > [22m[2mAccessibility[2m > [22m[2mhas accessible input field
[22m[39mAn update to IPLookupPage inside a test was not wrapped in act(...).

When testing, code that causes React state updates should be wrapped into act(...):

act(() => {
  /* fire events that update state */
});
/* assert on the output */

This ensures that you're testing the behavior the user would see in the browser. Learn more at https://react.dev/link/wrap-tests-with-act

[90mstderr[2m | app/tools/development/ip-lookup/__tests__/page.test.tsx[2m > [22m[2mIPLookupPage[2m > [22m[2mAccessibility[2m > [22m[2mhas accessible buttons
[22m[39mAn update to IPLookupPage inside a test was not wrapped in act(...).

When testing, code that causes React state updates should be wrapped into act(...):

act(() => {
  /* fire events that update state */
});
/* assert on the output */

This ensures that you're testing the behavior the user would see in the browser. Learn more at https://react.dev/link/wrap-tests-with-act
An update to IPLookupPage inside a test was not wrapped in act(...).

When testing, code that causes React state updates should be wrapped into act(...):

act(() => {
  /* fire events that update state */
});
/* assert on the output */

This ensures that you're testing the behavior the user would see in the browser. Learn more at https://react.dev/link/wrap-tests-with-act

[90mstderr[2m | app/tools/development/ip-lookup/__tests__/page.test.tsx[2m > [22m[2mIPLookupPage[2m > [22m[2mAccessibility[2m > [22m[2mhas accessible buttons
[22m[39mAn update to IPLookupPage inside a test was not wrapped in act(...).

When testing, code that causes React state updates should be wrapped into act(...):

act(() => {
  /* fire events that update state */
});
/* assert on the output */

This ensures that you're testing the behavior the user would see in the browser. Learn more at https://react.dev/link/wrap-tests-with-act
An update to IPLookupPage inside a test was not wrapped in act(...).

When testing, code that causes React state updates should be wrapped into act(...):

act(() => {
  /* fire events that update state */
});
/* assert on the output */

This ensures that you're testing the behavior the user would see in the browser. Learn more at https://react.dev/link/wrap-tests-with-act

[90mstderr[2m | app/tools/development/ip-lookup/__tests__/page.test.tsx[2m > [22m[2mIPLookupPage[2m > [22m[2mAccessibility[2m > [22m[2mhas accessible buttons
[22m[39mAn update to IPLookupPage inside a test was not wrapped in act(...).

When testing, code that causes React state updates should be wrapped into act(...):

act(() => {
  /* fire events that update state */
});
/* assert on the output */

This ensures that you're testing the behavior the user would see in the browser. Learn more at https://react.dev/link/wrap-tests-with-act

[90mstderr[2m | app/tools/development/ip-lookup/__tests__/page.test.tsx[2m > [22m[2mIPLookupPage[2m > [22m[2mAccessibility[2m > [22m[2muses semantic HTML elements
[22m[39mAn update to IPLookupPage inside a test was not wrapped in act(...).

When testing, code that causes React state updates should be wrapped into act(...):

act(() => {
  /* fire events that update state */
});
/* assert on the output */

This ensures that you're testing the behavior the user would see in the browser. Learn more at https://react.dev/link/wrap-tests-with-act
An update to IPLookupPage inside a test was not wrapped in act(...).

When testing, code that causes React state updates should be wrapped into act(...):

act(() => {
  /* fire events that update state */
});
/* assert on the output */

This ensures that you're testing the behavior the user would see in the browser. Learn more at https://react.dev/link/wrap-tests-with-act

[90mstderr[2m | app/tools/development/ip-lookup/__tests__/page.test.tsx[2m > [22m[2mIPLookupPage[2m > [22m[2mAccessibility[2m > [22m[2muses semantic HTML elements
[22m[39mAn update to IPLookupPage inside a test was not wrapped in act(...).

When testing, code that causes React state updates should be wrapped into act(...):

act(() => {
  /* fire events that update state */
});
/* assert on the output */

This ensures that you're testing the behavior the user would see in the browser. Learn more at https://react.dev/link/wrap-tests-with-act
An update to IPLookupPage inside a test was not wrapped in act(...).

When testing, code that causes React state updates should be wrapped into act(...):

act(() => {
  /* fire events that update state */
});
/* assert on the output */

This ensures that you're testing the behavior the user would see in the browser. Learn more at https://react.dev/link/wrap-tests-with-act

[90mstderr[2m | app/tools/development/ip-lookup/__tests__/page.test.tsx[2m > [22m[2mIPLookupPage[2m > [22m[2mAccessibility[2m > [22m[2muses semantic HTML elements
[22m[39mAn update to IPLookupPage inside a test was not wrapped in act(...).

When testing, code that causes React state updates should be wrapped into act(...):

act(() => {
  /* fire events that update state */
});
/* assert on the output */

This ensures that you're testing the behavior the user would see in the browser. Learn more at https://react.dev/link/wrap-tests-with-act

[90mstderr[2m | app/tools/development/ip-lookup/__tests__/page.test.tsx[2m > [22m[2mIPLookupPage[2m > [22m[2mAccessibility[2m > [22m[2mhas descriptive button labels
[22m[39mAn update to IPLookupPage inside a test was not wrapped in act(...).

When testing, code that causes React state updates should be wrapped into act(...):

act(() => {
  /* fire events that update state */
});
/* assert on the output */

This ensures that you're testing the behavior the user would see in the browser. Learn more at https://react.dev/link/wrap-tests-with-act
An update to IPLookupPage inside a test was not wrapped in act(...).

When testing, code that causes React state updates should be wrapped into act(...):

act(() => {
  /* fire events that update state */
});
/* assert on the output */

This ensures that you're testing the behavior the user would see in the browser. Learn more at https://react.dev/link/wrap-tests-with-act

[90mstderr[2m | app/tools/development/ip-lookup/__tests__/page.test.tsx[2m > [22m[2mIPLookupPage[2m > [22m[2mAccessibility[2m > [22m[2mhas descriptive button labels
[22m[39mAn update to IPLookupPage inside a test was not wrapped in act(...).

When testing, code that causes React state updates should be wrapped into act(...):

act(() => {
  /* fire events that update state */
});
/* assert on the output */

This ensures that you're testing the behavior the user would see in the browser. Learn more at https://react.dev/link/wrap-tests-with-act
An update to IPLookupPage inside a test was not wrapped in act(...).

When testing, code that causes React state updates should be wrapped into act(...):

act(() => {
  /* fire events that update state */
});
/* assert on the output */

This ensures that you're testing the behavior the user would see in the browser. Learn more at https://react.dev/link/wrap-tests-with-act

[90mstderr[2m | app/tools/development/ip-lookup/__tests__/page.test.tsx[2m > [22m[2mIPLookupPage[2m > [22m[2mAccessibility[2m > [22m[2mhas descriptive button labels
[22m[39mAn update to IPLookupPage inside a test was not wrapped in act(...).

When testing, code that causes React state updates should be wrapped into act(...):

act(() => {
  /* fire events that update state */
});
/* assert on the output */

This ensures that you're testing the behavior the user would see in the browser. Learn more at https://react.dev/link/wrap-tests-with-act

[90mstderr[2m | app/tools/development/ip-lookup/__tests__/page.test.tsx[2m > [22m[2mIPLookupPage[2m > [22m[2mResponsive Design[2m > [22m[2mrenders on mobile viewport
[22m[39mAn update to IPLookupPage inside a test was not wrapped in act(...).

When testing, code that causes React state updates should be wrapped into act(...):

act(() => {
  /* fire events that update state */
});
/* assert on the output */

This ensures that you're testing the behavior the user would see in the browser. Learn more at https://react.dev/link/wrap-tests-with-act
An update to IPLookupPage inside a test was not wrapped in act(...).

When testing, code that causes React state updates should be wrapped into act(...):

act(() => {
  /* fire events that update state */
});
/* assert on the output */

This ensures that you're testing the behavior the user would see in the browser. Learn more at https://react.dev/link/wrap-tests-with-act

[90mstderr[2m | app/tools/development/ip-lookup/__tests__/page.test.tsx[2m > [22m[2mIPLookupPage[2m > [22m[2mResponsive Design[2m > [22m[2mrenders on mobile viewport
[22m[39mAn update to IPLookupPage inside a test was not wrapped in act(...).

When testing, code that causes React state updates should be wrapped into act(...):

act(() => {
  /* fire events that update state */
});
/* assert on the output */

This ensures that you're testing the behavior the user would see in the browser. Learn more at https://react.dev/link/wrap-tests-with-act
An update to IPLookupPage inside a test was not wrapped in act(...).

When testing, code that causes React state updates should be wrapped into act(...):

act(() => {
  /* fire events that update state */
});
/* assert on the output */

This ensures that you're testing the behavior the user would see in the browser. Learn more at https://react.dev/link/wrap-tests-with-act

[90mstderr[2m | app/tools/development/ip-lookup/__tests__/page.test.tsx[2m > [22m[2mIPLookupPage[2m > [22m[2mResponsive Design[2m > [22m[2mrenders on mobile viewport
[22m[39mAn update to IPLookupPage inside a test was not wrapped in act(...).

When testing, code that causes React state updates should be wrapped into act(...):

act(() => {
  /* fire events that update state */
});
/* assert on the output */

This ensures that you're testing the behavior the user would see in the browser. Learn more at https://react.dev/link/wrap-tests-with-act

[90mstderr[2m | app/tools/development/ip-lookup/__tests__/page.test.tsx[2m > [22m[2mIPLookupPage[2m > [22m[2mResponsive Design[2m > [22m[2mdisplays flexible layout
[22m[39mAn update to IPLookupPage inside a test was not wrapped in act(...).

When testing, code that causes React state updates should be wrapped into act(...):

act(() => {
  /* fire events that update state */
});
/* assert on the output */

This ensures that you're testing the behavior the user would see in the browser. Learn more at https://react.dev/link/wrap-tests-with-act
An update to IPLookupPage inside a test was not wrapped in act(...).

When testing, code that causes React state updates should be wrapped into act(...):

act(() => {
  /* fire events that update state */
});
/* assert on the output */

This ensures that you're testing the behavior the user would see in the browser. Learn more at https://react.dev/link/wrap-tests-with-act

[90mstderr[2m | app/tools/development/ip-lookup/__tests__/page.test.tsx[2m > [22m[2mIPLookupPage[2m > [22m[2mResponsive Design[2m > [22m[2mdisplays flexible layout
[22m[39mAn update to IPLookupPage inside a test was not wrapped in act(...).

When testing, code that causes React state updates should be wrapped into act(...):

act(() => {
  /* fire events that update state */
});
/* assert on the output */

This ensures that you're testing the behavior the user would see in the browser. Learn more at https://react.dev/link/wrap-tests-with-act
An update to IPLookupPage inside a test was not wrapped in act(...).

When testing, code that causes React state updates should be wrapped into act(...):

act(() => {
  /* fire events that update state */
});
/* assert on the output */

This ensures that you're testing the behavior the user would see in the browser. Learn more at https://react.dev/link/wrap-tests-with-act

[90mstderr[2m | app/tools/development/ip-lookup/__tests__/page.test.tsx[2m > [22m[2mIPLookupPage[2m > [22m[2mResponsive Design[2m > [22m[2mdisplays flexible layout
[22m[39mAn update to IPLookupPage inside a test was not wrapped in act(...).

When testing, code that causes React state updates should be wrapped into act(...):

act(() => {
  /* fire events that update state */
});
/* assert on the output */

This ensures that you're testing the behavior the user would see in the browser. Learn more at https://react.dev/link/wrap-tests-with-act

[90mstderr[2m | app/tools/development/ip-lookup/__tests__/page.test.tsx[2m > [22m[2mIPLookupPage[2m > [22m[2mResponsive Design[2m > [22m[2mshows responsive text sizing
[22m[39mAn update to IPLookupPage inside a test was not wrapped in act(...).

When testing, code that causes React state updates should be wrapped into act(...):

act(() => {
  /* fire events that update state */
});
/* assert on the output */

This ensures that you're testing the behavior the user would see in the browser. Learn more at https://react.dev/link/wrap-tests-with-act
An update to IPLookupPage inside a test was not wrapped in act(...).

When testing, code that causes React state updates should be wrapped into act(...):

act(() => {
  /* fire events that update state */
});
/* assert on the output */

This ensures that you're testing the behavior the user would see in the browser. Learn more at https://react.dev/link/wrap-tests-with-act

[90mstderr[2m | app/tools/development/ip-lookup/__tests__/page.test.tsx[2m > [22m[2mIPLookupPage[2m > [22m[2mResponsive Design[2m > [22m[2mshows responsive text sizing
[22m[39mAn update to IPLookupPage inside a test was not wrapped in act(...).

When testing, code that causes React state updates should be wrapped into act(...):

act(() => {
  /* fire events that update state */
});
/* assert on the output */

This ensures that you're testing the behavior the user would see in the browser. Learn more at https://react.dev/link/wrap-tests-with-act
An update to IPLookupPage inside a test was not wrapped in act(...).

When testing, code that causes React state updates should be wrapped into act(...):

act(() => {
  /* fire events that update state */
});
/* assert on the output */

This ensures that you're testing the behavior the user would see in the browser. Learn more at https://react.dev/link/wrap-tests-with-act

[90mstderr[2m | app/tools/development/ip-lookup/__tests__/page.test.tsx[2m > [22m[2mIPLookupPage[2m > [22m[2mResponsive Design[2m > [22m[2mshows responsive text sizing
[22m[39mAn update to IPLookupPage inside a test was not wrapped in act(...).

When testing, code that causes React state updates should be wrapped into act(...):

act(() => {
  /* fire events that update state */
});
/* assert on the output */

This ensures that you're testing the behavior the user would see in the browser. Learn more at https://react.dev/link/wrap-tests-with-act

[90mstderr[2m | app/tools/data/json-beautify/__tests__/page.test.tsx[2m > [22m[2mJSON Beautifier Page[2m > [22m[2mFile Upload[2m > [22m[2mshould accept JSON file upload
[22m[39mFailed to add recent tool: TypeError: indexedDB.open is not a function
    at openDB [90m(file:///Users/ferryhinardi/Project/supertool/[39mnode_modules/[4m.pnpm[24m/idb@8.0.3/node_modules/[4midb[24m/build/index.js:168:31[90m)[39m
    at getDB [90m(/Users/ferryhinardi/Project/supertool/[39mlib/services/recent-tools.ts:35:22[90m)[39m
    at addRecentTool [90m(/Users/ferryhinardi/Project/supertool/[39mlib/services/recent-tools.ts:53:22[90m)[39m
    at [90m/Users/ferryhinardi/Project/supertool/[39mhooks/tools/useRecentTools.ts:69:7
    at Object.react_stack_bottom_frame [90m(/Users/ferryhinardi/Project/supertool/[39mnode_modules/[4m.pnpm[24m/react-dom@19.2.0_react@19.2.0/node_modules/[4mreact-dom[24m/cjs/react-dom-client.development.js:25989:20[90m)[39m
    at runWithFiberInDEV [90m(/Users/ferryhinardi/Project/supertool/[39mnode_modules/[4m.pnpm[24m/react-dom@19.2.0_react@19.2.0/node_modules/[4mreact-dom[24m/cjs/react-dom-client.development.js:874:13[90m)[39m
    at commitHookEffectListMount [90m(/Users/ferryhinardi/Project/supertool/[39mnode_modules/[4m.pnpm[24m/react-dom@19.2.0_react@19.2.0/node_modules/[4mreact-dom[24m/cjs/react-dom-client.development.js:13249:29[90m)[39m
    at commitHookPassiveMountEffects [90m(/Users/ferryhinardi/Project/supertool/[39mnode_modules/[4m.pnpm[24m/react-dom@19.2.0_react@19.2.0/node_modules/[4mreact-dom[24m/cjs/react-dom-client.development.js:13336:11[90m)[39m
    at reconnectPassiveEffects [90m(/Users/ferryhinardi/Project/supertool/[39mnode_modules/[4m.pnpm[24m/react-dom@19.2.0_react@19.2.0/node_modules/[4mreact-dom[24m/cjs/react-dom-client.development.js:15832:11[90m)[39m
    at recursivelyTraverseReconnectPassiveEffects [90m(/Users/ferryhinardi/Project/supertool/[39mnode_modules/[4m.pnpm[24m/react-dom@19.2.0_react@19.2.0/node_modules/[4mreact-dom[24m/cjs/react-dom-client.development.js:15784:9[90m)[39m
Failed to add recent tool: TypeError: indexedDB.open is not a function
    at openDB [90m(file:///Users/ferryhinardi/Project/supertool/[39mnode_modules/[4m.pnpm[24m/idb@8.0.3/node_modules/[4midb[24m/build/index.js:168:31[90m)[39m
    at getDB [90m(/Users/ferryhinardi/Project/supertool/[39mlib/services/recent-tools.ts:35:22[90m)[39m
    at addRecentTool [90m(/Users/ferryhinardi/Project/supertool/[39mlib/services/recent-tools.ts:53:22[90m)[39m
    at [90m/Users/ferryhinardi/Project/supertool/[39mhooks/tools/useRecentTools.ts:69:7
    at Object.react_stack_bottom_frame [90m(/Users/ferryhinardi/Project/supertool/[39mnode_modules/[4m.pnpm[24m/react-dom@19.2.0_react@19.2.0/node_modules/[4mreact-dom[24m/cjs/react-dom-client.development.js:25989:20[90m)[39m
    at runWithFiberInDEV [90m(/Users/ferryhinardi/Project/supertool/[39mnode_modules/[4m.pnpm[24m/react-dom@19.2.0_react@19.2.0/node_modules/[4mreact-dom[24m/cjs/react-dom-client.development.js:874:13[90m)[39m
    at commitHookEffectListMount [90m(/Users/ferryhinardi/Project/supertool/[39mnode_modules/[4m.pnpm[24m/react-dom@19.2.0_react@19.2.0/node_modules/[4mreact-dom[24m/cjs/react-dom-client.development.js:13249:29[90m)[39m
    at commitHookPassiveMountEffects [90m(/Users/ferryhinardi/Project/supertool/[39mnode_modules/[4m.pnpm[24m/react-dom@19.2.0_react@19.2.0/node_modules/[4mreact-dom[24m/cjs/react-dom-client.development.js:13336:11[90m)[39m
    at commitPassiveMountOnFiber [90m(/Users/ferryhinardi/Project/supertool/[39mnode_modules/[4m.pnpm[24m/react-dom@19.2.0_react@19.2.0/node_modules/[4mreact-dom[24m/cjs/react-dom-client.development.js:15484:13[90m)[39m
    at recursivelyTraversePassiveMountEffects [90m(/Users/ferryhinardi/Project/supertool/[39mnode_modules/[4m.pnpm[24m/react-dom@19.2.0_react@19.2.0/node_modules/[4mreact-dom[24m/cjs/react-dom-client.development.js:15439:11[90m)[39m
An update to ToolRating inside a test was not wrapped in act(...).

When testing, code that causes React state updates should be wrapped into act(...):

act(() => {
  /* fire events that update state */
});
/* assert on the output */

This ensures that you're testing the behavior the user would see in the browser. Learn more at https://react.dev/link/wrap-tests-with-act

[90mstderr[2m | app/tools/data/json-beautify/__tests__/page.test.tsx[2m > [22m[2mJSON Beautifier Page[2m > [22m[2mFile Upload[2m > [22m[2mshould process uploaded JSON file
[22m[39mFailed to add recent tool: TypeError: indexedDB.open is not a function
    at openDB [90m(file:///Users/ferryhinardi/Project/supertool/[39mnode_modules/[4m.pnpm[24m/idb@8.0.3/node_modules/[4midb[24m/build/index.js:168:31[90m)[39m
    at getDB [90m(/Users/ferryhinardi/Project/supertool/[39mlib/services/recent-tools.ts:35:22[90m)[39m
    at addRecentTool [90m(/Users/ferryhinardi/Project/supertool/[39mlib/services/recent-tools.ts:53:22[90m)[39m
    at [90m/Users/ferryhinardi/Project/supertool/[39mhooks/tools/useRecentTools.ts:69:7
    at Object.react_stack_bottom_frame [90m(/Users/ferryhinardi/Project/supertool/[39mnode_modules/[4m.pnpm[24m/react-dom@19.2.0_react@19.2.0/node_modules/[4mreact-dom[24m/cjs/react-dom-client.development.js:25989:20[90m)[39m
    at runWithFiberInDEV [90m(/Users/ferryhinardi/Project/supertool/[39mnode_modules/[4m.pnpm[24m/react-dom@19.2.0_react@19.2.0/node_modules/[4mreact-dom[24m/cjs/react-dom-client.development.js:874:13[90m)[39m
    at commitHookEffectListMount [90m(/Users/ferryhinardi/Project/supertool/[39mnode_modules/[4m.pnpm[24m/react-dom@19.2.0_react@19.2.0/node_modules/[4mreact-dom[24m/cjs/react-dom-client.development.js:13249:29[90m)[39m
    at commitHookPassiveMountEffects [90m(/Users/ferryhinardi/Project/supertool/[39mnode_modules/[4m.pnpm[24m/react-dom@19.2.0_react@19.2.0/node_modules/[4mreact-dom[24m/cjs/react-dom-client.development.js:13336:11[90m)[39m
    at reconnectPassiveEffects [90m(/Users/ferryhinardi/Project/supertool/[39mnode_modules/[4m.pnpm[24m/react-dom@19.2.0_react@19.2.0/node_modules/[4mreact-dom[24m/cjs/react-dom-client.development.js:15832:11[90m)[39m
    at recursivelyTraverseReconnectPassiveEffects [90m(/Users/ferryhinardi/Project/supertool/[39mnode_modules/[4m.pnpm[24m/react-dom@19.2.0_react@19.2.0/node_modules/[4mreact-dom[24m/cjs/react-dom-client.development.js:15784:9[90m)[39m
Failed to add recent tool: TypeError: indexedDB.open is not a function
    at openDB [90m(file:///Users/ferryhinardi/Project/supertool/[39mnode_modules/[4m.pnpm[24m/idb@8.0.3/node_modules/[4midb[24m/build/index.js:168:31[90m)[39m
    at getDB [90m(/Users/ferryhinardi/Project/supertool/[39mlib/services/recent-tools.ts:35:22[90m)[39m
    at addRecentTool [90m(/Users/ferryhinardi/Project/supertool/[39mlib/services/recent-tools.ts:53:22[90m)[39m
    at [90m/Users/ferryhinardi/Project/supertool/[39mhooks/tools/useRecentTools.ts:69:7
    at Object.react_stack_bottom_frame [90m(/Users/ferryhinardi/Project/supertool/[39mnode_modules/[4m.pnpm[24m/react-dom@19.2.0_react@19.2.0/node_modules/[4mreact-dom[24m/cjs/react-dom-client.development.js:25989:20[90m)[39m
    at runWithFiberInDEV [90m(/Users/ferryhinardi/Project/supertool/[39mnode_modules/[4m.pnpm[24m/react-dom@19.2.0_react@19.2.0/node_modules/[4mreact-dom[24m/cjs/react-dom-client.development.js:874:13[90m)[39m
    at commitHookEffectListMount [90m(/Users/ferryhinardi/Project/supertool/[39mnode_modules/[4m.pnpm[24m/react-dom@19.2.0_react@19.2.0/node_modules/[4mreact-dom[24m/cjs/react-dom-client.development.js:13249:29[90m)[39m
    at commitHookPassiveMountEffects [90m(/Users/ferryhinardi/Project/supertool/[39mnode_modules/[4m.pnpm[24m/react-dom@19.2.0_react@19.2.0/node_modules/[4mreact-dom[24m/cjs/react-dom-client.development.js:13336:11[90m)[39m
    at commitPassiveMountOnFiber [90m(/Users/ferryhinardi/Project/supertool/[39mnode_modules/[4m.pnpm[24m/react-dom@19.2.0_react@19.2.0/node_modules/[4mreact-dom[24m/cjs/react-dom-client.development.js:15484:13[90m)[39m
    at recursivelyTraversePassiveMountEffects [90m(/Users/ferryhinardi/Project/supertool/[39mnode_modules/[4m.pnpm[24m/react-dom@19.2.0_react@19.2.0/node_modules/[4mreact-dom[24m/cjs/react-dom-client.development.js:15439:11[90m)[39m

[90mstderr[2m | app/tools/finance/split-bill/__tests__/page.test.tsx[2m > [22m[2mSplit Bill Calculator Page[2m > [22m[2mPeople Management[2m > [22m[2mshould allow editing person name
[22m[39mAn update to ToolRating inside a test was not wrapped in act(...).

When testing, code that causes React state updates should be wrapped into act(...):

act(() => {
  /* fire events that update state */
});
/* assert on the output */

This ensures that you're testing the behavior the user would see in the browser. Learn more at https://react.dev/link/wrap-tests-with-act

 [31m❯[39m app/tools/development/cron-expression/__tests__/page.test.tsx [2m([22m[2m64 tests[22m[2m | [22m[31m34 failed[39m[2m)[22m[33m 4759[2mms[22m[39m
       [32m✓[39m should render the page title[32m 68[2mms[22m[39m
[31m       [31m×[31m should render description text[39m[32m 46[2mms[22m[39m
[31m       [31m×[31m should track page open event[39m[32m 29[2mms[22m[39m
       [32m✓[39m should render the main expression input[32m 50[2mms[22m[39m
       [32m✓[39m should allow editing cron expression[32m 96[2mms[22m[39m
       [32m✓[39m should have accessible input field[32m 33[2mms[22m[39m
       [32m✓[39m should show human-readable description[32m 30[2mms[22m[39m
[31m       [31m×[31m should update description when expression changes[39m[33m 1075[2mms[22m[39m
       [32m✓[39m should render visual builder section[32m 22[2mms[22m[39m
[31m       [31m×[31m should render minute selector[39m[32m 29[2mms[22m[39m
[31m       [31m×[31m should render hour selector[39m[32m 35[2mms[22m[39m
[31m       [31m×[31m should render day selector[39m[32m 28[2mms[22m[39m
[31m       [31m×[31m should render month selector[39m[32m 22[2mms[22m[39m
[31m       [31m×[31m should render weekday selector[39m[32m 37[2mms[22m[39m
       [32m✓[39m should allow selecting specific minute[32m 22[2mms[22m[39m
       [32m✓[39m should render common patterns[32m 18[2mms[22m[39m
[31m       [31m×[31m should display Every Minute pattern[39m[32m 25[2mms[22m[39m
[31m       [31m×[31m should display Every Hour pattern[39m[32m 22[2mms[22m[39m
       [32m✓[39m should display Daily pattern[32m 17[2mms[22m[39m
       [32m✓[39m should display Weekly pattern[32m 21[2mms[22m[39m
       [32m✓[39m should display Monthly pattern[32m 23[2mms[22m[39m
       [32m✓[39m should apply pattern when clicked[32m 19[2mms[22m[39m
       [32m✓[39m should render next executions section[32m 25[2mms[22m[39m
       [32m✓[39m should display execution times[32m 21[2mms[22m[39m
[31m       [31m×[31m should show at least 5 execution times[39m[32m 42[2mms[22m[39m
       [32m✓[39m should have copy button[32m 66[2mms[22m[39m
       [32m✓[39m should copy expression to clipboard[32m 57[2mms[22m[39m
       [32m✓[39m should render export section[32m 25[2mms[22m[39m
[31m       [31m×[31m should display export format options[39m[32m 26[2mms[22m[39m
[31m       [31m×[31m should render export button[39m[32m 23[2mms[22m[39m
[31m       [31m×[31m should export configuration[39m[32m 22[2mms[22m[39m
[31m       [31m×[31m should validate cron expression[39m[33m 1030[2mms[22m[39m
[31m       [31m×[31m should show valid indicator for correct expression[39m[32m 21[2mms[22m[39m
[31m       [31m×[31m should show error for invalid expression[39m[33m 1045[2mms[22m[39m
       [32m✓[39m should render quick select buttons[32m 32[2mms[22m[39m
[31m       [31m×[31m should have * wildcard button[39m[32m 18[2mms[22m[39m
       [32m✓[39m should render icons[32m 17[2mms[22m[39m
       [32m✓[39m should display formatted layout[32m 17[2mms[22m[39m
       [32m✓[39m should have accessible input fields[32m 20[2mms[22m[39m
       [32m✓[39m should have accessible buttons[32m 29[2mms[22m[39m
[31m       [31m×[31m should have ARIA labels[39m[32m 16[2mms[22m[39m
       [32m✓[39m should have semantic heading structure[32m 23[2mms[22m[39m
[31m       [31m×[31m should render Related Tools section[39m[32m 22[2mms[22m[39m
[31m       [31m×[31m should display related tool links[39m[32m 19[2mms[22m[39m
[31m       [31m×[31m should render FAQ section[39m[32m 23[2mms[22m[39m
[31m       [31m×[31m should display FAQ items[39m[32m 22[2mms[22m[39m
[31m       [31m×[31m should render social share section[39m[32m 17[2mms[22m[39m
[31m       [31m×[31m should display cron format information[39m[32m 23[2mms[22m[39m
[31m       [31m×[31m should show field descriptions[39m[32m 25[2mms[22m[39m
[31m       [31m×[31m should display example expressions[39m[32m 20[2mms[22m[39m
[31m       [31m×[31m should show common use cases[39m[32m 21[2mms[22m[39m
[31m       [31m×[31m should display timezone selector[39m[32m 21[2mms[22m[39m
[31m       [31m×[31m should show current timezone[39m[32m 25[2mms[22m[39m
[31m       [31m×[31m should render Clear button[39m[32m 18[2mms[22m[39m
       [32m✓[39m should clear expression when clicked[32m 20[2mms[22m[39m
[31m       [31m×[31m should render Save button[39m[32m 19[2mms[22m[39m
[31m       [31m×[31m should render Load button[39m[32m 18[2mms[22m[39m
       [32m✓[39m should render mobile-friendly layout[32m 13[2mms[22m[39m
       [32m✓[39m should display history section[32m 13[2mms[22m[39m
       [32m✓[39m should store recent expressions[32m 13[2mms[22m[39m
       [32m✓[39m should support asterisk wildcard[32m 9[2mms[22m[39m
       [32m✓[39m should support range syntax[32m 12[2mms[22m[39m
       [32m✓[39m should support step values[32m 27[2mms[22m[39m
[31m       [31m×[31m should calculate execution frequency[39m[32m 11[2mms[22m[39m
[90mstderr[2m | app/tools/finance/split-bill/__tests__/page.test.tsx[2m > [22m[2mSplit Bill Calculator Page[2m > [22m[2mSplit Type Modes[2m > [22m[2mshould display split type toggle buttons
[22m[39mAn update to ToolRating inside a test was not wrapped in act(...).

When testing, code that causes React state updates should be wrapped into act(...):

act(() => {
  /* fire events that update state */
});
/* assert on the output */

This ensures that you're testing the behavior the user would see in the browser. Learn more at https://react.dev/link/wrap-tests-with-act

[90mstderr[2m | app/tools/finance/split-bill/__tests__/page.test.tsx[2m > [22m[2mSplit Bill Calculator Page[2m > [22m[2mSplit Type Modes[2m > [22m[2mshould start in equal split mode
[22m[39mAn update to ToolRating inside a test was not wrapped in act(...).

When testing, code that causes React state updates should be wrapped into act(...):

act(() => {
  /* fire events that update state */
});
/* assert on the output */

This ensures that you're testing the behavior the user would see in the browser. Learn more at https://react.dev/link/wrap-tests-with-act

