
> supertool@0.1.0 test /Users/ferryhinardi/Project/supertool
> vitest

[33mThe CJS build of Vite's Node API is deprecated. See https://vite.dev/guide/troubleshooting.html#vite-cjs-node-api-deprecated for more details.[39m
[33mThe CJS build of Vite's Node API is deprecated. See https://vite.dev/guide/troubleshooting.html#vite-cjs-node-api-deprecated for more details.[39m

[1m[7m[36m RUN [39m[27m[22m [36mv2.1.9 [39m[90m/Users/ferryhinardi/Project/supertool[39m

 [32m✓[39m app/tools/upload/__tests__/logic.test.ts [2m([22m[2m14 tests[22m[2m)[22m[90m 107[2mms[22m[39m
 [32m✓[39m components/features/__tests__/DragDropZone.test.ts [2m([22m[2m16 tests[22m[2m)[22m[90m 174[2mms[22m[39m
 [32m✓[39m components/ui/__tests__/tooltip.test.tsx [2m([22m[2m3 tests[22m[2m)[22m[90m 39[2mms[22m[39m
 [32m✓[39m app/tools/unit-converter/__tests__/logic.test.ts [2m([22m[2m55 tests[22m[2m)[22m[33m 583[2mms[22m[39m
   [33m[2m✓[22m[39m Unit Converter Logic[2m > [22mSpeed Conversions[2m > [22mconverts miles per hour to kilometers per hour correctly [33m318[2mms[22m[39m
 [32m✓[39m app/tools/markdown-editor/__tests__/logic.test.ts [2m([22m[2m19 tests[22m[2m)[22m[90m 41[2mms[22m[39m
 [32m✓[39m components/ui/__tests__/field.test.tsx [2m([22m[2m7 tests[22m[2m)[22m[90m 56[2mms[22m[39m
 [32m✓[39m components/ui/__tests__/badge.test.tsx [2m([22m[2m7 tests[22m[2m)[22m[90m 30[2mms[22m[39m
 [32m✓[39m app/__tests__/page.test.tsx [2m([22m[2m6 tests[22m[2m)[22m[90m 14[2mms[22m[39m
 [32m✓[39m app/tools/url-shortener/__tests__/logic.test.ts [2m([22m[2m19 tests[22m[2m)[22m[90m 48[2mms[22m[39m
 [32m✓[39m app/tools/split-bill/__tests__/receipt-scanner.test.ts [2m([22m[2m14 tests[22m[2m)[22m[90m 15[2mms[22m[39m
 [32m✓[39m components/ui/__tests__/card.test.tsx [2m([22m[2m3 tests[22m[2m)[22m[90m 7[2mms[22m[39m
 [32m✓[39m components/ui/__tests__/textarea.test.tsx [2m([22m[2m7 tests[22m[2m)[22m[90m 252[2mms[22m[39m
[90mstderr[2m | app/tools/browser-fingerprint/__tests__/page.test.tsx[2m > [22m[2mBrowser Fingerprint Page - Component Tests[2m > [22m[2mshould render page with title and description
[22m[39mAn update to %s inside a test was not wrapped in act(...).

When testing, code that causes React state updates should be wrapped into act(...):

act(() => {
  /* fire events that update state */
});
/* assert on the output */

This ensures that you're testing the behavior the user would see in the browser. Learn more at https://react.dev/link/wrap-tests-with-act BrowserFingerprintContent
[90mstderr[2m | app/tools/browser-fingerprint/__tests__/page.test.tsx[2m > [22m[2mBrowser Fingerprint Page - Component Tests[2m > [22m[2mshould render page with title and description
[22m[39mAn update to %s inside a test was not wrapped in act(...).

When testing, code that causes React state updates should be wrapped into act(...):

act(() => {
  /* fire events that update state */
});
/* assert on the output */

This ensures that you're testing the behavior the user would see in the browser. Learn more at https://react.dev/link/wrap-tests-with-act BrowserFingerprintContent
[90mstderr[2m | app/tools/browser-fingerprint/__tests__/page.test.tsx[2m > [22m[2mBrowser Fingerprint Page - Component Tests[2m > [22m[2mshould render page with title and description
[22m[39mAn update to %s inside a test was not wrapped in act(...).

When testing, code that causes React state updates should be wrapped into act(...):

act(() => {
  /* fire events that update state */
});
/* assert on the output */

This ensures that you're testing the behavior the user would see in the browser. Learn more at https://react.dev/link/wrap-tests-with-act BrowserFingerprintContent
[90mstderr[2m | app/tools/browser-fingerprint/__tests__/page.test.tsx[2m > [22m[2mBrowser Fingerprint Page - Component Tests[2m > [22m[2mshould render page with title and description
[22m[39mAn update to %s inside a test was not wrapped in act(...).

When testing, code that causes React state updates should be wrapped into act(...):

act(() => {
  /* fire events that update state */
});
/* assert on the output */

This ensures that you're testing the behavior the user would see in the browser. Learn more at https://react.dev/link/wrap-tests-with-act BrowserFingerprintContent
[90mstderr[2m | app/tools/browser-fingerprint/__tests__/page.test.tsx[2m > [22m[2mBrowser Fingerprint Page - Component Tests[2m > [22m[2mshould show loading state initially
[22m[39mAn update to %s inside a test was not wrapped in act(...).

When testing, code that causes React state updates should be wrapped into act(...):

act(() => {
  /* fire events that update state */
});
/* assert on the output */

This ensures that you're testing the behavior the user would see in the browser. Learn more at https://react.dev/link/wrap-tests-with-act BrowserFingerprintContent
[90mstderr[2m | app/tools/browser-fingerprint/__tests__/page.test.tsx[2m > [22m[2mBrowser Fingerprint Page - Component Tests[2m > [22m[2mshould show loading state initially
[22m[39mAn update to %s inside a test was not wrapped in act(...).

When testing, code that causes React state updates should be wrapped into act(...):

act(() => {
  /* fire events that update state */
});
/* assert on the output */

This ensures that you're testing the behavior the user would see in the browser. Learn more at https://react.dev/link/wrap-tests-with-act BrowserFingerprintContent
[90mstderr[2m | app/tools/browser-fingerprint/__tests__/page.test.tsx[2m > [22m[2mBrowser Fingerprint Page - Component Tests[2m > [22m[2mshould show loading state initially
[22m[39mAn update to %s inside a test was not wrapped in act(...).

When testing, code that causes React state updates should be wrapped into act(...):

act(() => {
  /* fire events that update state */
});
/* assert on the output */

This ensures that you're testing the behavior the user would see in the browser. Learn more at https://react.dev/link/wrap-tests-with-act BrowserFingerprintContent
[90mstderr[2m | app/tools/browser-fingerprint/__tests__/page.test.tsx[2m > [22m[2mBrowser Fingerprint Page - Component Tests[2m > [22m[2mshould show loading state initially
[22m[39mAn update to %s inside a test was not wrapped in act(...).

When testing, code that causes React state updates should be wrapped into act(...):

act(() => {
  /* fire events that update state */
});
/* assert on the output */

This ensures that you're testing the behavior the user would see in the browser. Learn more at https://react.dev/link/wrap-tests-with-act BrowserFingerprintContent
 [32m✓[39m components/ui/__tests__/button.test.tsx [2m([22m[2m3 tests[22m[2m)[22m[90m 17[2mms[22m[39m
 [32m✓[39m components/ui/__tests__/progress.test.tsx [2m([22m[2m7 tests[22m[2m)[22m[90m 74[2mms[22m[39m
 [32m✓[39m app/tools/ip-lookup/__tests__/page.test.tsx [2m([22m[2m3 tests[22m[2m)[22m[90m 77[2mms[22m[39m
 [32m✓[39m app/tools/password-generator/__tests__/page.test.tsx [2m([22m[2m17 tests[22m[2m)[22m[33m 581[2mms[22m[39m
[90mstderr[2m | app/tools/browser-fingerprint/__tests__/page.test.tsx[2m > [22m[2mBrowser Fingerprint Page - Component Tests[2m > [22m[2mshould handle fingerprint collection error
[22m[39mFailed to collect fingerprint: [Error: Collection failed]
 [32m✓[39m app/tools/browser-fingerprint/__tests__/page.test.tsx [2m([22m[2m27 tests[22m[2m)[22m[33m 721[2mms[22m[39m
 [32m✓[39m components/ui/__tests__/input.test.tsx [2m([22m[2m7 tests[22m[2m)[22m[90m 92[2mms[22m[39m
 [32m✓[39m app/tools/prompt-formatter/__tests__/page.test.tsx [2m([22m[2m36 tests[22m[2m)[22m[33m 718[2mms[22m[39m
 [32m✓[39m app/tools/color-contrast/__tests__/page.test.tsx [2m([22m[2m27 tests[22m[2m)[22m[33m 496[2mms[22m[39m
 [32m✓[39m app/tools/tally-counter/__tests__/page.test.tsx [2m([22m[2m22 tests[22m[2m)[22m[33m 926[2mms[22m[39m
 [32m✓[39m app/tools/diff/__tests__/logic.test.ts [2m([22m[2m26 tests[22m[2m)[22m[90m 60[2mms[22m[39m
 [32m✓[39m app/tools/daily-task-summary/__tests__/logic.test.ts [2m([22m[2m21 tests[22m[2m)[22m[90m 39[2mms[22m[39m
 [32m✓[39m app/tools/text-transformer/__tests__/logic.test.ts [2m([22m[2m31 tests[22m[2m)[22m[90m 122[2mms[22m[39m
 [32m✓[39m app/tools/bmi-calculator/__tests__/logic.test.ts [2m([22m[2m34 tests[22m[2m)[22m[90m 75[2mms[22m[39m
 [32m✓[39m hooks/__tests__/useRecentTools.test.tsx [2m([22m[2m8 tests[22m[2m)[22m[33m 326[2mms[22m[39m
[90mstderr[2m | unknown test
[22m[39m[TypeError: Failed to fetch]
 [32m✓[39m app/tools/base64/__tests__/logic.test.ts [2m([22m[2m37 tests[22m[2m)[22m[90m 128[2mms[22m[39m
 [32m✓[39m app/tools/json-to-csv/__tests__/logic.test.ts [2m([22m[2m27 tests[22m[2m)[22m[90m 68[2mms[22m[39m
 [32m✓[39m app/tools/json-beautify/__tests__/logic.test.ts [2m([22m[2m10 tests[22m[2m)[22m[90m 25[2mms[22m[39m
 [32m✓[39m app/tools/qr-code/__tests__/logic.test.ts [2m([22m[2m16 tests[22m[2m)[22m[90m 20[2mms[22m[39m
[90mstderr[2m | app/tools/api-tester/__tests__/page.test.tsx[2m > [22m[2mAPI Tester Page - Component Tests[2m > [22m[2mshould add a new header
[22m[39mEncountered two children with the same key, `%s`. Keys should be unique so that components maintain their identity across updates. Non-unique keys may cause children to be duplicated and/or omitted — the behavior is unsupported and could change in a future version. test-id
[90mstderr[2m | app/tools/pomodoro/__tests__/page.test.tsx[2m > [22m[2mPomodoro Timer Page - Component Tests[2m > [22m[2mshould add a task
[22m[39mIn HTML, %s cannot be a descendant of <%s>.
This will cause a hydration error.%s <button> button 

  <PomodoroTimerPage>
    <main className="mx_auto ma...">
      <div>
      <div className="d_grid gap...">
        <Card>
        <Card className="bd_1px_sol...">
          <article ref={null} className="card bd_1p...">
            <CardHeader>
            <CardContent className="sy_4">
              <div ref={null} className="p_6 pt_0 sy_4">
                <div>
                <div className="sy_2 max-h...">
>                 <button
>                   type="button"
>                   className="p_3 bdr_lg bd_1px_solid bd-c_gray.800 bg_gray.800/50 cursor_pointer trs_all_0.2s op_1 h..."
>                   onClick={function onClick}
>                 >
                    <div className="d_flex ai_...">
>                     <button
>                       type="button"
>                       onClick={function onClick}
>                       className="flex-sh_0 mt_0.5 h_4 w_4 bdr_sm bd_2px_solid bd-c_gray.600 bg_transparent d_flex ai..."
>                     >
                      ...
                    ...
      ...

[90mstderr[2m | app/tools/pomodoro/__tests__/page.test.tsx[2m > [22m[2mPomodoro Timer Page - Component Tests[2m > [22m[2mshould add a task
[22m[39m<%s> cannot contain a nested %s.
See this log for the ancestor stack trace. button <button>
 [32m✓[39m components/features/__tests__/RecentTools.test.tsx [2m([22m[2m6 tests[22m[2m | [22m[33m4 skipped[39m[2m)[22m[90m 8[2mms[22m[39m
[90mstderr[2m | app/tools/gradient-generator/__tests__/page.test.tsx[2m > [22m[2mGradient Generator Page - Component Tests[2m > [22m[2mshould add a new color stop
[22m[39mIn HTML, %s cannot be a descendant of <%s>.
This will cause a hydration error.%s <button> button 

  <GradientGeneratorPage>
    <main className="mx_auto ma...">
      <div>
      <div className="d_grid gri...">
        <div className="sy_6">
          <Card>
          <Card className="bd_1px_sol...">
            <article ref={null} className="card bd_1p...">
              <h2>
              <FieldRoot>
              <FieldRoot>
              <div>
                <div>
                <div className="sy_3">
>                 <button
>                   type="button"
>                   className="d_flex ai_center gap_3 p_3 bdr_lg bg_gray.800/50 bd_1px_solid bd-c_gray.700 cursor_poin..."
>                   onClick={function onClick}
>                 >
                    <input>
                    <div>
                    <Button variant="outline" size="sm" onClick={function onClick}>
>                     <button
>                       className="button button--variant_outline button--size_sm"
>                       onClick={function onClick}
>                       ref={null}
>                     >
                  ...
              ...
        ...
      ...

[90mstderr[2m | app/tools/gradient-generator/__tests__/page.test.tsx[2m > [22m[2mGradient Generator Page - Component Tests[2m > [22m[2mshould add a new color stop
[22m[39m<%s> cannot contain a nested %s.
See this log for the ancestor stack trace. button <button>
 [32m✓[39m app/tools/image-optimizer/__tests__/logic.test.ts [2m([22m[2m25 tests[22m[2m)[22m[90m 19[2mms[22m[39m
 [32m✓[39m app/tools/gradient-generator/__tests__/page.test.tsx [2m([22m[2m24 tests[22m[2m)[22m[33m 406[2mms[22m[39m
 [32m✓[39m app/tools/pomodoro/__tests__/page.test.tsx [2m([22m[2m18 tests[22m[2m)[22m[33m 1069[2mms[22m[39m
   [33m[2m✓[22m[39m Pomodoro Timer Page - Component Tests[2m > [22mshould persist tasks to localStorage [33m357[2mms[22m[39m
 [32m✓[39m app/tools/video-converter/__tests__/logic.test.ts [2m([22m[2m33 tests[22m[2m)[22m[90m 13[2mms[22m[39m
 [32m✓[39m app/tools/password-generator/__tests__/logic.test.ts [2m([22m[2m20 tests[22m[2m)[22m[90m 10[2mms[22m[39m
 [32m✓[39m app/tools/browser-fingerprint/__tests__/utils.test.ts [2m([22m[2m35 tests[22m[2m)[22m[33m 1693[2mms[22m[39m
   [33m[2m✓[22m[39m Browser Fingerprint Utils[2m > [22mgetAudioFingerprint[2m > [22mshould generate audio fingerprint [33m533[2mms[22m[39m
[90mstderr[2m | lib/__tests__/recent-tools.test.ts[2m > [22m[2mRecent Tools Library[2m > [22m[2maddRecentTool[2m > [22m[2mshould handle errors gracefully
[22m[39mFailed to add recent tool: [Error: DB Error]
[90mstderr[2m | lib/__tests__/recent-tools.test.ts[2m > [22m[2mRecent Tools Library[2m > [22m[2mgetRecentTools[2m > [22m[2mshould return empty array on error
[22m[39mFailed to get recent tools: [Error: DB Error]
[90mstderr[2m | lib/__tests__/recent-tools.test.ts[2m > [22m[2mRecent Tools Library[2m > [22m[2mclearRecentTools[2m > [22m[2mshould handle errors gracefully
[22m[39mFailed to clear recent tools: [Error: DB Error]
 [32m✓[39m lib/__tests__/recent-tools.test.ts [2m([22m[2m10 tests[22m[2m)[22m[90m 16[2mms[22m[39m
[90mstderr[2m | app/tools/website-screenshot/__tests__/page.test.tsx[2m > [22m[2mWebsite Screenshot Tool - Component Tests[2m > [22m[2mshould handle screenshot API error
[22m[39mScreenshot error: [Error: Screenshot service returned 500]
[90mstderr[2m | app/tools/website-screenshot/__tests__/page.test.tsx[2m > [22m[2mWebsite Screenshot Tool - Component Tests[2m > [22m[2mshould trigger capture on Enter key press
[22m[39mA component suspended inside an `act` scope, but the `act` call was not awaited. When testing React components that depend on asynchronous data, you must await the result:

await act(() => ...)
 [32m✓[39m app/tools/website-screenshot/__tests__/page.test.tsx [2m([22m[2m22 tests[22m[2m)[22m[33m 1727[2mms[22m[39m
 [32m✓[39m app/tools/encryption-tool/__tests__/utils.test.ts [2m([22m[2m37 tests[22m[2m)[22m[90m 218[2mms[22m[39m
 [32m✓[39m app/tools/api-tester/__tests__/page.test.tsx [2m([22m[2m37 tests[22m[2m)[22m[33m 4105[2mms[22m[39m
   [33m[2m✓[22m[39m API Tester Page - Component Tests[2m > [22mshould enter URL [33m394[2mms[22m[39m
   [33m[2m✓[22m[39m API Tester Page - Component Tests[2m > [22mshould enter header key and value [33m364[2mms[22m[39m
   [33m[2m✓[22m[39m API Tester Page - Component Tests[2m > [22mshould send successful GET request [33m339[2mms[22m[39m
   [33m[2m✓[22m[39m API Tester Page - Component Tests[2m > [22mshould display error message on failed request [33m345[2mms[22m[39m
   [33m[2m✓[22m[39m API Tester Page - Component Tests[2m > [22mshould show invalid JSON error for malformed JSON body [33m359[2mms[22m[39m
[90mstderr[2m | app/tools/currency-converter/__tests__/page.test.tsx[2m > [22m[2mCurrency Converter Page[2m > [22m[2mExchange Rates Loading[2m > [22m[2mdisplays loading state initially
[22m[39mAn update to %s inside a test was not wrapped in act(...).

When testing, code that causes React state updates should be wrapped into act(...):

act(() => {
  /* fire events that update state */
});
/* assert on the output */

This ensures that you're testing the behavior the user would see in the browser. Learn more at https://react.dev/link/wrap-tests-with-act CurrencyConverterContent
[90mstderr[2m | app/tools/currency-converter/__tests__/page.test.tsx[2m > [22m[2mCurrency Converter Page[2m > [22m[2mExchange Rates Loading[2m > [22m[2mdisplays loading state initially
[22m[39mAn update to %s inside a test was not wrapped in act(...).

When testing, code that causes React state updates should be wrapped into act(...):

act(() => {
  /* fire events that update state */
});
/* assert on the output */

This ensures that you're testing the behavior the user would see in the browser. Learn more at https://react.dev/link/wrap-tests-with-act CurrencyConverterContent
[90mstderr[2m | app/tools/currency-converter/__tests__/page.test.tsx[2m > [22m[2mCurrency Converter Page[2m > [22m[2mExchange Rates Loading[2m > [22m[2mdisplays loading state initially
[22m[39mAn update to %s inside a test was not wrapped in act(...).

When testing, code that causes React state updates should be wrapped into act(...):

act(() => {
  /* fire events that update state */
});
/* assert on the output */

This ensures that you're testing the behavior the user would see in the browser. Learn more at https://react.dev/link/wrap-tests-with-act CurrencyConverterContent
[90mstderr[2m | app/tools/currency-converter/__tests__/page.test.tsx[2m > [22m[2mCurrency Converter Page[2m > [22m[2mExchange Rates Loading[2m > [22m[2mdisplays error message when fetch fails
[22m[39mError fetching rates: [Error: Failed to fetch exchange rates]
 [32m✓[39m app/tools/json-markdown-table/__tests__/page.test.tsx [2m([22m[2m22 tests[22m[2m)[22m[33m 935[2mms[22m[39m
 [32m✓[39m app/tools/pdf-tools/__tests__/logic.test.ts [2m([22m[2m47 tests[22m[2m)[22m[90m 17[2mms[22m[39m
 [32m✓[39m app/tools/currency-converter/__tests__/page.test.tsx [2m([22m[2m35 tests[22m[2m)[22m[33m 753[2mms[22m[39m
 [32m✓[39m app/tools/hash-generator/__tests__/logic.test.ts [2m([22m[2m59 tests[22m[2m)[22m[90m 22[2mms[22m[39m
 [32m✓[39m app/tools/split-bill/__tests__/logic.test.ts [2m([22m[2m26 tests[22m[2m)[22m[90m 12[2mms[22m[39m
 [32m✓[39m app/tools/unit-converter/__tests__/page.test.tsx [2m([22m[2m29 tests[22m[2m)[22m[33m 348[2mms[22m[39m

[2m Test Files [22m [1m[32m47 passed[39m[22m[90m (47)[39m
[2m      Tests [22m [1m[32m1010 passed[39m[22m[2m | [22m[33m4 skipped[39m[90m (1014)[39m
[2m   Start at [22m 08:40:38
[2m   Duration [22m 12.08s[2m (transform 0ms, setup 4.72s, collect 12.51s, tests 17.30s, environment 0ms, prepare 11.70s)[22m

